
*** Running vivado
    with args -log system_wrapper.vdi -applog -m64 -product Vivado -messageDb vivado.pb -mode batch -source system_wrapper.tcl -notrace



****** Vivado v2025.2 (64-bit)
  **** SW Build 6299465 on Fri Nov 14 19:35:11 GMT 2025
  **** IP Build 6300035 on Fri Nov 14 10:48:45 MST 2025
  **** SharedData Build 6298862 on Thu Nov 13 04:50:51 MST 2025
  **** Start of session at: Mon Jun 29 19:34:38 2026
    ** Copyright 1986-2022 Xilinx, Inc. All Rights Reserved.
    ** Copyright 2022-2025 Advanced Micro Devices, Inc. All Rights Reserved.

source system_wrapper.tcl -notrace
INFO: [IP_Flow 19-234] Refreshing IP repositories
WARNING: [IP_Flow 19-2248] Failed to load user IP repository 'c:/Users/holy_two/projeto_vivado/space-invaders-fpga/vivado/Zybo-Z7-20-HDMI/repo/vivado-library'; Can't find the specified path.
If this directory should no longer be in your list of user repositories, go to the IP Settings dialog and remove it.
INFO: [IP_Flow 19-2313] Loaded Vivado IP repository 'C:/AMDDesignTools/2025.2/Vivado/data/ip'.
WARNING: [IP_Flow 19-4995] The host OS only allows 260 characters in a normal path. The IP cache path is more than 80 characters. If you experience issues with IP caching, please consider changing the IP cache to a location with a shorter path. Alternately consider using the OS subst command to map part of the path to a drive letter. 
Current IP cache path is C:/Users/holy_two/projeto_vivado/space-invaders-fpga/vivado/vivado_proj_hdmi/zybo_hdmi.cache/ip 
WARNING: [IP_Flow 19-12246] XCI file 'c:/Users/holy_two/projeto_vivado/space-invaders-fpga/vivado/vivado_proj_hdmi/zybo_hdmi.srcs/sources_1/bd/system/ip/system_axis_subset_converter_0_0/system_axis_subset_converter_0_0.xci' contents have changed since it was last written.
Command: link_design -top system_wrapper -part xc7z020clg400-1
Design is defaulting to srcset: sources_1
Design is defaulting to constrset: constrs_1
INFO: [Device 21-403] Loading part xc7z020clg400-1
INFO: [Project 1-5699] Read binary netlist with skipMacroContent - 1
INFO: [Project 1-454] Reading design checkpoint 'c:/Users/holy_two/projeto_vivado/space-invaders-fpga/vivado/vivado_proj_hdmi/zybo_hdmi.gen/sources_1/bd/system/ip/system_axi_gpio_0_0/system_axi_gpio_0_0.dcp' for cell 'system_i/axi_gpio_0'
INFO: [Project 1-454] Reading design checkpoint 'c:/Users/holy_two/projeto_vivado/space-invaders-fpga/vivado/vivado_proj_hdmi/zybo_hdmi.gen/sources_1/bd/system/ip/system_axi_mem_intercon_0/system_axi_mem_intercon_0.dcp' for cell 'system_i/axi_mem_intercon'
INFO: [Project 1-454] Reading design checkpoint 'c:/Users/holy_two/projeto_vivado/space-invaders-fpga/vivado/vivado_proj_hdmi/zybo_hdmi.gen/sources_1/bd/system/ip/system_axi_vdma_0_0/system_axi_vdma_0_0.dcp' for cell 'system_i/axi_vdma_0'
INFO: [Project 1-454] Reading design checkpoint 'c:/Users/holy_two/projeto_vivado/space-invaders-fpga/vivado/vivado_proj_hdmi/zybo_hdmi.gen/sources_1/bd/system/ip/system_axis_subset_converter_0_0/system_axis_subset_converter_0_0.dcp' for cell 'system_i/axis_subset_converter_0'
INFO: [Project 1-454] Reading design checkpoint 'c:/Users/holy_two/projeto_vivado/space-invaders-fpga/vivado/vivado_proj_hdmi/zybo_hdmi.gen/sources_1/bd/system/ip/system_clk_wiz_0_0/system_clk_wiz_0_0.dcp' for cell 'system_i/clk_wiz_0'
INFO: [Project 1-454] Reading design checkpoint 'c:/Users/holy_two/projeto_vivado/space-invaders-fpga/vivado/vivado_proj_hdmi/zybo_hdmi.gen/sources_1/bd/system/ip/system_processing_system7_0_0/system_processing_system7_0_0.dcp' for cell 'system_i/processing_system7_0'
INFO: [Project 1-454] Reading design checkpoint 'c:/Users/holy_two/projeto_vivado/space-invaders-fpga/vivado/vivado_proj_hdmi/zybo_hdmi.gen/sources_1/bd/system/ip/system_ps7_0_axi_periph_0/system_ps7_0_axi_periph_0.dcp' for cell 'system_i/ps7_0_axi_periph'
INFO: [Project 1-454] Reading design checkpoint 'c:/Users/holy_two/projeto_vivado/space-invaders-fpga/vivado/vivado_proj_hdmi/zybo_hdmi.gen/sources_1/bd/system/ip/system_rgb2dvi_0_0/system_rgb2dvi_0_0.dcp' for cell 'system_i/rgb2dvi_0'
INFO: [Project 1-454] Reading design checkpoint 'c:/Users/holy_two/projeto_vivado/space-invaders-fpga/vivado/vivado_proj_hdmi/zybo_hdmi.gen/sources_1/bd/system/ip/system_rst_100M_0/system_rst_100M_0.dcp' for cell 'system_i/rst_100M'
INFO: [Project 1-454] Reading design checkpoint 'c:/Users/holy_two/projeto_vivado/space-invaders-fpga/vivado/vivado_proj_hdmi/zybo_hdmi.gen/sources_1/bd/system/ip/system_rst_pix_0/system_rst_pix_0.dcp' for cell 'system_i/rst_pix'
INFO: [Project 1-454] Reading design checkpoint 'c:/Users/holy_two/projeto_vivado/space-invaders-fpga/vivado/vivado_proj_hdmi/zybo_hdmi.gen/sources_1/bd/system/ip/system_v_axi4s_vid_out_0_0/system_v_axi4s_vid_out_0_0.dcp' for cell 'system_i/v_axi4s_vid_out_0'
INFO: [Project 1-454] Reading design checkpoint 'c:/Users/holy_two/projeto_vivado/space-invaders-fpga/vivado/vivado_proj_hdmi/zybo_hdmi.gen/sources_1/bd/system/ip/system_v_tc_0_0/system_v_tc_0_0.dcp' for cell 'system_i/v_tc_0'
Netlist sorting complete. Time (s): cpu = 00:00:01 ; elapsed = 00:00:00.278 . Memory (MB): peak = 898.012 ; gain = 0.000
INFO: [Netlist 29-17] Analyzing 218 Unisim elements for replacement
INFO: [Netlist 29-28] Unisim Transformation completed in 0 CPU seconds
INFO: [Project 1-479] Netlist was created with Vivado 2025.2
INFO: [Project 1-570] Preparing netlist for logic optimization
WARNING: [Opt 31-32] Removing redundant IBUF since it is not being driven by a top-level port. system_i/clk_wiz_0/inst/clkin1_ibufg 
Resolution: The tool has removed redundant IBUF. To resolve this warning, check for redundant IBUF in the input design.
WARNING: [Constraints 18-550] Could not create 'IBUF_LOW_PWR' constraint because net 'system_i/clk_wiz_0/clk_in1' is not directly connected to top level port. 'IBUF_LOW_PWR' is ignored for synthesis but preserved for implementation.
Parsing XDC File [c:/Users/holy_two/projeto_vivado/space-invaders-fpga/vivado/vivado_proj_hdmi/zybo_hdmi.gen/sources_1/bd/system/ip/system_processing_system7_0_0/system_processing_system7_0_0.xdc] for cell 'system_i/processing_system7_0/inst'
Finished Parsing XDC File [c:/Users/holy_two/projeto_vivado/space-invaders-fpga/vivado/vivado_proj_hdmi/zybo_hdmi.gen/sources_1/bd/system/ip/system_processing_system7_0_0/system_processing_system7_0_0.xdc] for cell 'system_i/processing_system7_0/inst'
Parsing XDC File [c:/Users/holy_two/projeto_vivado/space-invaders-fpga/vivado/vivado_proj_hdmi/zybo_hdmi.gen/sources_1/bd/system/ip/system_clk_wiz_0_0/system_clk_wiz_0_0_board.xdc] for cell 'system_i/clk_wiz_0/inst'
Finished Parsing XDC File [c:/Users/holy_two/projeto_vivado/space-invaders-fpga/vivado/vivado_proj_hdmi/zybo_hdmi.gen/sources_1/bd/system/ip/system_clk_wiz_0_0/system_clk_wiz_0_0_board.xdc] for cell 'system_i/clk_wiz_0/inst'
Parsing XDC File [c:/Users/holy_two/projeto_vivado/space-invaders-fpga/vivado/vivado_proj_hdmi/zybo_hdmi.gen/sources_1/bd/system/ip/system_clk_wiz_0_0/system_clk_wiz_0_0.xdc] for cell 'system_i/clk_wiz_0/inst'
INFO: [Timing 38-35] Done setting XDC timing constraints. [c:/Users/holy_two/projeto_vivado/space-invaders-fpga/vivado/vivado_proj_hdmi/zybo_hdmi.gen/sources_1/bd/system/ip/system_clk_wiz_0_0/system_clk_wiz_0_0.xdc:54]
INFO: [Timing 38-2] Deriving generated clocks [c:/Users/holy_two/projeto_vivado/space-invaders-fpga/vivado/vivado_proj_hdmi/zybo_hdmi.gen/sources_1/bd/system/ip/system_clk_wiz_0_0/system_clk_wiz_0_0.xdc:54]
Finished Parsing XDC File [c:/Users/holy_two/projeto_vivado/space-invaders-fpga/vivado/vivado_proj_hdmi/zybo_hdmi.gen/sources_1/bd/system/ip/system_clk_wiz_0_0/system_clk_wiz_0_0.xdc] for cell 'system_i/clk_wiz_0/inst'
Parsing XDC File [c:/Users/holy_two/projeto_vivado/space-invaders-fpga/vivado/vivado_proj_hdmi/zybo_hdmi.gen/sources_1/bd/system/ip/system_rst_100M_0/system_rst_100M_0_board.xdc] for cell 'system_i/rst_100M/U0'
Finished Parsing XDC File [c:/Users/holy_two/projeto_vivado/space-invaders-fpga/vivado/vivado_proj_hdmi/zybo_hdmi.gen/sources_1/bd/system/ip/system_rst_100M_0/system_rst_100M_0_board.xdc] for cell 'system_i/rst_100M/U0'
Parsing XDC File [c:/Users/holy_two/projeto_vivado/space-invaders-fpga/vivado/vivado_proj_hdmi/zybo_hdmi.gen/sources_1/bd/system/ip/system_rst_pix_0/system_rst_pix_0_board.xdc] for cell 'system_i/rst_pix/U0'
Finished Parsing XDC File [c:/Users/holy_two/projeto_vivado/space-invaders-fpga/vivado/vivado_proj_hdmi/zybo_hdmi.gen/sources_1/bd/system/ip/system_rst_pix_0/system_rst_pix_0_board.xdc] for cell 'system_i/rst_pix/U0'
Parsing XDC File [c:/Users/holy_two/projeto_vivado/space-invaders-fpga/vivado/vivado_proj_hdmi/zybo_hdmi.gen/sources_1/bd/system/ip/system_axi_vdma_0_0/system_axi_vdma_0_0.xdc] for cell 'system_i/axi_vdma_0/U0'
Finished Parsing XDC File [c:/Users/holy_two/projeto_vivado/space-invaders-fpga/vivado/vivado_proj_hdmi/zybo_hdmi.gen/sources_1/bd/system/ip/system_axi_vdma_0_0/system_axi_vdma_0_0.xdc] for cell 'system_i/axi_vdma_0/U0'
Parsing XDC File [c:/Users/holy_two/projeto_vivado/space-invaders-fpga/vivado/vivado_proj_hdmi/zybo_hdmi.gen/sources_1/bd/system/ip/system_rgb2dvi_0_0/src/rgb2dvi.xdc] for cell 'system_i/rgb2dvi_0/U0'
Finished Parsing XDC File [c:/Users/holy_two/projeto_vivado/space-invaders-fpga/vivado/vivado_proj_hdmi/zybo_hdmi.gen/sources_1/bd/system/ip/system_rgb2dvi_0_0/src/rgb2dvi.xdc] for cell 'system_i/rgb2dvi_0/U0'
Parsing XDC File [c:/Users/holy_two/projeto_vivado/space-invaders-fpga/vivado/vivado_proj_hdmi/zybo_hdmi.gen/sources_1/bd/system/ip/system_axi_gpio_0_0/system_axi_gpio_0_0_board.xdc] for cell 'system_i/axi_gpio_0/U0'
Finished Parsing XDC File [c:/Users/holy_two/projeto_vivado/space-invaders-fpga/vivado/vivado_proj_hdmi/zybo_hdmi.gen/sources_1/bd/system/ip/system_axi_gpio_0_0/system_axi_gpio_0_0_board.xdc] for cell 'system_i/axi_gpio_0/U0'
Parsing XDC File [c:/Users/holy_two/projeto_vivado/space-invaders-fpga/vivado/vivado_proj_hdmi/zybo_hdmi.gen/sources_1/bd/system/ip/system_ps7_0_axi_periph_0/bd_0/ip/ip_1/bd_7aa6_psr_aclk_0_board.xdc] for cell 'system_i/ps7_0_axi_periph/inst/clk_map/psr_aclk/U0'
Finished Parsing XDC File [c:/Users/holy_two/projeto_vivado/space-invaders-fpga/vivado/vivado_proj_hdmi/zybo_hdmi.gen/sources_1/bd/system/ip/system_ps7_0_axi_periph_0/bd_0/ip/ip_1/bd_7aa6_psr_aclk_0_board.xdc] for cell 'system_i/ps7_0_axi_periph/inst/clk_map/psr_aclk/U0'
Parsing XDC File [c:/Users/holy_two/projeto_vivado/space-invaders-fpga/vivado/vivado_proj_hdmi/zybo_hdmi.gen/sources_1/bd/system/ip/system_ps7_0_axi_periph_0/smartconnect.xdc] for cell 'system_i/ps7_0_axi_periph/inst'
Finished Parsing XDC File [c:/Users/holy_two/projeto_vivado/space-invaders-fpga/vivado/vivado_proj_hdmi/zybo_hdmi.gen/sources_1/bd/system/ip/system_ps7_0_axi_periph_0/smartconnect.xdc] for cell 'system_i/ps7_0_axi_periph/inst'
Parsing XDC File [c:/Users/holy_two/projeto_vivado/space-invaders-fpga/vivado/vivado_proj_hdmi/zybo_hdmi.gen/sources_1/bd/system/ip/system_axi_mem_intercon_0/bd_0/ip/ip_1/bd_5cbf_psr_aclk_0_board.xdc] for cell 'system_i/axi_mem_intercon/inst/clk_map/psr_aclk/U0'
Finished Parsing XDC File [c:/Users/holy_two/projeto_vivado/space-invaders-fpga/vivado/vivado_proj_hdmi/zybo_hdmi.gen/sources_1/bd/system/ip/system_axi_mem_intercon_0/bd_0/ip/ip_1/bd_5cbf_psr_aclk_0_board.xdc] for cell 'system_i/axi_mem_intercon/inst/clk_map/psr_aclk/U0'
Parsing XDC File [c:/Users/holy_two/projeto_vivado/space-invaders-fpga/vivado/vivado_proj_hdmi/zybo_hdmi.gen/sources_1/bd/system/ip/system_axi_mem_intercon_0/smartconnect.xdc] for cell 'system_i/axi_mem_intercon/inst'
Finished Parsing XDC File [c:/Users/holy_two/projeto_vivado/space-invaders-fpga/vivado/vivado_proj_hdmi/zybo_hdmi.gen/sources_1/bd/system/ip/system_axi_mem_intercon_0/smartconnect.xdc] for cell 'system_i/axi_mem_intercon/inst'
Parsing XDC File [C:/Users/holy_two/projeto_vivado/space-invaders-fpga/vivado/hdmi.xdc]
Finished Parsing XDC File [C:/Users/holy_two/projeto_vivado/space-invaders-fpga/vivado/hdmi.xdc]
Parsing XDC File [c:/Users/holy_two/projeto_vivado/space-invaders-fpga/vivado/vivado_proj_hdmi/zybo_hdmi.gen/sources_1/bd/system/ip/system_axi_vdma_0_0/system_axi_vdma_0_0_clocks.xdc] for cell 'system_i/axi_vdma_0/U0'
Finished Parsing XDC File [c:/Users/holy_two/projeto_vivado/space-invaders-fpga/vivado/vivado_proj_hdmi/zybo_hdmi.gen/sources_1/bd/system/ip/system_axi_vdma_0_0/system_axi_vdma_0_0_clocks.xdc] for cell 'system_i/axi_vdma_0/U0'
Parsing XDC File [c:/Users/holy_two/projeto_vivado/space-invaders-fpga/vivado/vivado_proj_hdmi/zybo_hdmi.gen/sources_1/bd/system/ip/system_v_tc_0_0/system_v_tc_0_0_clocks.xdc] for cell 'system_i/v_tc_0/U0'
Finished Parsing XDC File [c:/Users/holy_two/projeto_vivado/space-invaders-fpga/vivado/vivado_proj_hdmi/zybo_hdmi.gen/sources_1/bd/system/ip/system_v_tc_0_0/system_v_tc_0_0_clocks.xdc] for cell 'system_i/v_tc_0/U0'
Parsing XDC File [c:/Users/holy_two/projeto_vivado/space-invaders-fpga/vivado/vivado_proj_hdmi/zybo_hdmi.gen/sources_1/bd/system/ip/system_v_axi4s_vid_out_0_0/system_v_axi4s_vid_out_0_0_clocks.xdc] for cell 'system_i/v_axi4s_vid_out_0/inst'
Finished Parsing XDC File [c:/Users/holy_two/projeto_vivado/space-invaders-fpga/vivado/vivado_proj_hdmi/zybo_hdmi.gen/sources_1/bd/system/ip/system_v_axi4s_vid_out_0_0/system_v_axi4s_vid_out_0_0_clocks.xdc] for cell 'system_i/v_axi4s_vid_out_0/inst'
Parsing XDC File [c:/Users/holy_two/projeto_vivado/space-invaders-fpga/vivado/vivado_proj_hdmi/zybo_hdmi.gen/sources_1/bd/system/ip/system_rgb2dvi_0_0/src/rgb2dvi_clocks.xdc] for cell 'system_i/rgb2dvi_0/U0'
Finished Parsing XDC File [c:/Users/holy_two/projeto_vivado/space-invaders-fpga/vivado/vivado_proj_hdmi/zybo_hdmi.gen/sources_1/bd/system/ip/system_rgb2dvi_0_0/src/rgb2dvi_clocks.xdc] for cell 'system_i/rgb2dvi_0/U0'
WARNING: [XPM_CDC_SINGLE: TCL-1000] The source and destination clocks are the same. 
     Instance: system_i/axi_vdma_0/U0/I_RST_MODULE/GEN_RESET_FOR_MM2S.RESET_I/GEN_RESET_FOR_ASYNC.AXIS_RESET_CDC_I 
  This will add unnecessary latency to the design. Please check the design for the following: 
 1) Manually instantiated XPM_CDC modules: AMD recommends that you remove these modules. 
 2) AMD IP that contains XPM_CDC modules: Verify the connections to the IP to determine whether you can safely ignore this message.
 [C:/AMDDesignTools/2025.2/Vivado/data/ip/xpm/xpm_cdc/tcl/xpm_cdc_single.tcl:5]
WARNING: [XPM_CDC_SINGLE: TCL-1000] The source and destination clocks are the same. 
     Instance: system_i/axi_vdma_0/U0/I_RST_MODULE/GEN_RESET_FOR_MM2S.RESET_I/GEN_MIN_FOR_ASYNC.LITE_IDLE_CDC_I 
  This will add unnecessary latency to the design. Please check the design for the following: 
 1) Manually instantiated XPM_CDC modules: AMD recommends that you remove these modules. 
 2) AMD IP that contains XPM_CDC modules: Verify the connections to the IP to determine whether you can safely ignore this message.
 [C:/AMDDesignTools/2025.2/Vivado/data/ip/xpm/xpm_cdc/tcl/xpm_cdc_single.tcl:5]
WARNING: [XPM_CDC_SINGLE: TCL-1000] The source and destination clocks are the same. 
     Instance: system_i/axi_vdma_0/U0/I_RST_MODULE/GEN_RESET_FOR_MM2S.RESET_I/GEN_MIN_FOR_ASYNC.LITE_MIN_CDC_I 
  This will add unnecessary latency to the design. Please check the design for the following: 
 1) Manually instantiated XPM_CDC modules: AMD recommends that you remove these modules. 
 2) AMD IP that contains XPM_CDC modules: Verify the connections to the IP to determine whether you can safely ignore this message.
 [C:/AMDDesignTools/2025.2/Vivado/data/ip/xpm/xpm_cdc/tcl/xpm_cdc_single.tcl:5]
WARNING: [XPM_CDC_SINGLE: TCL-1000] The source and destination clocks are the same. 
     Instance: system_i/axi_vdma_0/U0/I_RST_MODULE/GEN_RESET_FOR_MM2S.RESET_I/GEN_MIN_FOR_ASYNC.AXIS_IDLE_CDC_I 
  This will add unnecessary latency to the design. Please check the design for the following: 
 1) Manually instantiated XPM_CDC modules: AMD recommends that you remove these modules. 
 2) AMD IP that contains XPM_CDC modules: Verify the connections to the IP to determine whether you can safely ignore this message.
 [C:/AMDDesignTools/2025.2/Vivado/data/ip/xpm/xpm_cdc/tcl/xpm_cdc_single.tcl:5]
WARNING: [XPM_CDC_SINGLE: TCL-1000] The source and destination clocks are the same. 
     Instance: system_i/axi_vdma_0/U0/I_RST_MODULE/GEN_RESET_FOR_MM2S.RESET_I/GEN_MIN_FOR_ASYNC.AXIS_MIN_CDC_I 
  This will add unnecessary latency to the design. Please check the design for the following: 
 1) Manually instantiated XPM_CDC modules: AMD recommends that you remove these modules. 
 2) AMD IP that contains XPM_CDC modules: Verify the connections to the IP to determine whether you can safely ignore this message.
 [C:/AMDDesignTools/2025.2/Vivado/data/ip/xpm/xpm_cdc/tcl/xpm_cdc_single.tcl:5]
WARNING: [XPM_CDC_SINGLE: TCL-1000] The source and destination clocks are the same. 
     Instance: system_i/axi_vdma_0/U0/I_RST_MODULE/GEN_RESET_FOR_MM2S.RESET_I/GEN_RESET_FOR_ASYNC.HARD_RESET_CDC_I 
  This will add unnecessary latency to the design. Please check the design for the following: 
 1) Manually instantiated XPM_CDC modules: AMD recommends that you remove these modules. 
 2) AMD IP that contains XPM_CDC modules: Verify the connections to the IP to determine whether you can safely ignore this message.
 [C:/AMDDesignTools/2025.2/Vivado/data/ip/xpm/xpm_cdc/tcl/xpm_cdc_single.tcl:5]
WARNING: [XPM_CDC_SINGLE: TCL-1000] The source and destination clocks are the same. 
     Instance: system_i/axi_vdma_0/U0/AXI_LITE_REG_INTERFACE_I/GEN_MM2S_LITE_CROSSINGS.GEN_MM2S_CROSSINGS_ASYNC.MM2S_INTRPT_CROSSING_I 
  This will add unnecessary latency to the design. Please check the design for the following: 
 1) Manually instantiated XPM_CDC modules: AMD recommends that you remove these modules. 
 2) AMD IP that contains XPM_CDC modules: Verify the connections to the IP to determine whether you can safely ignore this message.
 [C:/AMDDesignTools/2025.2/Vivado/data/ip/xpm/xpm_cdc/tcl/xpm_cdc_single.tcl:5]
INFO: [Project 1-1714] 88 XPM XDC files have been applied to the design.
INFO: [Opt 31-138] Pushed 0 inverter(s) to 0 load pin(s).
Netlist sorting complete. Time (s): cpu = 00:00:00 ; elapsed = 00:00:00.003 . Memory (MB): peak = 1613.801 ; gain = 0.000
INFO: [Project 1-111] Unisim Transformation Summary:
  A total of 25 instances were transformed.
  RAM32M => RAM32M (RAMD32(x6), RAMS32(x2)): 23 instances
  RAM32X1D => RAM32X1D (RAMD32(x2)): 2 instances

25 Infos, 12 Warnings, 0 Critical Warnings and 0 Errors encountered.
link_design completed successfully
link_design: Time (s): cpu = 00:00:12 ; elapsed = 00:00:12 . Memory (MB): peak = 1613.801 ; gain = 1020.707
Command: opt_design
Attempting to get a license for feature 'Implementation' and/or device 'xc7z020'
INFO: [Common 17-349] Got license for feature 'Implementation' and/or device 'xc7z020'
Running DRC as a precondition to command opt_design

Starting DRC Task
INFO: [DRC 23-27] Running DRC with 2 threads
INFO: [Project 1-461] DRC finished with 0 Errors
INFO: [Project 1-462] Please refer to the DRC report (report_drc) for more information.

Time (s): cpu = 00:00:01 ; elapsed = 00:00:00.535 . Memory (MB): peak = 1613.801 ; gain = 0.000

Starting Cache Timing Information Task
INFO: [Timing 38-35] Done setting XDC timing constraints.
Ending Cache Timing Information Task | Checksum: 1b95b9e24

Time (s): cpu = 00:00:00 ; elapsed = 00:00:00.309 . Memory (MB): peak = 1613.801 ; gain = 0.000

Starting Logic Optimization Task

Phase 1 Initialization

Phase 1.1 Core Generation And Design Setup
Phase 1.1 Core Generation And Design Setup | Checksum: 1b95b9e24

Time (s): cpu = 00:00:00 ; elapsed = 00:00:00.009 . Memory (MB): peak = 2041.387 ; gain = 0.000

Phase 1.2 Setup Constraints And Sort Netlist
Phase 1.2 Setup Constraints And Sort Netlist | Checksum: 1b95b9e24

Time (s): cpu = 00:00:00 ; elapsed = 00:00:00.015 . Memory (MB): peak = 2041.387 ; gain = 0.000
Phase 1 Initialization | Checksum: 1b95b9e24

Time (s): cpu = 00:00:00 ; elapsed = 00:00:00.017 . Memory (MB): peak = 2041.387 ; gain = 0.000

Phase 2 Timer Update And Timing Data Collection

Phase 2.1 Detect if minReqCache needed
Phase 2.1 Detect if minReqCache needed | Checksum: 1b95b9e24

Time (s): cpu = 00:00:00 ; elapsed = 00:00:00.035 . Memory (MB): peak = 2041.387 ; gain = 0.000

Phase 2.2 Timer Update
Phase 2.2 Timer Update | Checksum: 1b95b9e24

Time (s): cpu = 00:00:00 ; elapsed = 00:00:00.117 . Memory (MB): peak = 2041.387 ; gain = 0.000

Phase 2.3 Timing Data Collection
Phase 2.3 Timing Data Collection | Checksum: 1b95b9e24

Time (s): cpu = 00:00:00 ; elapsed = 00:00:00.125 . Memory (MB): peak = 2041.387 ; gain = 0.000
Phase 2 Timer Update And Timing Data Collection | Checksum: 1b95b9e24

Time (s): cpu = 00:00:00 ; elapsed = 00:00:00.126 . Memory (MB): peak = 2041.387 ; gain = 0.000

Phase 3 Retarget
INFO: [Opt 31-1851] Number of loadless carry chains removed were: 0
INFO: [Opt 31-1834] Total Chains To Be Transformed Were: 0 AND Number of Transformed insts Created are: 0
INFO: [Opt 31-1566] Pulled 4 inverters resulting in an inversion of 28 pins
INFO: [Opt 31-138] Pushed 12 inverter(s) to 50 load pin(s).
INFO: [Opt 31-49] Retargeted 0 cell(s).
Phase 3 Retarget | Checksum: 1a525a770

Time (s): cpu = 00:00:01 ; elapsed = 00:00:00.351 . Memory (MB): peak = 2041.387 ; gain = 0.000
Retarget | Checksum: 1a525a770
INFO: [Opt 31-389] Phase Retarget created 112 cells and removed 425 cells
INFO: [Opt 31-1021] In phase Retarget, 96 netlist objects are constrained preventing optimization. Please run opt_design with -debug_log to get more detail. 

Phase 4 Constant propagation
INFO: [Opt 31-138] Pushed 0 inverter(s) to 0 load pin(s).
Phase 4 Constant propagation | Checksum: 1adc0fc2f

Time (s): cpu = 00:00:01 ; elapsed = 00:00:00.455 . Memory (MB): peak = 2041.387 ; gain = 0.000
Constant propagation | Checksum: 1adc0fc2f
INFO: [Opt 31-389] Phase Constant propagation created 100 cells and removed 326 cells
INFO: [Opt 31-1021] In phase Constant propagation, 88 netlist objects are constrained preventing optimization. Please run opt_design with -debug_log to get more detail. 

Phase 5 Sweep
INFO: [Constraints 18-11670] Building netlist checker database with flags, 0x8
Done building netlist checker database: Time (s): cpu = 00:00:00 ; elapsed = 00:00:00.005 . Memory (MB): peak = 2041.387 ; gain = 0.000
INFO: [Constraints 18-11670] Building netlist checker database with flags, 0x8
Done building netlist checker database: Time (s): cpu = 00:00:00 ; elapsed = 00:00:00.003 . Memory (MB): peak = 2041.387 ; gain = 0.000
Phase 5 Sweep | Checksum: 20460af29

Time (s): cpu = 00:00:02 ; elapsed = 00:00:01 . Memory (MB): peak = 2041.387 ; gain = 0.000
Sweep | Checksum: 20460af29
INFO: [Opt 31-389] Phase Sweep created 0 cells and removed 493 cells
INFO: [Opt 31-1021] In phase Sweep, 144 netlist objects are constrained preventing optimization. Please run opt_design with -debug_log to get more detail. 

Phase 6 BUFG optimization
Phase 6 BUFG optimization | Checksum: 20460af29

Time (s): cpu = 00:00:02 ; elapsed = 00:00:01 . Memory (MB): peak = 2041.387 ; gain = 0.000
BUFG optimization | Checksum: 20460af29
INFO: [Opt 31-662] Phase BUFG optimization created 0 cells of which 0 are BUFGs and removed 0 cells.

Phase 7 Shift Register Optimization
INFO: [Opt 31-1064] SRL Remap converted 0 SRLs to 0 registers and converted 0 registers of register chains to 0 SRLs
Phase 7 Shift Register Optimization | Checksum: 20460af29

Time (s): cpu = 00:00:02 ; elapsed = 00:00:01 . Memory (MB): peak = 2041.387 ; gain = 0.000
Shift Register Optimization | Checksum: 20460af29
INFO: [Opt 31-389] Phase Shift Register Optimization created 0 cells and removed 0 cells

Phase 8 Post Processing Netlist
Phase 8 Post Processing Netlist | Checksum: 1a81fb98c

Time (s): cpu = 00:00:02 ; elapsed = 00:00:01 . Memory (MB): peak = 2041.387 ; gain = 0.000
Post Processing Netlist | Checksum: 1a81fb98c
INFO: [Opt 31-389] Phase Post Processing Netlist created 0 cells and removed 0 cells
INFO: [Opt 31-1021] In phase Post Processing Netlist, 103 netlist objects are constrained preventing optimization. Please run opt_design with -debug_log to get more detail. 

Phase 9 Finalization

Phase 9.1 Finalizing Design Cores and Updating Shapes
Phase 9.1 Finalizing Design Cores and Updating Shapes | Checksum: 16a13954b

Time (s): cpu = 00:00:02 ; elapsed = 00:00:01 . Memory (MB): peak = 2041.387 ; gain = 0.000

Phase 9.2 Verifying Netlist Connectivity

Starting Connectivity Check Task

Time (s): cpu = 00:00:00 ; elapsed = 00:00:00.013 . Memory (MB): peak = 2041.387 ; gain = 0.000
Phase 9.2 Verifying Netlist Connectivity | Checksum: 16a13954b

Time (s): cpu = 00:00:02 ; elapsed = 00:00:01 . Memory (MB): peak = 2041.387 ; gain = 0.000
Phase 9 Finalization | Checksum: 16a13954b

Time (s): cpu = 00:00:02 ; elapsed = 00:00:01 . Memory (MB): peak = 2041.387 ; gain = 0.000
Opt_design Change Summary
=========================


-------------------------------------------------------------------------------------------------------------------------
|  Phase                        |  #Cells created  |  #Cells Removed  |  #Constrained objects preventing optimizations  |
-------------------------------------------------------------------------------------------------------------------------
|  Retarget                     |             112  |             425  |                                             96  |
|  Constant propagation         |             100  |             326  |                                             88  |
|  Sweep                        |               0  |             493  |                                            144  |
|  BUFG optimization            |               0  |               0  |                                              0  |
|  Shift Register Optimization  |               0  |               0  |                                              0  |
|  Post Processing Netlist      |               0  |               0  |                                            103  |
-------------------------------------------------------------------------------------------------------------------------


Ending Logic Optimization Task | Checksum: 16a13954b

Time (s): cpu = 00:00:02 ; elapsed = 00:00:01 . Memory (MB): peak = 2041.387 ; gain = 0.000

Starting Power Optimization Task
INFO: [Pwropt 34-132] Skipping clock gating for clocks with a period < 2.00 ns.
INFO: [Pwropt 34-9] Applying IDT optimizations ...
INFO: [Pwropt 34-10] Applying ODC optimizations ...
INFO: [Timing 38-35] Done setting XDC timing constraints.
Running Vector-less Activity Propagation...

Finished Running Vector-less Activity Propagation


Starting PowerOpt Patch Enables Task
INFO: [Pwropt 34-162] WRITE_MODE attribute of 0 BRAM(s) out of a total of 6 has been updated to save power. Run report_power_opt to get a complete listing of the BRAMs updated.
INFO: [Pwropt 34-201] Structural ODC has moved 0 WE to EN ports
Number of BRAM Ports augmented: 2 newly gated: 0 Total Ports: 12
Ending PowerOpt Patch Enables Task | Checksum: 1929a82b9

Time (s): cpu = 00:00:00 ; elapsed = 00:00:00.036 . Memory (MB): peak = 2043.680 ; gain = 0.000
Ending Power Optimization Task | Checksum: 1929a82b9

Time (s): cpu = 00:00:03 ; elapsed = 00:00:01 . Memory (MB): peak = 2043.680 ; gain = 2.293

Starting Final Cleanup Task
Ending Final Cleanup Task | Checksum: 1929a82b9

Time (s): cpu = 00:00:00 ; elapsed = 00:00:00.001 . Memory (MB): peak = 2043.680 ; gain = 0.000
Netlist sorting complete. Time (s): cpu = 00:00:00 ; elapsed = 00:00:00.006 . Memory (MB): peak = 2043.680 ; gain = 0.000
INFO: [Common 17-83] Releasing license: Implementation
56 Infos, 12 Warnings, 0 Critical Warnings and 0 Errors encountered.
opt_design completed successfully
opt_design: Time (s): cpu = 00:00:08 ; elapsed = 00:00:06 . Memory (MB): peak = 2043.680 ; gain = 429.879
INFO: [Vivado 12-24828] Executing command : report_drc -file system_wrapper_drc_opted.rpt -pb system_wrapper_drc_opted.pb -rpx system_wrapper_drc_opted.rpx
Command: report_drc -file system_wrapper_drc_opted.rpt -pb system_wrapper_drc_opted.pb -rpx system_wrapper_drc_opted.rpx
INFO: [IP_Flow 19-1839] IP Catalog is up to date.
INFO: [DRC 23-27] Running DRC with 2 threads
INFO: [Vivado_Tcl 2-168] The results of DRC are in file C:/Users/holy_two/projeto_vivado/space-invaders-fpga/vivado/vivado_proj_hdmi/zybo_hdmi.runs/impl_1/system_wrapper_drc_opted.rpt.
report_drc completed successfully
INFO: [Timing 38-480] Writing timing data to binary archive.
Wrote PlaceDB: Time (s): cpu = 00:00:00 ; elapsed = 00:00:00 . Memory (MB): peak = 2043.680 ; gain = 0.000
Wrote PulsedLatchDB: Time (s): cpu = 00:00:00 ; elapsed = 00:00:00 . Memory (MB): peak = 2043.680 ; gain = 0.000
Writing XDEF routing.
Write ShapeDB Complete: Time (s): cpu = 00:00:00 ; elapsed = 00:00:00.011 . Memory (MB): peak = 2043.680 ; gain = 0.000
Writing XDEF routing logical nets.
Writing XDEF routing special nets.
Wrote RouteStorage: Time (s): cpu = 00:00:00 ; elapsed = 00:00:00.030 . Memory (MB): peak = 2043.680 ; gain = 0.000
Wrote PlaceStorage: Time (s): cpu = 00:00:00 ; elapsed = 00:00:00.008 . Memory (MB): peak = 2043.680 ; gain = 0.000
Wrote Netlist Cache: Time (s): cpu = 00:00:00 ; elapsed = 00:00:00.001 . Memory (MB): peak = 2043.680 ; gain = 0.000
Wrote Device Cache: Time (s): cpu = 00:00:00 ; elapsed = 00:00:00.007 . Memory (MB): peak = 2043.680 ; gain = 0.000
Write Physdb Complete: Time (s): cpu = 00:00:00 ; elapsed = 00:00:00.052 . Memory (MB): peak = 2043.680 ; gain = 0.000
INFO: [Common 17-1381] The checkpoint 'C:/Users/holy_two/projeto_vivado/space-invaders-fpga/vivado/vivado_proj_hdmi/zybo_hdmi.runs/impl_1/system_wrapper_opt.dcp' has been generated.
Command: place_design
Attempting to get a license for feature 'Implementation' and/or device 'xc7z020'
INFO: [Common 17-349] Got license for feature 'Implementation' and/or device 'xc7z020'
INFO: [Common 17-83] Releasing license: Implementation
INFO: [DRC 23-27] Running DRC with 2 threads
INFO: [Vivado_Tcl 4-198] DRC finished with 0 Errors
INFO: [Vivado_Tcl 4-199] Please refer to the DRC report (report_drc) for more information.
INFO: [Timing 38-35] Done setting XDC timing constraints.
Running DRC as a precondition to command place_design
INFO: [DRC 23-27] Running DRC with 2 threads
INFO: [Vivado_Tcl 4-198] DRC finished with 0 Errors
INFO: [Vivado_Tcl 4-199] Please refer to the DRC report (report_drc) for more information.
INFO: [Place 30-611] Multithreading enabled for place_design using a maximum of 2 CPUs

Starting Placer Task

Phase 1 Placer Initialization

Phase 1.1 Placer Initialization Netlist Sorting
Netlist sorting complete. Time (s): cpu = 00:00:00 ; elapsed = 00:00:00.004 . Memory (MB): peak = 2043.680 ; gain = 0.000
Phase 1.1 Placer Initialization Netlist Sorting | Checksum: 119df2101

Time (s): cpu = 00:00:00 ; elapsed = 00:00:00.006 . Memory (MB): peak = 2043.680 ; gain = 0.000
Netlist sorting complete. Time (s): cpu = 00:00:00 ; elapsed = 00:00:00.003 . Memory (MB): peak = 2043.680 ; gain = 0.000

Phase 1.2 IO Placement/ Clock Placement/ Build Placer Device
Phase 1.2 IO Placement/ Clock Placement/ Build Placer Device | Checksum: 14c09fa2c

Time (s): cpu = 00:00:00 ; elapsed = 00:00:00.519 . Memory (MB): peak = 2043.680 ; gain = 0.000

Phase 1.3 Build Placer Netlist Model
Phase 1.3 Build Placer Netlist Model | Checksum: 13a1782dc

Time (s): cpu = 00:00:02 ; elapsed = 00:00:01 . Memory (MB): peak = 2043.680 ; gain = 0.000

Phase 1.4 Constrain Clocks/Macros
Phase 1.4 Constrain Clocks/Macros | Checksum: 13a1782dc

Time (s): cpu = 00:00:02 ; elapsed = 00:00:01 . Memory (MB): peak = 2043.680 ; gain = 0.000
Phase 1 Placer Initialization | Checksum: 13a1782dc

Time (s): cpu = 00:00:02 ; elapsed = 00:00:01 . Memory (MB): peak = 2043.680 ; gain = 0.000

Phase 2 Global Placement

Phase 2.1 Floorplanning
Phase 2.1 Floorplanning | Checksum: 176a7d15f

Time (s): cpu = 00:00:03 ; elapsed = 00:00:02 . Memory (MB): peak = 2043.680 ; gain = 0.000

Phase 2.2 Update Timing before SLR Path Opt
Phase 2.2 Update Timing before SLR Path Opt | Checksum: 190be221f

Time (s): cpu = 00:00:03 ; elapsed = 00:00:02 . Memory (MB): peak = 2043.680 ; gain = 0.000

Phase 2.3 Post-Processing in Floorplanning
Phase 2.3 Post-Processing in Floorplanning | Checksum: 190be221f

Time (s): cpu = 00:00:03 ; elapsed = 00:00:02 . Memory (MB): peak = 2043.680 ; gain = 0.000

Phase 2.4 Global Place Phase1
Phase 2.4 Global Place Phase1 | Checksum: 21ebe7de2

Time (s): cpu = 00:00:09 ; elapsed = 00:00:05 . Memory (MB): peak = 2043.680 ; gain = 0.000

Phase 2.5 Global Place Phase2

Phase 2.5.1 UpdateTiming Before Physical Synthesis
Phase 2.5.1 UpdateTiming Before Physical Synthesis | Checksum: 1f4dc1dcf

Time (s): cpu = 00:00:09 ; elapsed = 00:00:06 . Memory (MB): peak = 2043.680 ; gain = 0.000

Phase 2.5.2 Physical Synthesis In Placer
INFO: [Physopt 32-1035] Found 0 LUTNM shape to break, 252 LUT instances to create LUTNM shape
INFO: [Physopt 32-1044] Break lutnm for timing: one critical 0, two critical 0, total 0, new lutff created 0
INFO: [Physopt 32-1138] End 1 Pass. Optimized 97 nets or LUTs. Breaked 0 LUT, combined 97 existing LUTs and moved 0 existing LUT
INFO: [Physopt 32-65] No nets found for high-fanout optimization.
INFO: [Physopt 32-232] Optimized 0 net. Created 0 new instance.
INFO: [Physopt 32-775] End 1 Pass. Optimized 0 net or cell. Created 0 new cell, deleted 0 existing cell and moved 0 existing cell
INFO: [Physopt 32-670] No setup violation found.  DSP Register Optimization was not performed.
INFO: [Physopt 32-670] No setup violation found.  Shift Register to Pipeline Optimization was not performed.
INFO: [Physopt 32-670] No setup violation found.  Shift Register Optimization was not performed.
INFO: [Physopt 32-670] No setup violation found.  BRAM Register Optimization was not performed.
INFO: [Physopt 32-670] No setup violation found.  URAM Register Optimization was not performed.
INFO: [Physopt 32-949] No candidate nets found for dynamic/static region interface net replication
INFO: [Physopt 32-775] End 1 Pass. Optimized 0 net or cell. Created 0 new cell, deleted 0 existing cell and moved 0 existing cell
Netlist sorting complete. Time (s): cpu = 00:00:00 ; elapsed = 00:00:00.003 . Memory (MB): peak = 2043.680 ; gain = 0.000

Summary of Physical Synthesis Optimizations
============================================


-----------------------------------------------------------------------------------------------------------------------------------------------------------
|  Optimization                                     |  Added Cells  |  Removed Cells  |  Optimized Cells/Nets  |  Dont Touch  |  Iterations  |  Elapsed   |
-----------------------------------------------------------------------------------------------------------------------------------------------------------
|  LUT Combining                                    |            0  |             97  |                    97  |           0  |           1  |  00:00:00  |
|  Retime                                           |            0  |              0  |                     0  |           0  |           1  |  00:00:00  |
|  Very High Fanout                                 |            0  |              0  |                     0  |           0  |           1  |  00:00:00  |
|  DSP Register                                     |            0  |              0  |                     0  |           0  |           0  |  00:00:00  |
|  Shift Register to Pipeline                       |            0  |              0  |                     0  |           0  |           0  |  00:00:00  |
|  Shift Register                                   |            0  |              0  |                     0  |           0  |           0  |  00:00:00  |
|  BRAM Register                                    |            0  |              0  |                     0  |           0  |           0  |  00:00:00  |
|  URAM Register                                    |            0  |              0  |                     0  |           0  |           0  |  00:00:00  |
|  Dynamic/Static Region Interface Net Replication  |            0  |              0  |                     0  |           0  |           1  |  00:00:00  |
|  Total                                            |            0  |             97  |                    97  |           0  |           4  |  00:00:00  |
-----------------------------------------------------------------------------------------------------------------------------------------------------------


Phase 2.5.2 Physical Synthesis In Placer | Checksum: 1d705d78f

Time (s): cpu = 00:00:10 ; elapsed = 00:00:06 . Memory (MB): peak = 2043.680 ; gain = 0.000
Phase 2.5 Global Place Phase2 | Checksum: 16804322f

Time (s): cpu = 00:00:10 ; elapsed = 00:00:06 . Memory (MB): peak = 2043.680 ; gain = 0.000
Phase 2 Global Placement | Checksum: 16804322f

Time (s): cpu = 00:00:10 ; elapsed = 00:00:06 . Memory (MB): peak = 2043.680 ; gain = 0.000

Phase 3 Detail Placement

Phase 3.1 Commit Multi Column Macros
Phase 3.1 Commit Multi Column Macros | Checksum: 1352546fb

Time (s): cpu = 00:00:11 ; elapsed = 00:00:07 . Memory (MB): peak = 2043.680 ; gain = 0.000

Phase 3.2 Commit Most Macros & LUTRAMs
Phase 3.2 Commit Most Macros & LUTRAMs | Checksum: 1805c9476

Time (s): cpu = 00:00:12 ; elapsed = 00:00:07 . Memory (MB): peak = 2043.680 ; gain = 0.000

Phase 3.3 Area Swap Optimization
Phase 3.3 Area Swap Optimization | Checksum: 1484ee718

Time (s): cpu = 00:00:12 ; elapsed = 00:00:07 . Memory (MB): peak = 2043.680 ; gain = 0.000

Phase 3.4 Pipeline Register Optimization
Phase 3.4 Pipeline Register Optimization | Checksum: 1c6d7da65

Time (s): cpu = 00:00:12 ; elapsed = 00:00:07 . Memory (MB): peak = 2043.680 ; gain = 0.000

Phase 3.5 Small Shape Detail Placement
Phase 3.5 Small Shape Detail Placement | Checksum: ff105690

Time (s): cpu = 00:00:13 ; elapsed = 00:00:09 . Memory (MB): peak = 2043.680 ; gain = 0.000

Phase 3.6 Re-assign LUT pins
Phase 3.6 Re-assign LUT pins | Checksum: 1498809f4

Time (s): cpu = 00:00:14 ; elapsed = 00:00:09 . Memory (MB): peak = 2043.680 ; gain = 0.000

Phase 3.7 Pipeline Register Optimization
Phase 3.7 Pipeline Register Optimization | Checksum: 165180975

Time (s): cpu = 00:00:14 ; elapsed = 00:00:09 . Memory (MB): peak = 2043.680 ; gain = 0.000
Phase 3 Detail Placement | Checksum: 165180975

Time (s): cpu = 00:00:14 ; elapsed = 00:00:09 . Memory (MB): peak = 2043.680 ; gain = 0.000

Phase 4 Post Placement Optimization and Clean-Up

Phase 4.1 Post Commit Optimization
INFO: [Timing 38-35] Done setting XDC timing constraints.

Phase 4.1.1 Post Placement Optimization
Post Placement Optimization Initialization | Checksum: 17af69282

Phase 4.1.1.1 BUFG Insertion

Starting Physical Synthesis Task

Phase 1 Physical Synthesis Initialization
INFO: [Physopt 32-721] Multithreading enabled for phys_opt_design using a maximum of 2 CPUs
INFO: [Physopt 32-619] Estimated Timing Summary | WNS=2.512 | TNS=0.000 |
Phase 1 Physical Synthesis Initialization | Checksum: 11d0c69a1

Time (s): cpu = 00:00:00 ; elapsed = 00:00:00.070 . Memory (MB): peak = 2043.680 ; gain = 0.000
INFO: [Place 46-56] BUFG insertion identified 0 candidate nets. Inserted BUFG: 0, Replicated BUFG Driver: 0, Skipped due to Placement/Routing Conflicts: 0, Skipped due to Timing Degradation: 0, Skipped due to netlist editing failed: 0.
Ending Physical Synthesis Task | Checksum: 1d43e7721

Time (s): cpu = 00:00:00 ; elapsed = 00:00:00.082 . Memory (MB): peak = 2043.680 ; gain = 0.000
Phase 4.1.1.1 BUFG Insertion | Checksum: 17af69282

Time (s): cpu = 00:00:15 ; elapsed = 00:00:10 . Memory (MB): peak = 2043.680 ; gain = 0.000

Phase 4.1.1.2 Post Placement Timing Optimization
INFO: [Place 30-746] Post Placement Timing Summary WNS=2.512. For the most accurate timing information please run report_timing.
Phase 4.1.1.2 Post Placement Timing Optimization | Checksum: 1fd0350f0

Time (s): cpu = 00:00:15 ; elapsed = 00:00:10 . Memory (MB): peak = 2043.680 ; gain = 0.000

Time (s): cpu = 00:00:15 ; elapsed = 00:00:10 . Memory (MB): peak = 2043.680 ; gain = 0.000
Phase 4.1 Post Commit Optimization | Checksum: 1fd0350f0

Time (s): cpu = 00:00:15 ; elapsed = 00:00:10 . Memory (MB): peak = 2043.680 ; gain = 0.000

Phase 4.2 Post Placement Cleanup
Phase 4.2 Post Placement Cleanup | Checksum: 1fd0350f0

Time (s): cpu = 00:00:15 ; elapsed = 00:00:10 . Memory (MB): peak = 2043.680 ; gain = 0.000

Phase 4.3 Placer Reporting

Phase 4.3.1 Print Estimated Congestion
INFO: [Place 30-612] Post-Placement Estimated Congestion 
 ____________________________________________________
|           | Global Congestion | Short Congestion  |
| Direction | Region Size       | Region Size       |
|___________|___________________|___________________|
|      North|                1x1|                1x1|
|___________|___________________|___________________|
|      South|                1x1|                1x1|
|___________|___________________|___________________|
|       East|                1x1|                1x1|
|___________|___________________|___________________|
|       West|                1x1|                1x1|
|___________|___________________|___________________|

Phase 4.3.1 Print Estimated Congestion | Checksum: 1fd0350f0

Time (s): cpu = 00:00:15 ; elapsed = 00:00:10 . Memory (MB): peak = 2043.680 ; gain = 0.000
Phase 4.3 Placer Reporting | Checksum: 1fd0350f0

Time (s): cpu = 00:00:16 ; elapsed = 00:00:10 . Memory (MB): peak = 2043.680 ; gain = 0.000

Phase 4.4 Final Placement Cleanup
Netlist sorting complete. Time (s): cpu = 00:00:00 ; elapsed = 00:00:00.003 . Memory (MB): peak = 2043.680 ; gain = 0.000

Time (s): cpu = 00:00:16 ; elapsed = 00:00:10 . Memory (MB): peak = 2043.680 ; gain = 0.000
Phase 4 Post Placement Optimization and Clean-Up | Checksum: 1d1d08aaf

Time (s): cpu = 00:00:16 ; elapsed = 00:00:10 . Memory (MB): peak = 2043.680 ; gain = 0.000
Ending Placer Task | Checksum: 14c573fad

Time (s): cpu = 00:00:16 ; elapsed = 00:00:10 . Memory (MB): peak = 2043.680 ; gain = 0.000
91 Infos, 12 Warnings, 0 Critical Warnings and 0 Errors encountered.
place_design completed successfully
place_design: Time (s): cpu = 00:00:18 ; elapsed = 00:00:12 . Memory (MB): peak = 2043.680 ; gain = 0.000
INFO: [Vivado 12-24838] Running report commands "report_control_sets, report_io, report_utilization" in parallel.
Running report generation with 2 threads.
INFO: [Vivado 12-24828] Executing command : report_utilization -file system_wrapper_utilization_placed.rpt -pb system_wrapper_utilization_placed.pb
INFO: [Vivado 12-24828] Executing command : report_control_sets -verbose -file system_wrapper_control_sets_placed.rpt
report_control_sets: Time (s): cpu = 00:00:00 ; elapsed = 00:00:00.019 . Memory (MB): peak = 2043.680 ; gain = 0.000
INFO: [Vivado 12-24828] Executing command : report_io -file system_wrapper_io_placed.rpt
report_io: Time (s): cpu = 00:00:00 ; elapsed = 00:00:00.094 . Memory (MB): peak = 2043.680 ; gain = 0.000
INFO: [Timing 38-480] Writing timing data to binary archive.
Wrote PlaceDB: Time (s): cpu = 00:00:00 ; elapsed = 00:00:00 . Memory (MB): peak = 2043.680 ; gain = 0.000
Wrote PulsedLatchDB: Time (s): cpu = 00:00:00 ; elapsed = 00:00:00 . Memory (MB): peak = 2043.680 ; gain = 0.000
Writing XDEF routing.
Write ShapeDB Complete: Time (s): cpu = 00:00:00 ; elapsed = 00:00:00.021 . Memory (MB): peak = 2043.680 ; gain = 0.000
Writing XDEF routing logical nets.
Writing XDEF routing special nets.
Wrote RouteStorage: Time (s): cpu = 00:00:00 ; elapsed = 00:00:00.026 . Memory (MB): peak = 2043.680 ; gain = 0.000
Wrote PlaceStorage: Time (s): cpu = 00:00:01 ; elapsed = 00:00:00.186 . Memory (MB): peak = 2043.680 ; gain = 0.000
Wrote Netlist Cache: Time (s): cpu = 00:00:00 ; elapsed = 00:00:00.007 . Memory (MB): peak = 2043.680 ; gain = 0.000
Wrote Device Cache: Time (s): cpu = 00:00:00 ; elapsed = 00:00:00.007 . Memory (MB): peak = 2043.680 ; gain = 0.000
Write Physdb Complete: Time (s): cpu = 00:00:01 ; elapsed = 00:00:00.232 . Memory (MB): peak = 2043.680 ; gain = 0.000
INFO: [Common 17-1381] The checkpoint 'C:/Users/holy_two/projeto_vivado/space-invaders-fpga/vivado/vivado_proj_hdmi/zybo_hdmi.runs/impl_1/system_wrapper_placed.dcp' has been generated.
Command: phys_opt_design
Attempting to get a license for feature 'Implementation' and/or device 'xc7z020'
INFO: [Common 17-349] Got license for feature 'Implementation' and/or device 'xc7z020'

Starting Initial Update Timing Task

Time (s): cpu = 00:00:01 ; elapsed = 00:00:00.551 . Memory (MB): peak = 2043.680 ; gain = 0.000
INFO: [Vivado_Tcl 4-2279] Estimated Timing Summary | WNS= 2.512 | TNS= 0.000 | 
INFO: [Vivado_Tcl 4-383] Design worst setup slack (WNS) is greater than or equal to 0.000 ns. All physical synthesis setup optimizations will be skipped.
INFO: [Vivado_Tcl 4-232] No setup violation found. The netlist was not modified.
INFO: [Common 17-83] Releasing license: Implementation
102 Infos, 12 Warnings, 0 Critical Warnings and 0 Errors encountered.
phys_opt_design completed successfully
INFO: [Timing 38-480] Writing timing data to binary archive.
Wrote PlaceDB: Time (s): cpu = 00:00:00 ; elapsed = 00:00:00 . Memory (MB): peak = 2043.680 ; gain = 0.000
Wrote PulsedLatchDB: Time (s): cpu = 00:00:00 ; elapsed = 00:00:00 . Memory (MB): peak = 2043.680 ; gain = 0.000
Writing XDEF routing.
Write ShapeDB Complete: Time (s): cpu = 00:00:00 ; elapsed = 00:00:00.015 . Memory (MB): peak = 2043.680 ; gain = 0.000
Writing XDEF routing logical nets.
Writing XDEF routing special nets.
Wrote RouteStorage: Time (s): cpu = 00:00:00 ; elapsed = 00:00:00.024 . Memory (MB): peak = 2043.680 ; gain = 0.000
Wrote PlaceStorage: Time (s): cpu = 00:00:01 ; elapsed = 00:00:00.173 . Memory (MB): peak = 2043.680 ; gain = 0.000
Wrote Netlist Cache: Time (s): cpu = 00:00:00 ; elapsed = 00:00:00.006 . Memory (MB): peak = 2043.680 ; gain = 0.000
Wrote Device Cache: Time (s): cpu = 00:00:00 ; elapsed = 00:00:00.008 . Memory (MB): peak = 2043.680 ; gain = 0.000
Write Physdb Complete: Time (s): cpu = 00:00:01 ; elapsed = 00:00:00.219 . Memory (MB): peak = 2043.680 ; gain = 0.000
INFO: [Common 17-1381] The checkpoint 'C:/Users/holy_two/projeto_vivado/space-invaders-fpga/vivado/vivado_proj_hdmi/zybo_hdmi.runs/impl_1/system_wrapper_physopt.dcp' has been generated.
Command: route_design
Attempting to get a license for feature 'Implementation' and/or device 'xc7z020'
INFO: [Common 17-349] Got license for feature 'Implementation' and/or device 'xc7z020'


Starting Routing Task
INFO: [Route 35-254] Multithreading enabled for route_design using a maximum of 2 CPUs

Phase 1 Build RT Design
Checksum: PlaceDB: 4db1179a ConstDB: 0 ShapeSum: e8acb523 RouteDB: 15f972f0
Post Restoration Checksum: NetGraph: 79d76733 | NumContArr: 7b088d6c | Constraints: c2a8fa9d | Timing: c2a8fa9d
Phase 1 Build RT Design | Checksum: 27a31e9d9

Time (s): cpu = 00:00:18 ; elapsed = 00:00:16 . Memory (MB): peak = 2048.469 ; gain = 4.789

Phase 2 Router Initialization

Phase 2.1 Fix Topology Constraints
Phase 2.1 Fix Topology Constraints | Checksum: 27a31e9d9

Time (s): cpu = 00:00:18 ; elapsed = 00:00:16 . Memory (MB): peak = 2048.469 ; gain = 4.789

Phase 2.2 Pre Route Cleanup
Phase 2.2 Pre Route Cleanup | Checksum: 27a31e9d9

Time (s): cpu = 00:00:18 ; elapsed = 00:00:16 . Memory (MB): peak = 2048.469 ; gain = 4.789
 Number of Nodes with overlaps = 0

Phase 2.3 Update Timing
Phase 2.3 Update Timing | Checksum: 19e8b3870

Time (s): cpu = 00:00:20 ; elapsed = 00:00:18 . Memory (MB): peak = 2089.051 ; gain = 45.371
INFO: [Route 35-416] Intermediate Timing Summary | WNS=2.524  | TNS=0.000  | WHS=-0.445 | THS=-122.497|


Phase 2.4 Update Timing for Bus Skew

Phase 2.4.1 Update Timing
Phase 2.4.1 Update Timing | Checksum: 1fb2b6fa0

Time (s): cpu = 00:00:21 ; elapsed = 00:00:18 . Memory (MB): peak = 2089.051 ; gain = 45.371
INFO: [Route 35-416] Intermediate Timing Summary | WNS=2.524  | TNS=0.000  | WHS=-0.162 | THS=-0.474 |

Phase 2.4 Update Timing for Bus Skew | Checksum: 1808453d0

Time (s): cpu = 00:00:21 ; elapsed = 00:00:19 . Memory (MB): peak = 2089.051 ; gain = 45.371

Phase 2.5 Soft Constraint Pins - Fast Budgeting
Phase 2.5 Soft Constraint Pins - Fast Budgeting | Checksum: 1808453d0

Time (s): cpu = 00:00:21 ; elapsed = 00:00:19 . Memory (MB): peak = 2113.668 ; gain = 69.988

Router Utilization Summary
  Global Vertical Routing Utilization    = 0 %
  Global Horizontal Routing Utilization  = 0 %
  Routable Net Status*
  *Does not include unroutable nets such as driverless and loadless.
  Run report_route_status for detailed report.
  Number of Failed Nets               = 5258
    (Failed Nets is the sum of unrouted and partially routed nets)
  Number of Unrouted Nets             = 5258
  Number of Partially Routed Nets     = 0
  Number of Node Overlaps             = 0

Phase 2 Router Initialization | Checksum: 1f240d3d5

Time (s): cpu = 00:00:22 ; elapsed = 00:00:19 . Memory (MB): peak = 2113.668 ; gain = 69.988

Phase 3 Global Routing
Phase 3 Global Routing | Checksum: 1f240d3d5

Time (s): cpu = 00:00:22 ; elapsed = 00:00:19 . Memory (MB): peak = 2113.668 ; gain = 69.988

Phase 4 Initial Routing

Phase 4.1 Initial Net Routing Pass
Phase 4.1 Initial Net Routing Pass | Checksum: 242658f5a

Time (s): cpu = 00:00:22 ; elapsed = 00:00:19 . Memory (MB): peak = 2113.668 ; gain = 69.988
Phase 4 Initial Routing | Checksum: 242658f5a

Time (s): cpu = 00:00:22 ; elapsed = 00:00:19 . Memory (MB): peak = 2113.668 ; gain = 69.988

Phase 5 Rip-up And Reroute

Phase 5.1 Global Iteration 0
 Number of Nodes with overlaps = 309
 Number of Nodes with overlaps = 20
 Number of Nodes with overlaps = 4
 Number of Nodes with overlaps = 1
 Number of Nodes with overlaps = 0
INFO: [Route 35-416] Intermediate Timing Summary | WNS=2.643  | TNS=0.000  | WHS=N/A    | THS=N/A    |

Phase 5.1 Global Iteration 0 | Checksum: 20162bcfd

Time (s): cpu = 00:00:24 ; elapsed = 00:00:20 . Memory (MB): peak = 2113.668 ; gain = 69.988

Phase 5.2 Global Iteration 1
 Number of Nodes with overlaps = 2
 Number of Nodes with overlaps = 0
INFO: [Route 35-416] Intermediate Timing Summary | WNS=2.643  | TNS=0.000  | WHS=N/A    | THS=N/A    |

Phase 5.2 Global Iteration 1 | Checksum: 28dda0905

Time (s): cpu = 00:00:24 ; elapsed = 00:00:20 . Memory (MB): peak = 2113.668 ; gain = 69.988

Phase 5.3 Global Iteration 2
 Number of Nodes with overlaps = 0
INFO: [Route 35-416] Intermediate Timing Summary | WNS=2.643  | TNS=0.000  | WHS=N/A    | THS=N/A    |

Phase 5.3 Global Iteration 2 | Checksum: 2a0d4276d

Time (s): cpu = 00:00:24 ; elapsed = 00:00:20 . Memory (MB): peak = 2113.668 ; gain = 69.988
Phase 5 Rip-up And Reroute | Checksum: 2a0d4276d

Time (s): cpu = 00:00:24 ; elapsed = 00:00:20 . Memory (MB): peak = 2113.668 ; gain = 69.988

Phase 6 Delay and Skew Optimization

Phase 6.1 Delay CleanUp
Phase 6.1 Delay CleanUp | Checksum: 2a0d4276d

Time (s): cpu = 00:00:24 ; elapsed = 00:00:20 . Memory (MB): peak = 2113.668 ; gain = 69.988

Phase 6.2 Clock Skew Optimization
Phase 6.2 Clock Skew Optimization | Checksum: 2a0d4276d

Time (s): cpu = 00:00:24 ; elapsed = 00:00:20 . Memory (MB): peak = 2113.668 ; gain = 69.988
Phase 6 Delay and Skew Optimization | Checksum: 2a0d4276d

Time (s): cpu = 00:00:24 ; elapsed = 00:00:20 . Memory (MB): peak = 2113.668 ; gain = 69.988

Phase 7 Post Hold Fix

Phase 7.1 Hold Fix Iter
INFO: [Route 35-416] Intermediate Timing Summary | WNS=2.792  | TNS=0.000  | WHS=0.029  | THS=0.000  |

Phase 7.1 Hold Fix Iter | Checksum: 2c06b886b

Time (s): cpu = 00:00:24 ; elapsed = 00:00:21 . Memory (MB): peak = 2113.668 ; gain = 69.988
Phase 7 Post Hold Fix | Checksum: 2c06b886b

Time (s): cpu = 00:00:24 ; elapsed = 00:00:21 . Memory (MB): peak = 2113.668 ; gain = 69.988

Phase 8 Route finalize

Router Utilization Summary
  Global Vertical Routing Utilization    = 0.842601 %
  Global Horizontal Routing Utilization  = 0.996957 %
  Routable Net Status*
  *Does not include unroutable nets such as driverless and loadless.
  Run report_route_status for detailed report.
  Number of Failed Nets               = 0
    (Failed Nets is the sum of unrouted and partially routed nets)
  Number of Unrouted Nets             = 0
  Number of Partially Routed Nets     = 0
  Number of Node Overlaps             = 0

Phase 8 Route finalize | Checksum: 2c06b886b

Time (s): cpu = 00:00:25 ; elapsed = 00:00:21 . Memory (MB): peak = 2113.668 ; gain = 69.988

Phase 9 Verifying routed nets

 Verification completed successfully
Phase 9 Verifying routed nets | Checksum: 2c06b886b

Time (s): cpu = 00:00:25 ; elapsed = 00:00:21 . Memory (MB): peak = 2113.668 ; gain = 69.988

Phase 10 Depositing Routes
Phase 10 Depositing Routes | Checksum: 2ca5af661

Time (s): cpu = 00:00:25 ; elapsed = 00:00:21 . Memory (MB): peak = 2113.668 ; gain = 69.988

Phase 11 Post Process Routing
Phase 11 Post Process Routing | Checksum: 2ca5af661

Time (s): cpu = 00:00:25 ; elapsed = 00:00:21 . Memory (MB): peak = 2113.668 ; gain = 69.988

Phase 12 Post Router Timing
INFO: [Route 35-57] Estimated Timing Summary | WNS=2.792  | TNS=0.000  | WHS=0.029  | THS=0.000  |

INFO: [Route 35-327] The final timing numbers are based on the router estimated timing analysis. For a complete and accurate timing signoff, please run report_timing_summary.
Phase 12 Post Router Timing | Checksum: 2ca5af661

Time (s): cpu = 00:00:25 ; elapsed = 00:00:21 . Memory (MB): peak = 2113.668 ; gain = 69.988
Total Elapsed time in route_design: 21.098 secs

Phase 13 Post-Route Event Processing
Phase 13 Post-Route Event Processing | Checksum: 221012f1a

Time (s): cpu = 00:00:25 ; elapsed = 00:00:21 . Memory (MB): peak = 2113.668 ; gain = 69.988
INFO: [Route 35-16] Router Completed Successfully
Ending Routing Task | Checksum: 221012f1a

Time (s): cpu = 00:00:25 ; elapsed = 00:00:21 . Memory (MB): peak = 2113.668 ; gain = 69.988

Routing Is Done.
INFO: [Common 17-83] Releasing license: Implementation
116 Infos, 12 Warnings, 0 Critical Warnings and 0 Errors encountered.
route_design completed successfully
route_design: Time (s): cpu = 00:00:25 ; elapsed = 00:00:21 . Memory (MB): peak = 2113.668 ; gain = 69.988
INFO: [Vivado 12-24828] Executing command : report_drc -file system_wrapper_drc_routed.rpt -pb system_wrapper_drc_routed.pb -rpx system_wrapper_drc_routed.rpx
Command: report_drc -file system_wrapper_drc_routed.rpt -pb system_wrapper_drc_routed.pb -rpx system_wrapper_drc_routed.rpx
INFO: [IP_Flow 19-1839] IP Catalog is up to date.
INFO: [DRC 23-27] Running DRC with 2 threads
INFO: [Vivado_Tcl 2-168] The results of DRC are in file C:/Users/holy_two/projeto_vivado/space-invaders-fpga/vivado/vivado_proj_hdmi/zybo_hdmi.runs/impl_1/system_wrapper_drc_routed.rpt.
report_drc completed successfully
INFO: [Vivado 12-24828] Executing command : report_methodology -file system_wrapper_methodology_drc_routed.rpt -pb system_wrapper_methodology_drc_routed.pb -rpx system_wrapper_methodology_drc_routed.rpx
Command: report_methodology -file system_wrapper_methodology_drc_routed.rpt -pb system_wrapper_methodology_drc_routed.pb -rpx system_wrapper_methodology_drc_routed.rpx
INFO: [Timing 38-35] Done setting XDC timing constraints.
INFO: [DRC 23-133] Running Methodology with 2 threads
INFO: [Vivado_Tcl 2-1520] The results of Report Methodology are in file C:/Users/holy_two/projeto_vivado/space-invaders-fpga/vivado/vivado_proj_hdmi/zybo_hdmi.runs/impl_1/system_wrapper_methodology_drc_routed.rpt.
report_methodology completed successfully
INFO: [Vivado 12-24828] Executing command : report_timing_summary -max_paths 10 -routable_nets -report_unconstrained -file system_wrapper_timing_summary_routed.rpt -pb system_wrapper_timing_summary_routed.pb -rpx system_wrapper_timing_summary_routed.rpx -warn_on_violation 
INFO: [Timing 38-35] Done setting XDC timing constraints.
INFO: [Timing 38-91] UpdateTimingParams: Speed grade: -1, Delay Type: min_max.
INFO: [Timing 38-191] Multithreading enabled for timing update using a maximum of 2 CPUs
WARNING: [Timing 38-436] There are set_bus_skew constraint(s) in this design. Please run report_bus_skew to ensure that bus skew requirements are met.
INFO: [Vivado 12-24838] Running report commands "report_incremental_reuse, report_route_status" in parallel.
Running report generation with 2 threads.
INFO: [Vivado 12-24828] Executing command : report_incremental_reuse -file system_wrapper_incremental_reuse_routed.rpt
INFO: [Vivado_Tcl 4-1062] Incremental flow is disabled. No incremental reuse Info to report.
INFO: [Vivado 12-24828] Executing command : report_route_status -file system_wrapper_route_status.rpt -pb system_wrapper_route_status.pb
INFO: [Vivado 12-24828] Executing command : report_power -file system_wrapper_power_routed.rpt -pb system_wrapper_power_summary_routed.pb -rpx system_wrapper_power_routed.rpx
Command: report_power -file system_wrapper_power_routed.rpt -pb system_wrapper_power_summary_routed.pb -rpx system_wrapper_power_routed.rpx
Running Vector-less Activity Propagation...

Finished Running Vector-less Activity Propagation
133 Infos, 13 Warnings, 0 Critical Warnings and 0 Errors encountered.
report_power completed successfully
INFO: [Vivado 12-24828] Executing command : report_clock_utilization -file system_wrapper_clock_utilization_routed.rpt
INFO: [Vivado 12-24828] Executing command : report_bus_skew -warn_on_violation -file system_wrapper_bus_skew_routed.rpt -pb system_wrapper_bus_skew_routed.pb -rpx system_wrapper_bus_skew_routed.rpx
INFO: [Timing 38-91] UpdateTimingParams: Speed grade: -1, Delay Type: min_max.
INFO: [Timing 38-191] Multithreading enabled for timing update using a maximum of 2 CPUs
generate_parallel_reports: Time (s): cpu = 00:00:09 ; elapsed = 00:00:06 . Memory (MB): peak = 2113.668 ; gain = 0.000
INFO: [Timing 38-480] Writing timing data to binary archive.
Wrote PlaceDB: Time (s): cpu = 00:00:00 ; elapsed = 00:00:00 . Memory (MB): peak = 2113.668 ; gain = 0.000
Wrote PulsedLatchDB: Time (s): cpu = 00:00:00 ; elapsed = 00:00:00 . Memory (MB): peak = 2113.668 ; gain = 0.000
Writing XDEF routing.
Write ShapeDB Complete: Time (s): cpu = 00:00:00 ; elapsed = 00:00:00.016 . Memory (MB): peak = 2113.668 ; gain = 0.000
Writing XDEF routing logical nets.
Writing XDEF routing special nets.
Wrote RouteStorage: Time (s): cpu = 00:00:01 ; elapsed = 00:00:00.057 . Memory (MB): peak = 2113.668 ; gain = 0.000
Wrote PlaceStorage: Time (s): cpu = 00:00:00 ; elapsed = 00:00:00.172 . Memory (MB): peak = 2113.668 ; gain = 0.000
Wrote Netlist Cache: Time (s): cpu = 00:00:00 ; elapsed = 00:00:00.006 . Memory (MB): peak = 2113.668 ; gain = 0.000
Wrote Device Cache: Time (s): cpu = 00:00:00 ; elapsed = 00:00:00.007 . Memory (MB): peak = 2113.668 ; gain = 0.000
Write Physdb Complete: Time (s): cpu = 00:00:01 ; elapsed = 00:00:00.250 . Memory (MB): peak = 2113.668 ; gain = 0.000
INFO: [Common 17-1381] The checkpoint 'C:/Users/holy_two/projeto_vivado/space-invaders-fpga/vivado/vivado_proj_hdmi/zybo_hdmi.runs/impl_1/system_wrapper_routed.dcp' has been generated.
INFO: [Memdata 28-208] The XPM instance: <system_i/v_axi4s_vid_out_0/inst/COUPLER_INST/generate_async_fifo.FIFO_INST/XPM_FIFO_ASYNC_INST/gnuram_async_fifo.xpm_fifo_base_inst/gen_sdpram.xpm_memory_base_inst> is part of IP: <system_i/v_axi4s_vid_out_0>. This XPM instance will be excluded from the .mmi because updatemem is prohibited from making changes to an XPM that is part of an IP.
INFO: [Memdata 28-208] The XPM instance: <system_i/axi_vdma_0/U0/I_PRMRY_DATAMOVER/GEN_MM2S_FULL.I_MM2S_FULL_WRAPPER/GEN_INCLUDE_MM2S_SF.I_RD_SF/I_DATA_FIFO/BLK_MEM.I_SYNC_FIFOGEN_FIFO/xpm_fifo_base_inst/gen_sdpram.xpm_memory_base_inst> is part of IP: <system_i/axi_vdma_0>. This XPM instance will be excluded from the .mmi because updatemem is prohibited from making changes to an XPM that is part of an IP.
INFO: [Memdata 28-208] The XPM instance: <system_i/axi_vdma_0/U0/GEN_SPRT_FOR_MM2S.MM2S_LINEBUFFER_I/GEN_LINEBUF_NO_SOF.GEN_LINEBUFFER.GEN_SYNC_FIFO.I_LINEBUFFER_FIFO/xpm_fifo_sync_inst/xpm_fifo_base_inst/gen_sdpram.xpm_memory_base_inst> is part of IP: <system_i/axi_vdma_0>. This XPM instance will be excluded from the .mmi because updatemem is prohibited from making changes to an XPM that is part of an IP.
INFO: [Memdata 28-167] Found XPM memory block system_i/axi_mem_intercon/inst/s00_nodes/s00_r_node/inst/inst_mi_handler/gen_normal_area.inst_fifo_node_payld/gen_xpm_memory_fifo.inst_fifo/gen_mem_rep[0].inst_xpm_memory/xpm_memory_base_inst with a P_MEMORY_PRIMITIVE property set to distributed. A value of block is required. You will not be able to use the updatemem program to update the bitstream with new data for the system_i/axi_mem_intercon/inst/s00_nodes/s00_r_node/inst/inst_mi_handler/gen_normal_area.inst_fifo_node_payld/gen_xpm_memory_fifo.inst_fifo/gen_mem_rep[0].inst_xpm_memory/xpm_memory_base_inst block.
INFO: [Memdata 28-167] Found XPM memory block system_i/axi_mem_intercon/inst/s00_nodes/s00_ar_node/inst/inst_mi_handler/gen_normal_area.inst_fifo_node_payld/gen_xpm_memory_fifo.inst_fifo/gen_mem_rep[0].inst_xpm_memory/xpm_memory_base_inst with a P_MEMORY_PRIMITIVE property set to distributed. A value of block is required. You will not be able to use the updatemem program to update the bitstream with new data for the system_i/axi_mem_intercon/inst/s00_nodes/s00_ar_node/inst/inst_mi_handler/gen_normal_area.inst_fifo_node_payld/gen_xpm_memory_fifo.inst_fifo/gen_mem_rep[0].inst_xpm_memory/xpm_memory_base_inst block.
Command: write_bitstream -force system_wrapper.bit
Attempting to get a license for feature 'Implementation' and/or device 'xc7z020'
INFO: [Common 17-349] Got license for feature 'Implementation' and/or device 'xc7z020'
Running DRC as a precondition to command write_bitstream
INFO: [IP_Flow 19-1839] IP Catalog is up to date.
INFO: [DRC 23-27] Running DRC with 2 threads
INFO: [Vivado 12-3199] DRC finished with 0 Errors
INFO: [Vivado 12-3200] Please refer to the DRC report (report_drc) for more information.
Integrating Hard IP ELF/MEM with the PDI.
INFO: [Designutils 20-2272] Running write_bitstream with 2 threads.
Loading data files...
Loading site data...
Loading route data...
Processing options...
Creating bitmap...
Creating bitstream...
Writing bitstream ./system_wrapper.bit...
INFO: [Vivado 12-1842] Bitgen Completed Successfully.
INFO: [Common 17-83] Releasing license: Implementation
152 Infos, 13 Warnings, 0 Critical Warnings and 0 Errors encountered.
write_bitstream completed successfully
write_bitstream: Time (s): cpu = 00:00:12 ; elapsed = 00:00:10 . Memory (MB): peak = 2427.352 ; gain = 313.684
INFO: [Common 17-206] Exiting Vivado at Mon Jun 29 19:36:02 2026...
