
*** Running vivado
    with args -log system_rgb2dvi_0_0.vds -m64 -product Vivado -mode batch -messageDb vivado.pb -notrace -source system_rgb2dvi_0_0.tcl



****** Vivado v2025.2 (64-bit)
  **** SW Build 6299465 on Fri Nov 14 19:35:11 GMT 2025
  **** IP Build 6300035 on Fri Nov 14 10:48:45 MST 2025
  **** SharedData Build 6298862 on Thu Nov 13 04:50:51 MST 2025
  **** Start of session at: Mon Jun 29 10:59:34 2026
    ** Copyright 1986-2022 Xilinx, Inc. All Rights Reserved.
    ** Copyright 2022-2025 Advanced Micro Devices, Inc. All Rights Reserved.

source system_rgb2dvi_0_0.tcl -notrace
create_project: Time (s): cpu = 00:00:18 ; elapsed = 00:00:12 . Memory (MB): peak = 532.508 ; gain = 218.031
INFO: [IP_Flow 19-234] Refreshing IP repositories
INFO: [IP_Flow 19-1700] Loaded user IP repository 'c:/Users/user/Documents/AAD/space_invaders/vivado/Zybo-Z7-20-HDMI/repo/vivado-library'.
INFO: [IP_Flow 19-2313] Loaded Vivado IP repository 'C:/AMDDesignTools/2025.2/Vivado/data/ip'.
WARNING: [IP_Flow 19-4995] The host OS only allows 260 characters in a normal path. The IP cache path is more than 80 characters. If you experience issues with IP caching, please consider changing the IP cache to a location with a shorter path. Alternately consider using the OS subst command to map part of the path to a drive letter. 
Current IP cache path is c:/Users/user/Documents/AAD/space_invaders/vivado/vivado_proj_hdmi/zybo_hdmi.cache/ip 
Command: synth_design -top system_rgb2dvi_0_0 -part xc7z020clg400-1 -incremental_mode off -mode out_of_context
Starting synth_design
Attempting to get a license for feature 'Synthesis' and/or device 'xc7z020'
INFO: [Common 17-349] Got license for feature 'Synthesis' and/or device 'xc7z020'
INFO: [Device 21-403] Loading part xc7z020clg400-1
INFO: [Synth 8-7079] Multithreading enabled for synth_design using a maximum of 2 processes.
INFO: [Synth 8-7078] Launching helper process for spawning children vivado processes
INFO: [Synth 8-7075] Helper process launched with PID 29760
---------------------------------------------------------------------------------
Starting RTL Elaboration : Time (s): cpu = 00:00:09 ; elapsed = 00:00:10 . Memory (MB): peak = 1396.422 ; gain = 539.410
---------------------------------------------------------------------------------
INFO: [Synth 8-638] synthesizing module 'system_rgb2dvi_0_0' [c:/Users/user/Documents/AAD/space_invaders/vivado/vivado_proj_hdmi/zybo_hdmi.gen/sources_1/bd/system/ip/system_rgb2dvi_0_0/synth/system_rgb2dvi_0_0.vhd:72]
	Parameter kGenerateSerialClk bound to: 0 - type: bool 
	Parameter kClkPrimitive bound to: PLL - type: string 
	Parameter kRstActiveHigh bound to: 0 - type: bool 
	Parameter kClkRange bound to: 1 - type: integer 
	Parameter kD0Swap bound to: 0 - type: bool 
	Parameter kD1Swap bound to: 0 - type: bool 
	Parameter kD2Swap bound to: 0 - type: bool 
	Parameter kClkSwap bound to: 0 - type: bool 
INFO: [Synth 8-3491] module 'rgb2dvi' declared at 'c:/Users/user/Documents/AAD/space_invaders/vivado/vivado_proj_hdmi/zybo_hdmi.gen/sources_1/bd/system/ipshared/20df/src/rgb2dvi.vhd:62' bound to instance 'U0' of component 'rgb2dvi' [c:/Users/user/Documents/AAD/space_invaders/vivado/vivado_proj_hdmi/zybo_hdmi.gen/sources_1/bd/system/ip/system_rgb2dvi_0_0/synth/system_rgb2dvi_0_0.vhd:131]
INFO: [Synth 8-638] synthesizing module 'rgb2dvi' [c:/Users/user/Documents/AAD/space_invaders/vivado/vivado_proj_hdmi/zybo_hdmi.gen/sources_1/bd/system/ipshared/20df/src/rgb2dvi.vhd:94]
INFO: [Synth 8-638] synthesizing module 'ResetBridge' [c:/Users/user/Documents/AAD/space_invaders/vivado/vivado_proj_hdmi/zybo_hdmi.gen/sources_1/bd/system/ipshared/20df/src/SyncAsyncReset.vhd:72]
INFO: [Synth 8-638] synthesizing module 'SyncAsync' [c:/Users/user/Documents/AAD/space_invaders/vivado/vivado_proj_hdmi/zybo_hdmi.gen/sources_1/bd/system/ipshared/20df/src/SyncAsync.vhd:72]
INFO: [Synth 8-256] done synthesizing module 'SyncAsync' (0#1) [c:/Users/user/Documents/AAD/space_invaders/vivado/vivado_proj_hdmi/zybo_hdmi.gen/sources_1/bd/system/ipshared/20df/src/SyncAsync.vhd:72]
INFO: [Synth 8-256] done synthesizing module 'ResetBridge' (0#1) [c:/Users/user/Documents/AAD/space_invaders/vivado/vivado_proj_hdmi/zybo_hdmi.gen/sources_1/bd/system/ipshared/20df/src/SyncAsyncReset.vhd:72]
INFO: [Synth 8-638] synthesizing module 'OutputSERDES' [c:/Users/user/Documents/AAD/space_invaders/vivado/vivado_proj_hdmi/zybo_hdmi.gen/sources_1/bd/system/ipshared/20df/src/OutputSERDES.vhd:76]
	Parameter IOSTANDARD bound to: TMDS_33 - type: string 
INFO: [Synth 8-113] binding component instance 'OutputBuffer' to cell 'OBUFDS' [c:/Users/user/Documents/AAD/space_invaders/vivado/vivado_proj_hdmi/zybo_hdmi.gen/sources_1/bd/system/ipshared/20df/src/OutputSERDES.vhd:83]
	Parameter DATA_RATE_OQ bound to: DDR - type: string 
	Parameter DATA_RATE_TQ bound to: SDR - type: string 
	Parameter DATA_WIDTH bound to: 10 - type: integer 
	Parameter SERDES_MODE bound to: MASTER - type: string 
	Parameter TBYTE_CTL bound to: FALSE - type: string 
	Parameter TBYTE_SRC bound to: FALSE - type: string 
	Parameter TRISTATE_WIDTH bound to: 1 - type: integer 
INFO: [Synth 8-113] binding component instance 'SerializerMaster' to cell 'OSERDESE2' [c:/Users/user/Documents/AAD/space_invaders/vivado/vivado_proj_hdmi/zybo_hdmi.gen/sources_1/bd/system/ipshared/20df/src/OutputSERDES.vhd:92]
	Parameter DATA_RATE_OQ bound to: DDR - type: string 
	Parameter DATA_RATE_TQ bound to: SDR - type: string 
	Parameter DATA_WIDTH bound to: 10 - type: integer 
	Parameter SERDES_MODE bound to: SLAVE - type: string 
	Parameter TBYTE_CTL bound to: FALSE - type: string 
	Parameter TBYTE_SRC bound to: FALSE - type: string 
	Parameter TRISTATE_WIDTH bound to: 1 - type: integer 
INFO: [Synth 8-113] binding component instance 'SerializerSlave' to cell 'OSERDESE2' [c:/Users/user/Documents/AAD/space_invaders/vivado/vivado_proj_hdmi/zybo_hdmi.gen/sources_1/bd/system/ipshared/20df/src/OutputSERDES.vhd:135]
INFO: [Synth 8-256] done synthesizing module 'OutputSERDES' (0#1) [c:/Users/user/Documents/AAD/space_invaders/vivado/vivado_proj_hdmi/zybo_hdmi.gen/sources_1/bd/system/ipshared/20df/src/OutputSERDES.vhd:76]
INFO: [Synth 8-638] synthesizing module 'TMDS_Encoder' [c:/Users/user/Documents/AAD/space_invaders/vivado/vivado_proj_hdmi/zybo_hdmi.gen/sources_1/bd/system/ipshared/20df/src/TMDS_Encoder.vhd:80]
INFO: [Synth 8-256] done synthesizing module 'TMDS_Encoder' (0#1) [c:/Users/user/Documents/AAD/space_invaders/vivado/vivado_proj_hdmi/zybo_hdmi.gen/sources_1/bd/system/ipshared/20df/src/TMDS_Encoder.vhd:80]
INFO: [Synth 8-256] done synthesizing module 'rgb2dvi' (0#1) [c:/Users/user/Documents/AAD/space_invaders/vivado/vivado_proj_hdmi/zybo_hdmi.gen/sources_1/bd/system/ipshared/20df/src/rgb2dvi.vhd:94]
INFO: [Synth 8-256] done synthesizing module 'system_rgb2dvi_0_0' (0#1) [c:/Users/user/Documents/AAD/space_invaders/vivado/vivado_proj_hdmi/zybo_hdmi.gen/sources_1/bd/system/ip/system_rgb2dvi_0_0/synth/system_rgb2dvi_0_0.vhd:72]
INFO: [Synth 8-7129] Port SerialClk in module TMDS_Encoder is either unconnected or has no load
INFO: [Synth 8-7129] Port aRst in module TMDS_Encoder is either unconnected or has no load
INFO: [Synth 8-7129] Port aRst in module rgb2dvi is either unconnected or has no load
---------------------------------------------------------------------------------
Finished RTL Elaboration : Time (s): cpu = 00:00:12 ; elapsed = 00:00:14 . Memory (MB): peak = 1522.312 ; gain = 665.301
---------------------------------------------------------------------------------
---------------------------------------------------------------------------------
Start Handling Custom Attributes
---------------------------------------------------------------------------------
---------------------------------------------------------------------------------
Finished Handling Custom Attributes : Time (s): cpu = 00:00:12 ; elapsed = 00:00:14 . Memory (MB): peak = 1522.312 ; gain = 665.301
---------------------------------------------------------------------------------
---------------------------------------------------------------------------------
Finished RTL Optimization Phase 1 : Time (s): cpu = 00:00:12 ; elapsed = 00:00:14 . Memory (MB): peak = 1522.312 ; gain = 665.301
---------------------------------------------------------------------------------
Netlist sorting complete. Time (s): cpu = 00:00:00 ; elapsed = 00:00:00.008 . Memory (MB): peak = 1522.312 ; gain = 0.000
INFO: [Netlist 29-17] Analyzing 4 Unisim elements for replacement
INFO: [Netlist 29-28] Unisim Transformation completed in 0 CPU seconds
INFO: [Project 1-570] Preparing netlist for logic optimization

Processing XDC Constraints
Initializing timing engine
Parsing XDC File [c:/Users/user/Documents/AAD/space_invaders/vivado/vivado_proj_hdmi/zybo_hdmi.gen/sources_1/bd/system/ip/system_rgb2dvi_0_0/src/rgb2dvi_ooc.xdc] for cell 'U0'
Finished Parsing XDC File [c:/Users/user/Documents/AAD/space_invaders/vivado/vivado_proj_hdmi/zybo_hdmi.gen/sources_1/bd/system/ip/system_rgb2dvi_0_0/src/rgb2dvi_ooc.xdc] for cell 'U0'
Parsing XDC File [c:/Users/user/Documents/AAD/space_invaders/vivado/vivado_proj_hdmi/zybo_hdmi.gen/sources_1/bd/system/ip/system_rgb2dvi_0_0/src/rgb2dvi.xdc] for cell 'U0'
Finished Parsing XDC File [c:/Users/user/Documents/AAD/space_invaders/vivado/vivado_proj_hdmi/zybo_hdmi.gen/sources_1/bd/system/ip/system_rgb2dvi_0_0/src/rgb2dvi.xdc] for cell 'U0'
Parsing XDC File [C:/Users/user/Documents/AAD/space_invaders/vivado/vivado_proj_hdmi/zybo_hdmi.runs/system_rgb2dvi_0_0_synth_1/dont_touch.xdc]
Finished Parsing XDC File [C:/Users/user/Documents/AAD/space_invaders/vivado/vivado_proj_hdmi/zybo_hdmi.runs/system_rgb2dvi_0_0_synth_1/dont_touch.xdc]
Parsing XDC File [c:/Users/user/Documents/AAD/space_invaders/vivado/vivado_proj_hdmi/zybo_hdmi.gen/sources_1/bd/system/ip/system_rgb2dvi_0_0/src/rgb2dvi_clocks.xdc] for cell 'U0'
Finished Parsing XDC File [c:/Users/user/Documents/AAD/space_invaders/vivado/vivado_proj_hdmi/zybo_hdmi.gen/sources_1/bd/system/ip/system_rgb2dvi_0_0/src/rgb2dvi_clocks.xdc] for cell 'U0'
Completed Processing XDC Constraints

Netlist sorting complete. Time (s): cpu = 00:00:00 ; elapsed = 00:00:00.001 . Memory (MB): peak = 1589.898 ; gain = 0.000
INFO: [Project 1-111] Unisim Transformation Summary:
No Unisim elements were transformed.

Constraint Validation Runtime : Time (s): cpu = 00:00:00 ; elapsed = 00:00:00.052 . Memory (MB): peak = 1589.898 ; gain = 0.000
INFO: [Designutils 20-5008] Incremental synthesis strategy off
---------------------------------------------------------------------------------
Finished Constraint Validation : Time (s): cpu = 00:00:26 ; elapsed = 00:00:28 . Memory (MB): peak = 1589.898 ; gain = 732.887
---------------------------------------------------------------------------------
---------------------------------------------------------------------------------
Start Loading Part and Timing Information
---------------------------------------------------------------------------------
Loading part: xc7z020clg400-1
---------------------------------------------------------------------------------
Finished Loading Part and Timing Information : Time (s): cpu = 00:00:26 ; elapsed = 00:00:28 . Memory (MB): peak = 1589.898 ; gain = 732.887
---------------------------------------------------------------------------------
---------------------------------------------------------------------------------
Start Applying 'set_property' XDC Constraints
---------------------------------------------------------------------------------
---------------------------------------------------------------------------------
Finished applying 'set_property' XDC Constraints : Time (s): cpu = 00:00:26 ; elapsed = 00:00:28 . Memory (MB): peak = 1589.898 ; gain = 732.887
---------------------------------------------------------------------------------
---------------------------------------------------------------------------------
Finished RTL Optimization Phase 2 : Time (s): cpu = 00:00:26 ; elapsed = 00:00:28 . Memory (MB): peak = 1589.898 ; gain = 732.887
---------------------------------------------------------------------------------
---------------------------------------------------------------------------------
Start RTL Component Statistics 
---------------------------------------------------------------------------------
Detailed RTL Component Info : 
+---Adders : 
	   3 Input    5 Bit       Adders := 9     
	   4 Input    5 Bit       Adders := 3     
	   2 Input    5 Bit       Adders := 3     
	   8 Input    4 Bit       Adders := 6     
	   2 Input    4 Bit       Adders := 3     
+---XORs : 
	   2 Input      1 Bit         XORs := 42    
+---Registers : 
	               10 Bit    Registers := 3     
	                9 Bit    Registers := 3     
	                8 Bit    Registers := 3     
	                5 Bit    Registers := 3     
	                4 Bit    Registers := 9     
	                2 Bit    Registers := 1     
	                1 Bit    Registers := 18    
+---Muxes : 
	   4 Input   10 Bit        Muxes := 3     
	   2 Input    9 Bit        Muxes := 3     
	   2 Input    5 Bit        Muxes := 9     
---------------------------------------------------------------------------------
Finished RTL Component Statistics 
---------------------------------------------------------------------------------
---------------------------------------------------------------------------------
Start Part Resource Summary
---------------------------------------------------------------------------------
Part Resources:
DSPs: 220 (col length:60)
BRAMs: 280 (col length: RAMB18 60 RAMB36 30)
---------------------------------------------------------------------------------
Finished Part Resource Summary
---------------------------------------------------------------------------------
---------------------------------------------------------------------------------
Start Cross Boundary and Area Optimization
---------------------------------------------------------------------------------
INFO: [Synth 8-7129] Port aRst in module rgb2dvi is either unconnected or has no load
---------------------------------------------------------------------------------
Finished Cross Boundary and Area Optimization : Time (s): cpu = 00:00:34 ; elapsed = 00:00:36 . Memory (MB): peak = 1591.824 ; gain = 734.812
---------------------------------------------------------------------------------
---------------------------------------------------------------------------------
Start Applying XDC Timing Constraints
---------------------------------------------------------------------------------
---------------------------------------------------------------------------------
Finished Applying XDC Timing Constraints : Time (s): cpu = 00:00:44 ; elapsed = 00:00:47 . Memory (MB): peak = 1718.453 ; gain = 861.441
---------------------------------------------------------------------------------
---------------------------------------------------------------------------------
Start Timing Optimization
---------------------------------------------------------------------------------
---------------------------------------------------------------------------------
Finished Timing Optimization : Time (s): cpu = 00:00:45 ; elapsed = 00:00:47 . Memory (MB): peak = 1745.164 ; gain = 888.152
---------------------------------------------------------------------------------
---------------------------------------------------------------------------------
Start Technology Mapping
---------------------------------------------------------------------------------
---------------------------------------------------------------------------------
Finished Technology Mapping : Time (s): cpu = 00:00:45 ; elapsed = 00:00:48 . Memory (MB): peak = 1745.906 ; gain = 888.895
---------------------------------------------------------------------------------
---------------------------------------------------------------------------------
Start IO Insertion
---------------------------------------------------------------------------------
---------------------------------------------------------------------------------
Start Flattening Before IO Insertion
---------------------------------------------------------------------------------
---------------------------------------------------------------------------------
Finished Flattening Before IO Insertion
---------------------------------------------------------------------------------
---------------------------------------------------------------------------------
Start Final Netlist Cleanup
---------------------------------------------------------------------------------
---------------------------------------------------------------------------------
Finished Final Netlist Cleanup
---------------------------------------------------------------------------------
---------------------------------------------------------------------------------
Finished IO Insertion : Time (s): cpu = 00:00:52 ; elapsed = 00:00:55 . Memory (MB): peak = 1978.461 ; gain = 1121.449
---------------------------------------------------------------------------------
---------------------------------------------------------------------------------
Start Renaming Generated Instances
---------------------------------------------------------------------------------
---------------------------------------------------------------------------------
Finished Renaming Generated Instances : Time (s): cpu = 00:00:52 ; elapsed = 00:00:55 . Memory (MB): peak = 1978.461 ; gain = 1121.449
---------------------------------------------------------------------------------
---------------------------------------------------------------------------------
Start Rebuilding User Hierarchy
---------------------------------------------------------------------------------
---------------------------------------------------------------------------------
Finished Rebuilding User Hierarchy : Time (s): cpu = 00:00:52 ; elapsed = 00:00:55 . Memory (MB): peak = 1978.461 ; gain = 1121.449
---------------------------------------------------------------------------------
---------------------------------------------------------------------------------
Start Renaming Generated Ports
---------------------------------------------------------------------------------
---------------------------------------------------------------------------------
Finished Renaming Generated Ports : Time (s): cpu = 00:00:52 ; elapsed = 00:00:55 . Memory (MB): peak = 1978.461 ; gain = 1121.449
---------------------------------------------------------------------------------
---------------------------------------------------------------------------------
Start Handling Custom Attributes
---------------------------------------------------------------------------------
---------------------------------------------------------------------------------
Finished Handling Custom Attributes : Time (s): cpu = 00:00:52 ; elapsed = 00:00:55 . Memory (MB): peak = 1978.461 ; gain = 1121.449
---------------------------------------------------------------------------------
---------------------------------------------------------------------------------
Start Renaming Generated Nets
---------------------------------------------------------------------------------
---------------------------------------------------------------------------------
Finished Renaming Generated Nets : Time (s): cpu = 00:00:52 ; elapsed = 00:00:55 . Memory (MB): peak = 1978.461 ; gain = 1121.449
---------------------------------------------------------------------------------
---------------------------------------------------------------------------------
Start Writing Synthesis Report
---------------------------------------------------------------------------------

Report BlackBoxes: 
+-+--------------+----------+
| |BlackBox name |Instances |
+-+--------------+----------+
+-+--------------+----------+

Report Cell Usage: 
+------+----------+------+
|      |Cell      |Count |
+------+----------+------+
|1     |LUT1      |     5|
|2     |LUT2      |    22|
|3     |LUT3      |    34|
|4     |LUT4      |    23|
|5     |LUT5      |    43|
|6     |LUT6      |    72|
|7     |OSERDESE2 |     8|
|9     |FDPE      |     2|
|10    |FDRE      |   117|
|11    |FDSE      |    15|
|12    |OBUFDS    |     4|
+------+----------+------+
---------------------------------------------------------------------------------
Finished Writing Synthesis Report : Time (s): cpu = 00:00:52 ; elapsed = 00:00:55 . Memory (MB): peak = 1978.461 ; gain = 1121.449
---------------------------------------------------------------------------------
Synthesis finished with 0 errors, 0 critical warnings and 0 warnings.
Synthesis Optimization Runtime : Time (s): cpu = 00:00:36 ; elapsed = 00:00:51 . Memory (MB): peak = 1978.461 ; gain = 1053.863
Synthesis Optimization Complete : Time (s): cpu = 00:00:52 ; elapsed = 00:00:55 . Memory (MB): peak = 1978.461 ; gain = 1121.449
INFO: [Project 1-571] Translating synthesized netlist
Netlist sorting complete. Time (s): cpu = 00:00:00 ; elapsed = 00:00:00.006 . Memory (MB): peak = 1978.461 ; gain = 0.000
INFO: [Netlist 29-17] Analyzing 4 Unisim elements for replacement
INFO: [Netlist 29-28] Unisim Transformation completed in 0 CPU seconds
INFO: [Project 1-570] Preparing netlist for logic optimization
INFO: [Opt 31-138] Pushed 0 inverter(s) to 0 load pin(s).
Netlist sorting complete. Time (s): cpu = 00:00:00 ; elapsed = 00:00:00 . Memory (MB): peak = 1987.438 ; gain = 0.000
INFO: [Project 1-111] Unisim Transformation Summary:
No Unisim elements were transformed.

Synth Design complete | Checksum: ae81b558
INFO: [Common 17-83] Releasing license: Synthesis
40 Infos, 1 Warnings, 0 Critical Warnings and 0 Errors encountered.
synth_design completed successfully
synth_design: Time (s): cpu = 00:01:00 ; elapsed = 00:01:04 . Memory (MB): peak = 1987.438 ; gain = 1353.691
Write ShapeDB Complete: Time (s): cpu = 00:00:00 ; elapsed = 00:00:00.007 . Memory (MB): peak = 1987.438 ; gain = 0.000
INFO: [Common 17-1381] The checkpoint 'C:/Users/user/Documents/AAD/space_invaders/vivado/vivado_proj_hdmi/zybo_hdmi.runs/system_rgb2dvi_0_0_synth_1/system_rgb2dvi_0_0.dcp' has been generated.
INFO: [Coretcl 2-1648] Added synthesis output to IP cache for IP system_rgb2dvi_0_0, cache-ID = b93c1e9f62517647
INFO: [Coretcl 2-1174] Renamed 10 cell refs.
Write ShapeDB Complete: Time (s): cpu = 00:00:00 ; elapsed = 00:00:00.002 . Memory (MB): peak = 1987.438 ; gain = 0.000
INFO: [Common 17-1381] The checkpoint 'C:/Users/user/Documents/AAD/space_invaders/vivado/vivado_proj_hdmi/zybo_hdmi.runs/system_rgb2dvi_0_0_synth_1/system_rgb2dvi_0_0.dcp' has been generated.
INFO: [Vivado 12-24828] Executing command : report_utilization -file system_rgb2dvi_0_0_utilization_synth.rpt -pb system_rgb2dvi_0_0_utilization_synth.pb
INFO: [Common 17-206] Exiting Vivado at Mon Jun 29 11:01:09 2026...
