
*** Running vivado
    with args -log system_axi_mem_intercon_0.vds -m64 -product Vivado -mode batch -messageDb vivado.pb -notrace -source system_axi_mem_intercon_0.tcl



****** Vivado v2025.2 (64-bit)
  **** SW Build 6299465 on Fri Nov 14 19:35:11 GMT 2025
  **** IP Build 6300035 on Fri Nov 14 10:48:45 MST 2025
  **** SharedData Build 6298862 on Thu Nov 13 04:50:51 MST 2025
  **** Start of session at: Mon Jun 29 10:59:34 2026
    ** Copyright 1986-2022 Xilinx, Inc. All Rights Reserved.
    ** Copyright 2022-2025 Advanced Micro Devices, Inc. All Rights Reserved.

source system_axi_mem_intercon_0.tcl -notrace
create_project: Time (s): cpu = 00:00:18 ; elapsed = 00:00:12 . Memory (MB): peak = 532.109 ; gain = 220.336
INFO: [IP_Flow 19-234] Refreshing IP repositories
INFO: [IP_Flow 19-1700] Loaded user IP repository 'c:/Users/user/Documents/AAD/space_invaders/vivado/Zybo-Z7-20-HDMI/repo/vivado-library'.
INFO: [IP_Flow 19-2313] Loaded Vivado IP repository 'C:/AMDDesignTools/2025.2/Vivado/data/ip'.
WARNING: [IP_Flow 19-4995] The host OS only allows 260 characters in a normal path. The IP cache path is more than 80 characters. If you experience issues with IP caching, please consider changing the IP cache to a location with a shorter path. Alternately consider using the OS subst command to map part of the path to a drive letter. 
Current IP cache path is c:/Users/user/Documents/AAD/space_invaders/vivado/vivado_proj_hdmi/zybo_hdmi.cache/ip 
Command: synth_design -top system_axi_mem_intercon_0 -part xc7z020clg400-1 -incremental_mode off -mode out_of_context
Starting synth_design
Attempting to get a license for feature 'Synthesis' and/or device 'xc7z020'
INFO: [Common 17-349] Got license for feature 'Synthesis' and/or device 'xc7z020'
INFO: [Device 21-403] Loading part xc7z020clg400-1
INFO: [Synth 8-7079] Multithreading enabled for synth_design using a maximum of 2 processes.
INFO: [Synth 8-7078] Launching helper process for spawning children vivado processes
INFO: [Synth 8-7075] Helper process launched with PID 17804
---------------------------------------------------------------------------------
Starting RTL Elaboration : Time (s): cpu = 00:00:13 ; elapsed = 00:00:13 . Memory (MB): peak = 1419.012 ; gain = 543.441
---------------------------------------------------------------------------------
INFO: [Synth 8-6157] synthesizing module 'system_axi_mem_intercon_0' [c:/Users/user/Documents/AAD/space_invaders/vivado/vivado_proj_hdmi/zybo_hdmi.gen/sources_1/bd/system/ip/system_axi_mem_intercon_0/synth/system_axi_mem_intercon_0.v:53]
INFO: [Synth 8-6157] synthesizing module 'bd_5cbf' [c:/Users/user/Documents/AAD/space_invaders/vivado/vivado_proj_hdmi/zybo_hdmi.gen/sources_1/bd/system/ip/system_axi_mem_intercon_0/bd_0/synth/bd_5cbf.v:10]
INFO: [Synth 8-6157] synthesizing module 'clk_map_imp_NT2CPK' [c:/Users/user/Documents/AAD/space_invaders/vivado/vivado_proj_hdmi/zybo_hdmi.gen/sources_1/bd/system/ip/system_axi_mem_intercon_0/bd_0/synth/bd_5cbf.v:336]
INFO: [Synth 8-638] synthesizing module 'bd_5cbf_psr_aclk_0' [c:/Users/user/Documents/AAD/space_invaders/vivado/vivado_proj_hdmi/zybo_hdmi.gen/sources_1/bd/system/ip/system_axi_mem_intercon_0/bd_0/ip/ip_1/synth/bd_5cbf_psr_aclk_0.vhd:74]
	Parameter C_FAMILY bound to: zynq - type: string 
	Parameter C_EXT_RST_WIDTH bound to: 4 - type: integer 
	Parameter C_AUX_RST_WIDTH bound to: 1 - type: integer 
	Parameter C_EXT_RESET_HIGH bound to: 1'b0 
	Parameter C_AUX_RESET_HIGH bound to: 1'b0 
	Parameter C_NUM_BUS_RST bound to: 1 - type: integer 
	Parameter C_NUM_PERP_RST bound to: 1 - type: integer 
	Parameter C_NUM_INTERCONNECT_ARESETN bound to: 1 - type: integer 
	Parameter C_NUM_PERP_ARESETN bound to: 1 - type: integer 
INFO: [Synth 8-3491] module 'proc_sys_reset' declared at 'c:/Users/user/Documents/AAD/space_invaders/vivado/vivado_proj_hdmi/zybo_hdmi.gen/sources_1/bd/system/ipshared/9438/hdl/proc_sys_reset_v5_0_vh_rfs.vhd:1243' bound to instance 'U0' of component 'proc_sys_reset' [c:/Users/user/Documents/AAD/space_invaders/vivado/vivado_proj_hdmi/zybo_hdmi.gen/sources_1/bd/system/ip/system_axi_mem_intercon_0/bd_0/ip/ip_1/synth/bd_5cbf_psr_aclk_0.vhd:139]
INFO: [Synth 8-638] synthesizing module 'proc_sys_reset' [c:/Users/user/Documents/AAD/space_invaders/vivado/vivado_proj_hdmi/zybo_hdmi.gen/sources_1/bd/system/ipshared/9438/hdl/proc_sys_reset_v5_0_vh_rfs.vhd:1302]
	Parameter INIT bound to: 1'b1 
INFO: [Synth 8-113] binding component instance 'FDRE_inst' to cell 'FDRE' [c:/Users/user/Documents/AAD/space_invaders/vivado/vivado_proj_hdmi/zybo_hdmi.gen/sources_1/bd/system/ipshared/9438/hdl/proc_sys_reset_v5_0_vh_rfs.vhd:1371]
	Parameter INIT bound to: 1'b1 
INFO: [Synth 8-113] binding component instance 'FDRE_BSR' to cell 'FDRE' [c:/Users/user/Documents/AAD/space_invaders/vivado/vivado_proj_hdmi/zybo_hdmi.gen/sources_1/bd/system/ipshared/9438/hdl/proc_sys_reset_v5_0_vh_rfs.vhd:1387]
	Parameter INIT bound to: 1'b0 
INFO: [Synth 8-113] binding component instance 'FDRE_BSR_N' to cell 'FDRE' [c:/Users/user/Documents/AAD/space_invaders/vivado/vivado_proj_hdmi/zybo_hdmi.gen/sources_1/bd/system/ipshared/9438/hdl/proc_sys_reset_v5_0_vh_rfs.vhd:1413]
	Parameter INIT bound to: 1'b1 
INFO: [Synth 8-113] binding component instance 'FDRE_PER' to cell 'FDRE' [c:/Users/user/Documents/AAD/space_invaders/vivado/vivado_proj_hdmi/zybo_hdmi.gen/sources_1/bd/system/ipshared/9438/hdl/proc_sys_reset_v5_0_vh_rfs.vhd:1436]
	Parameter INIT bound to: 1'b0 
INFO: [Synth 8-113] binding component instance 'FDRE_PER_N' to cell 'FDRE' [c:/Users/user/Documents/AAD/space_invaders/vivado/vivado_proj_hdmi/zybo_hdmi.gen/sources_1/bd/system/ipshared/9438/hdl/proc_sys_reset_v5_0_vh_rfs.vhd:1460]
INFO: [Synth 8-638] synthesizing module 'lpf' [c:/Users/user/Documents/AAD/space_invaders/vivado/vivado_proj_hdmi/zybo_hdmi.gen/sources_1/bd/system/ipshared/9438/hdl/proc_sys_reset_v5_0_vh_rfs.vhd:821]
INFO: [Synth 8-3491] module 'SRL16' declared at 'C:/AMDDesignTools/2025.2/Vivado/scripts/rt/data/unisim_comp.v:165318' bound to instance 'POR_SRL_I' of component 'SRL16' [c:/Users/user/Documents/AAD/space_invaders/vivado/vivado_proj_hdmi/zybo_hdmi.gen/sources_1/bd/system/ipshared/9438/hdl/proc_sys_reset_v5_0_vh_rfs.vhd:873]
INFO: [Synth 8-6157] synthesizing module 'SRL16' [C:/AMDDesignTools/2025.2/Vivado/scripts/rt/data/unisim_comp.v:165318]
INFO: [Synth 8-6155] done synthesizing module 'SRL16' (0#1) [C:/AMDDesignTools/2025.2/Vivado/scripts/rt/data/unisim_comp.v:165318]
	Parameter DEST_SYNC_FF bound to: 4 - type: integer 
	Parameter INIT_SYNC_FF bound to: 0 - type: integer 
	Parameter SIM_ASSERT_CHK bound to: 0 - type: integer 
	Parameter SRC_INPUT_REG bound to: 0 - type: integer 
INFO: [Synth 8-3491] module 'xpm_cdc_single' declared at 'C:/AMDDesignTools/2025.2/Vivado/data/ip/xpm/xpm_cdc/hdl/xpm_cdc.sv:152' bound to instance 'ACT_LO_EXT' of component 'xpm_cdc_single' [c:/Users/user/Documents/AAD/space_invaders/vivado/vivado_proj_hdmi/zybo_hdmi.gen/sources_1/bd/system/ipshared/9438/hdl/proc_sys_reset_v5_0_vh_rfs.vhd:968]
INFO: [Synth 8-6157] synthesizing module 'xpm_cdc_single' [C:/AMDDesignTools/2025.2/Vivado/data/ip/xpm/xpm_cdc/hdl/xpm_cdc.sv:152]
INFO: [Synth 8-6155] done synthesizing module 'xpm_cdc_single' (0#1) [C:/AMDDesignTools/2025.2/Vivado/data/ip/xpm/xpm_cdc/hdl/xpm_cdc.sv:152]
	Parameter DEST_SYNC_FF bound to: 4 - type: integer 
	Parameter INIT_SYNC_FF bound to: 0 - type: integer 
	Parameter SIM_ASSERT_CHK bound to: 0 - type: integer 
	Parameter SRC_INPUT_REG bound to: 0 - type: integer 
INFO: [Synth 8-3491] module 'xpm_cdc_single' declared at 'C:/AMDDesignTools/2025.2/Vivado/data/ip/xpm/xpm_cdc/hdl/xpm_cdc.sv:152' bound to instance 'ACT_LO_AUX' of component 'xpm_cdc_single' [c:/Users/user/Documents/AAD/space_invaders/vivado/vivado_proj_hdmi/zybo_hdmi.gen/sources_1/bd/system/ipshared/9438/hdl/proc_sys_reset_v5_0_vh_rfs.vhd:1015]
INFO: [Synth 8-256] done synthesizing module 'lpf' (0#1) [c:/Users/user/Documents/AAD/space_invaders/vivado/vivado_proj_hdmi/zybo_hdmi.gen/sources_1/bd/system/ipshared/9438/hdl/proc_sys_reset_v5_0_vh_rfs.vhd:821]
INFO: [Synth 8-638] synthesizing module 'sequence_psr' [c:/Users/user/Documents/AAD/space_invaders/vivado/vivado_proj_hdmi/zybo_hdmi.gen/sources_1/bd/system/ipshared/9438/hdl/proc_sys_reset_v5_0_vh_rfs.vhd:304]
INFO: [Synth 8-638] synthesizing module 'upcnt_n' [c:/Users/user/Documents/AAD/space_invaders/vivado/vivado_proj_hdmi/zybo_hdmi.gen/sources_1/bd/system/ipshared/9438/hdl/proc_sys_reset_v5_0_vh_rfs.vhd:126]
INFO: [Synth 8-256] done synthesizing module 'upcnt_n' (0#1) [c:/Users/user/Documents/AAD/space_invaders/vivado/vivado_proj_hdmi/zybo_hdmi.gen/sources_1/bd/system/ipshared/9438/hdl/proc_sys_reset_v5_0_vh_rfs.vhd:126]
INFO: [Synth 8-256] done synthesizing module 'sequence_psr' (0#1) [c:/Users/user/Documents/AAD/space_invaders/vivado/vivado_proj_hdmi/zybo_hdmi.gen/sources_1/bd/system/ipshared/9438/hdl/proc_sys_reset_v5_0_vh_rfs.vhd:304]
INFO: [Synth 8-256] done synthesizing module 'proc_sys_reset' (0#1) [c:/Users/user/Documents/AAD/space_invaders/vivado/vivado_proj_hdmi/zybo_hdmi.gen/sources_1/bd/system/ipshared/9438/hdl/proc_sys_reset_v5_0_vh_rfs.vhd:1302]
INFO: [Synth 8-256] done synthesizing module 'bd_5cbf_psr_aclk_0' (0#1) [c:/Users/user/Documents/AAD/space_invaders/vivado/vivado_proj_hdmi/zybo_hdmi.gen/sources_1/bd/system/ip/system_axi_mem_intercon_0/bd_0/ip/ip_1/synth/bd_5cbf_psr_aclk_0.vhd:74]
WARNING: [Synth 8-7071] port 'mb_reset' of module 'bd_5cbf_psr_aclk_0' is unconnected for instance 'psr_aclk' [c:/Users/user/Documents/AAD/space_invaders/vivado/vivado_proj_hdmi/zybo_hdmi.gen/sources_1/bd/system/ip/system_axi_mem_intercon_0/bd_0/synth/bd_5cbf.v:367]
WARNING: [Synth 8-7071] port 'bus_struct_reset' of module 'bd_5cbf_psr_aclk_0' is unconnected for instance 'psr_aclk' [c:/Users/user/Documents/AAD/space_invaders/vivado/vivado_proj_hdmi/zybo_hdmi.gen/sources_1/bd/system/ip/system_axi_mem_intercon_0/bd_0/synth/bd_5cbf.v:367]
WARNING: [Synth 8-7071] port 'peripheral_reset' of module 'bd_5cbf_psr_aclk_0' is unconnected for instance 'psr_aclk' [c:/Users/user/Documents/AAD/space_invaders/vivado/vivado_proj_hdmi/zybo_hdmi.gen/sources_1/bd/system/ip/system_axi_mem_intercon_0/bd_0/synth/bd_5cbf.v:367]
WARNING: [Synth 8-7071] port 'peripheral_aresetn' of module 'bd_5cbf_psr_aclk_0' is unconnected for instance 'psr_aclk' [c:/Users/user/Documents/AAD/space_invaders/vivado/vivado_proj_hdmi/zybo_hdmi.gen/sources_1/bd/system/ip/system_axi_mem_intercon_0/bd_0/synth/bd_5cbf.v:367]
WARNING: [Synth 8-7023] instance 'psr_aclk' of module 'bd_5cbf_psr_aclk_0' has 10 connections declared, but only 6 given [c:/Users/user/Documents/AAD/space_invaders/vivado/vivado_proj_hdmi/zybo_hdmi.gen/sources_1/bd/system/ip/system_axi_mem_intercon_0/bd_0/synth/bd_5cbf.v:367]
INFO: [Synth 8-6155] done synthesizing module 'clk_map_imp_NT2CPK' (0#1) [c:/Users/user/Documents/AAD/space_invaders/vivado/vivado_proj_hdmi/zybo_hdmi.gen/sources_1/bd/system/ip/system_axi_mem_intercon_0/bd_0/synth/bd_5cbf.v:336]
INFO: [Synth 8-6157] synthesizing module 'm00_exit_pipeline_imp_1C3W6WZ' [c:/Users/user/Documents/AAD/space_invaders/vivado/vivado_proj_hdmi/zybo_hdmi.gen/sources_1/bd/system/ip/system_axi_mem_intercon_0/bd_0/synth/bd_5cbf.v:376]
INFO: [Synth 8-6157] synthesizing module 'bd_5cbf_m00e_0' [c:/Users/user/Documents/AAD/space_invaders/vivado/vivado_proj_hdmi/zybo_hdmi.gen/sources_1/bd/system/ip/system_axi_mem_intercon_0/bd_0/ip/ip_9/synth/bd_5cbf_m00e_0.sv:53]
INFO: [Synth 8-6157] synthesizing module 'xpm_cdc_async_rst' [C:/AMDDesignTools/2025.2/Vivado/data/ip/xpm/xpm_cdc/hdl/xpm_cdc.sv:1175]
INFO: [Synth 8-6155] done synthesizing module 'xpm_cdc_async_rst' (0#1) [C:/AMDDesignTools/2025.2/Vivado/data/ip/xpm/xpm_cdc/hdl/xpm_cdc.sv:1175]
INFO: [Synth 8-6155] done synthesizing module 'bd_5cbf_m00e_0' (0#1) [c:/Users/user/Documents/AAD/space_invaders/vivado/vivado_proj_hdmi/zybo_hdmi.gen/sources_1/bd/system/ip/system_axi_mem_intercon_0/bd_0/ip/ip_9/synth/bd_5cbf_m00e_0.sv:53]
INFO: [Synth 8-6155] done synthesizing module 'm00_exit_pipeline_imp_1C3W6WZ' (0#1) [c:/Users/user/Documents/AAD/space_invaders/vivado/vivado_proj_hdmi/zybo_hdmi.gen/sources_1/bd/system/ip/system_axi_mem_intercon_0/bd_0/synth/bd_5cbf.v:376]
INFO: [Synth 8-6157] synthesizing module 'bd_5cbf_m00s2a_0' [c:/Users/user/Documents/AAD/space_invaders/vivado/vivado_proj_hdmi/zybo_hdmi.gen/sources_1/bd/system/ip/system_axi_mem_intercon_0/bd_0/ip/ip_8/synth/bd_5cbf_m00s2a_0.sv:53]
INFO: [Synth 8-6155] done synthesizing module 'bd_5cbf_m00s2a_0' (0#1) [c:/Users/user/Documents/AAD/space_invaders/vivado/vivado_proj_hdmi/zybo_hdmi.gen/sources_1/bd/system/ip/system_axi_mem_intercon_0/bd_0/ip/ip_8/synth/bd_5cbf_m00s2a_0.sv:53]
INFO: [Synth 8-6157] synthesizing module 'bd_5cbf_s00a2s_0' [c:/Users/user/Documents/AAD/space_invaders/vivado/vivado_proj_hdmi/zybo_hdmi.gen/sources_1/bd/system/ip/system_axi_mem_intercon_0/bd_0/ip/ip_5/synth/bd_5cbf_s00a2s_0.sv:53]
INFO: [Synth 8-6155] done synthesizing module 'bd_5cbf_s00a2s_0' (0#1) [c:/Users/user/Documents/AAD/space_invaders/vivado/vivado_proj_hdmi/zybo_hdmi.gen/sources_1/bd/system/ip/system_axi_mem_intercon_0/bd_0/ip/ip_5/synth/bd_5cbf_s00a2s_0.sv:53]
INFO: [Synth 8-6157] synthesizing module 's00_entry_pipeline_imp_CUF9XC' [c:/Users/user/Documents/AAD/space_invaders/vivado/vivado_proj_hdmi/zybo_hdmi.gen/sources_1/bd/system/ip/system_axi_mem_intercon_0/bd_0/synth/bd_5cbf.v:518]
INFO: [Synth 8-6157] synthesizing module 'bd_5cbf_s00mmu_0' [c:/Users/user/Documents/AAD/space_invaders/vivado/vivado_proj_hdmi/zybo_hdmi.gen/sources_1/bd/system/ip/system_axi_mem_intercon_0/bd_0/ip/ip_2/synth/bd_5cbf_s00mmu_0.sv:53]
INFO: [Synth 8-6155] done synthesizing module 'bd_5cbf_s00mmu_0' (0#1) [c:/Users/user/Documents/AAD/space_invaders/vivado/vivado_proj_hdmi/zybo_hdmi.gen/sources_1/bd/system/ip/system_axi_mem_intercon_0/bd_0/ip/ip_2/synth/bd_5cbf_s00mmu_0.sv:53]
INFO: [Synth 8-6157] synthesizing module 'bd_5cbf_s00sic_0' [c:/Users/user/Documents/AAD/space_invaders/vivado/vivado_proj_hdmi/zybo_hdmi.gen/sources_1/bd/system/ip/system_axi_mem_intercon_0/bd_0/ip/ip_4/synth/bd_5cbf_s00sic_0.sv:53]
INFO: [Synth 8-6155] done synthesizing module 'bd_5cbf_s00sic_0' (0#1) [c:/Users/user/Documents/AAD/space_invaders/vivado/vivado_proj_hdmi/zybo_hdmi.gen/sources_1/bd/system/ip/system_axi_mem_intercon_0/bd_0/ip/ip_4/synth/bd_5cbf_s00sic_0.sv:53]
INFO: [Synth 8-6157] synthesizing module 'bd_5cbf_s00tr_0' [c:/Users/user/Documents/AAD/space_invaders/vivado/vivado_proj_hdmi/zybo_hdmi.gen/sources_1/bd/system/ip/system_axi_mem_intercon_0/bd_0/ip/ip_3/synth/bd_5cbf_s00tr_0.sv:53]
INFO: [Synth 8-6155] done synthesizing module 'bd_5cbf_s00tr_0' (0#1) [c:/Users/user/Documents/AAD/space_invaders/vivado/vivado_proj_hdmi/zybo_hdmi.gen/sources_1/bd/system/ip/system_axi_mem_intercon_0/bd_0/ip/ip_3/synth/bd_5cbf_s00tr_0.sv:53]
WARNING: [Synth 8-7071] port 'm_axi_arburst' of module 'bd_5cbf_s00tr_0' is unconnected for instance 's00_transaction_regulator' [c:/Users/user/Documents/AAD/space_invaders/vivado/vivado_proj_hdmi/zybo_hdmi.gen/sources_1/bd/system/ip/system_axi_mem_intercon_0/bd_0/synth/bd_5cbf.v:731]
WARNING: [Synth 8-7023] instance 's00_transaction_regulator' of module 'bd_5cbf_s00tr_0' has 38 connections declared, but only 37 given [c:/Users/user/Documents/AAD/space_invaders/vivado/vivado_proj_hdmi/zybo_hdmi.gen/sources_1/bd/system/ip/system_axi_mem_intercon_0/bd_0/synth/bd_5cbf.v:731]
INFO: [Synth 8-6155] done synthesizing module 's00_entry_pipeline_imp_CUF9XC' (0#1) [c:/Users/user/Documents/AAD/space_invaders/vivado/vivado_proj_hdmi/zybo_hdmi.gen/sources_1/bd/system/ip/system_axi_mem_intercon_0/bd_0/synth/bd_5cbf.v:518]
INFO: [Synth 8-6157] synthesizing module 's00_nodes_imp_GMS5Y2' [c:/Users/user/Documents/AAD/space_invaders/vivado/vivado_proj_hdmi/zybo_hdmi.gen/sources_1/bd/system/ip/system_axi_mem_intercon_0/bd_0/synth/bd_5cbf.v:771]
INFO: [Synth 8-6157] synthesizing module 'bd_5cbf_sarn_0' [c:/Users/user/Documents/AAD/space_invaders/vivado/vivado_proj_hdmi/zybo_hdmi.gen/sources_1/bd/system/ip/system_axi_mem_intercon_0/bd_0/ip/ip_6/synth/bd_5cbf_sarn_0.sv:53]
INFO: [Synth 8-6157] synthesizing module 'xpm_memory_sdpram' [C:/AMDDesignTools/2025.2/Vivado/data/ip/xpm/xpm_memory/hdl/xpm_memory.sv:8996]
INFO: [Synth 8-6157] synthesizing module 'xpm_memory_base' [C:/AMDDesignTools/2025.2/Vivado/data/ip/xpm/xpm_memory/hdl/xpm_memory.sv:54]
INFO: [Synth 8-6155] done synthesizing module 'xpm_memory_base' (0#1) [C:/AMDDesignTools/2025.2/Vivado/data/ip/xpm/xpm_memory/hdl/xpm_memory.sv:54]
INFO: [Synth 8-6155] done synthesizing module 'xpm_memory_sdpram' (0#1) [C:/AMDDesignTools/2025.2/Vivado/data/ip/xpm/xpm_memory/hdl/xpm_memory.sv:8996]
INFO: [Synth 8-6155] done synthesizing module 'bd_5cbf_sarn_0' (0#1) [c:/Users/user/Documents/AAD/space_invaders/vivado/vivado_proj_hdmi/zybo_hdmi.gen/sources_1/bd/system/ip/system_axi_mem_intercon_0/bd_0/ip/ip_6/synth/bd_5cbf_sarn_0.sv:53]
INFO: [Synth 8-6157] synthesizing module 'bd_5cbf_srn_0' [c:/Users/user/Documents/AAD/space_invaders/vivado/vivado_proj_hdmi/zybo_hdmi.gen/sources_1/bd/system/ip/system_axi_mem_intercon_0/bd_0/ip/ip_7/synth/bd_5cbf_srn_0.sv:53]
INFO: [Synth 8-6157] synthesizing module 'xpm_memory_sdpram__parameterized0' [C:/AMDDesignTools/2025.2/Vivado/data/ip/xpm/xpm_memory/hdl/xpm_memory.sv:8996]
INFO: [Synth 8-6157] synthesizing module 'xpm_memory_base__parameterized0' [C:/AMDDesignTools/2025.2/Vivado/data/ip/xpm/xpm_memory/hdl/xpm_memory.sv:54]
INFO: [Synth 8-6155] done synthesizing module 'xpm_memory_base__parameterized0' (0#1) [C:/AMDDesignTools/2025.2/Vivado/data/ip/xpm/xpm_memory/hdl/xpm_memory.sv:54]
INFO: [Synth 8-6155] done synthesizing module 'xpm_memory_sdpram__parameterized0' (0#1) [C:/AMDDesignTools/2025.2/Vivado/data/ip/xpm/xpm_memory/hdl/xpm_memory.sv:8996]
INFO: [Synth 8-6155] done synthesizing module 'bd_5cbf_srn_0' (0#1) [c:/Users/user/Documents/AAD/space_invaders/vivado/vivado_proj_hdmi/zybo_hdmi.gen/sources_1/bd/system/ip/system_axi_mem_intercon_0/bd_0/ip/ip_7/synth/bd_5cbf_srn_0.sv:53]
INFO: [Synth 8-6155] done synthesizing module 's00_nodes_imp_GMS5Y2' (0#1) [c:/Users/user/Documents/AAD/space_invaders/vivado/vivado_proj_hdmi/zybo_hdmi.gen/sources_1/bd/system/ip/system_axi_mem_intercon_0/bd_0/synth/bd_5cbf.v:771]
INFO: [Synth 8-6155] done synthesizing module 'bd_5cbf' (0#1) [c:/Users/user/Documents/AAD/space_invaders/vivado/vivado_proj_hdmi/zybo_hdmi.gen/sources_1/bd/system/ip/system_axi_mem_intercon_0/bd_0/synth/bd_5cbf.v:10]
INFO: [Synth 8-6155] done synthesizing module 'system_axi_mem_intercon_0' (0#1) [c:/Users/user/Documents/AAD/space_invaders/vivado/vivado_proj_hdmi/zybo_hdmi.gen/sources_1/bd/system/ip/system_axi_mem_intercon_0/synth/system_axi_mem_intercon_0.v:53]
WARNING: [Synth 8-3848] Net aresetn_out in module/entity clk_map_imp_NT2CPK does not have driver. [c:/Users/user/Documents/AAD/space_invaders/vivado/vivado_proj_hdmi/zybo_hdmi.gen/sources_1/bd/system/ip/system_axi_mem_intercon_0/bd_0/synth/bd_5cbf.v:352]
INFO: [Synth 8-4490] FSM extraction disabled for register 'gen_pipelined.state_reg' through user attribute
INFO: [Synth 8-4490] FSM extraction disabled for register 'gen_pipelined.state_reg' through user attribute
INFO: [Synth 8-4490] FSM extraction disabled for register 'gen_pipelined.state_reg' through user attribute
INFO: [Synth 8-4490] FSM extraction disabled for register 'gen_pipelined.state_reg' through user attribute
INFO: [Synth 8-4490] FSM extraction disabled for register 'gen_pipelined.state_reg' through user attribute
INFO: [Synth 8-4490] FSM extraction disabled for register 'gen_pipelined.state_reg' through user attribute
INFO: [Synth 8-7129] Port din[0] in module sc_util_v1_0_4_onehot_to_binary is either unconnected or has no load
INFO: [Synth 8-7129] Port aclk in module sc_util_v1_0_4_pipeline__parameterized0 is either unconnected or has no load
INFO: [Synth 8-7129] Port aclken in module sc_util_v1_0_4_pipeline__parameterized0 is either unconnected or has no load
INFO: [Synth 8-7129] Port areset in module sc_util_v1_0_4_pipeline__parameterized0 is either unconnected or has no load
INFO: [Synth 8-7129] Port sleep in module xpm_memory_base__parameterized0 is either unconnected or has no load
INFO: [Synth 8-7129] Port rsta in module xpm_memory_base__parameterized0 is either unconnected or has no load
INFO: [Synth 8-7129] Port regcea in module xpm_memory_base__parameterized0 is either unconnected or has no load
INFO: [Synth 8-7129] Port injectsbiterra in module xpm_memory_base__parameterized0 is either unconnected or has no load
INFO: [Synth 8-7129] Port injectdbiterra in module xpm_memory_base__parameterized0 is either unconnected or has no load
INFO: [Synth 8-7129] Port clkb in module xpm_memory_base__parameterized0 is either unconnected or has no load
INFO: [Synth 8-7129] Port regceb in module xpm_memory_base__parameterized0 is either unconnected or has no load
INFO: [Synth 8-7129] Port web[0] in module xpm_memory_base__parameterized0 is either unconnected or has no load
INFO: [Synth 8-7129] Port dinb[100] in module xpm_memory_base__parameterized0 is either unconnected or has no load
INFO: [Synth 8-7129] Port dinb[99] in module xpm_memory_base__parameterized0 is either unconnected or has no load
INFO: [Synth 8-7129] Port dinb[98] in module xpm_memory_base__parameterized0 is either unconnected or has no load
INFO: [Synth 8-7129] Port dinb[97] in module xpm_memory_base__parameterized0 is either unconnected or has no load
INFO: [Synth 8-7129] Port dinb[96] in module xpm_memory_base__parameterized0 is either unconnected or has no load
INFO: [Synth 8-7129] Port dinb[95] in module xpm_memory_base__parameterized0 is either unconnected or has no load
INFO: [Synth 8-7129] Port dinb[94] in module xpm_memory_base__parameterized0 is either unconnected or has no load
INFO: [Synth 8-7129] Port dinb[93] in module xpm_memory_base__parameterized0 is either unconnected or has no load
INFO: [Synth 8-7129] Port dinb[92] in module xpm_memory_base__parameterized0 is either unconnected or has no load
INFO: [Synth 8-7129] Port dinb[91] in module xpm_memory_base__parameterized0 is either unconnected or has no load
INFO: [Synth 8-7129] Port dinb[90] in module xpm_memory_base__parameterized0 is either unconnected or has no load
INFO: [Synth 8-7129] Port dinb[89] in module xpm_memory_base__parameterized0 is either unconnected or has no load
INFO: [Synth 8-7129] Port dinb[88] in module xpm_memory_base__parameterized0 is either unconnected or has no load
INFO: [Synth 8-7129] Port dinb[87] in module xpm_memory_base__parameterized0 is either unconnected or has no load
INFO: [Synth 8-7129] Port dinb[86] in module xpm_memory_base__parameterized0 is either unconnected or has no load
INFO: [Synth 8-7129] Port dinb[85] in module xpm_memory_base__parameterized0 is either unconnected or has no load
INFO: [Synth 8-7129] Port dinb[84] in module xpm_memory_base__parameterized0 is either unconnected or has no load
INFO: [Synth 8-7129] Port dinb[83] in module xpm_memory_base__parameterized0 is either unconnected or has no load
INFO: [Synth 8-7129] Port dinb[82] in module xpm_memory_base__parameterized0 is either unconnected or has no load
INFO: [Synth 8-7129] Port dinb[81] in module xpm_memory_base__parameterized0 is either unconnected or has no load
INFO: [Synth 8-7129] Port dinb[80] in module xpm_memory_base__parameterized0 is either unconnected or has no load
INFO: [Synth 8-7129] Port dinb[79] in module xpm_memory_base__parameterized0 is either unconnected or has no load
INFO: [Synth 8-7129] Port dinb[78] in module xpm_memory_base__parameterized0 is either unconnected or has no load
INFO: [Synth 8-7129] Port dinb[77] in module xpm_memory_base__parameterized0 is either unconnected or has no load
INFO: [Synth 8-7129] Port dinb[76] in module xpm_memory_base__parameterized0 is either unconnected or has no load
INFO: [Synth 8-7129] Port dinb[75] in module xpm_memory_base__parameterized0 is either unconnected or has no load
INFO: [Synth 8-7129] Port dinb[74] in module xpm_memory_base__parameterized0 is either unconnected or has no load
INFO: [Synth 8-7129] Port dinb[73] in module xpm_memory_base__parameterized0 is either unconnected or has no load
INFO: [Synth 8-7129] Port dinb[72] in module xpm_memory_base__parameterized0 is either unconnected or has no load
INFO: [Synth 8-7129] Port dinb[71] in module xpm_memory_base__parameterized0 is either unconnected or has no load
INFO: [Synth 8-7129] Port dinb[70] in module xpm_memory_base__parameterized0 is either unconnected or has no load
INFO: [Synth 8-7129] Port dinb[69] in module xpm_memory_base__parameterized0 is either unconnected or has no load
INFO: [Synth 8-7129] Port dinb[68] in module xpm_memory_base__parameterized0 is either unconnected or has no load
INFO: [Synth 8-7129] Port dinb[67] in module xpm_memory_base__parameterized0 is either unconnected or has no load
INFO: [Synth 8-7129] Port dinb[66] in module xpm_memory_base__parameterized0 is either unconnected or has no load
INFO: [Synth 8-7129] Port dinb[65] in module xpm_memory_base__parameterized0 is either unconnected or has no load
INFO: [Synth 8-7129] Port dinb[64] in module xpm_memory_base__parameterized0 is either unconnected or has no load
INFO: [Synth 8-7129] Port dinb[63] in module xpm_memory_base__parameterized0 is either unconnected or has no load
INFO: [Synth 8-7129] Port dinb[62] in module xpm_memory_base__parameterized0 is either unconnected or has no load
INFO: [Synth 8-7129] Port dinb[61] in module xpm_memory_base__parameterized0 is either unconnected or has no load
INFO: [Synth 8-7129] Port dinb[60] in module xpm_memory_base__parameterized0 is either unconnected or has no load
INFO: [Synth 8-7129] Port dinb[59] in module xpm_memory_base__parameterized0 is either unconnected or has no load
INFO: [Synth 8-7129] Port dinb[58] in module xpm_memory_base__parameterized0 is either unconnected or has no load
INFO: [Synth 8-7129] Port dinb[57] in module xpm_memory_base__parameterized0 is either unconnected or has no load
INFO: [Synth 8-7129] Port dinb[56] in module xpm_memory_base__parameterized0 is either unconnected or has no load
INFO: [Synth 8-7129] Port dinb[55] in module xpm_memory_base__parameterized0 is either unconnected or has no load
INFO: [Synth 8-7129] Port dinb[54] in module xpm_memory_base__parameterized0 is either unconnected or has no load
INFO: [Synth 8-7129] Port dinb[53] in module xpm_memory_base__parameterized0 is either unconnected or has no load
INFO: [Synth 8-7129] Port dinb[52] in module xpm_memory_base__parameterized0 is either unconnected or has no load
INFO: [Synth 8-7129] Port dinb[51] in module xpm_memory_base__parameterized0 is either unconnected or has no load
INFO: [Synth 8-7129] Port dinb[50] in module xpm_memory_base__parameterized0 is either unconnected or has no load
INFO: [Synth 8-7129] Port dinb[49] in module xpm_memory_base__parameterized0 is either unconnected or has no load
INFO: [Synth 8-7129] Port dinb[48] in module xpm_memory_base__parameterized0 is either unconnected or has no load
INFO: [Synth 8-7129] Port dinb[47] in module xpm_memory_base__parameterized0 is either unconnected or has no load
INFO: [Synth 8-7129] Port dinb[46] in module xpm_memory_base__parameterized0 is either unconnected or has no load
INFO: [Synth 8-7129] Port dinb[45] in module xpm_memory_base__parameterized0 is either unconnected or has no load
INFO: [Synth 8-7129] Port dinb[44] in module xpm_memory_base__parameterized0 is either unconnected or has no load
INFO: [Synth 8-7129] Port dinb[43] in module xpm_memory_base__parameterized0 is either unconnected or has no load
INFO: [Synth 8-7129] Port dinb[42] in module xpm_memory_base__parameterized0 is either unconnected or has no load
INFO: [Synth 8-7129] Port dinb[41] in module xpm_memory_base__parameterized0 is either unconnected or has no load
INFO: [Synth 8-7129] Port dinb[40] in module xpm_memory_base__parameterized0 is either unconnected or has no load
INFO: [Synth 8-7129] Port dinb[39] in module xpm_memory_base__parameterized0 is either unconnected or has no load
INFO: [Synth 8-7129] Port dinb[38] in module xpm_memory_base__parameterized0 is either unconnected or has no load
INFO: [Synth 8-7129] Port dinb[37] in module xpm_memory_base__parameterized0 is either unconnected or has no load
INFO: [Synth 8-7129] Port dinb[36] in module xpm_memory_base__parameterized0 is either unconnected or has no load
INFO: [Synth 8-7129] Port dinb[35] in module xpm_memory_base__parameterized0 is either unconnected or has no load
INFO: [Synth 8-7129] Port dinb[34] in module xpm_memory_base__parameterized0 is either unconnected or has no load
INFO: [Synth 8-7129] Port dinb[33] in module xpm_memory_base__parameterized0 is either unconnected or has no load
INFO: [Synth 8-7129] Port dinb[32] in module xpm_memory_base__parameterized0 is either unconnected or has no load
INFO: [Synth 8-7129] Port dinb[31] in module xpm_memory_base__parameterized0 is either unconnected or has no load
INFO: [Synth 8-7129] Port dinb[30] in module xpm_memory_base__parameterized0 is either unconnected or has no load
INFO: [Synth 8-7129] Port dinb[29] in module xpm_memory_base__parameterized0 is either unconnected or has no load
INFO: [Synth 8-7129] Port dinb[28] in module xpm_memory_base__parameterized0 is either unconnected or has no load
INFO: [Synth 8-7129] Port dinb[27] in module xpm_memory_base__parameterized0 is either unconnected or has no load
INFO: [Synth 8-7129] Port dinb[26] in module xpm_memory_base__parameterized0 is either unconnected or has no load
INFO: [Synth 8-7129] Port dinb[25] in module xpm_memory_base__parameterized0 is either unconnected or has no load
INFO: [Synth 8-7129] Port dinb[24] in module xpm_memory_base__parameterized0 is either unconnected or has no load
INFO: [Synth 8-7129] Port dinb[23] in module xpm_memory_base__parameterized0 is either unconnected or has no load
INFO: [Synth 8-7129] Port dinb[22] in module xpm_memory_base__parameterized0 is either unconnected or has no load
INFO: [Synth 8-7129] Port dinb[21] in module xpm_memory_base__parameterized0 is either unconnected or has no load
INFO: [Synth 8-7129] Port dinb[20] in module xpm_memory_base__parameterized0 is either unconnected or has no load
INFO: [Synth 8-7129] Port dinb[19] in module xpm_memory_base__parameterized0 is either unconnected or has no load
INFO: [Synth 8-7129] Port dinb[18] in module xpm_memory_base__parameterized0 is either unconnected or has no load
INFO: [Synth 8-7129] Port dinb[17] in module xpm_memory_base__parameterized0 is either unconnected or has no load
INFO: [Synth 8-7129] Port dinb[16] in module xpm_memory_base__parameterized0 is either unconnected or has no load
INFO: [Synth 8-7129] Port dinb[15] in module xpm_memory_base__parameterized0 is either unconnected or has no load
INFO: [Synth 8-7129] Port dinb[14] in module xpm_memory_base__parameterized0 is either unconnected or has no load
INFO: [Synth 8-7129] Port dinb[13] in module xpm_memory_base__parameterized0 is either unconnected or has no load
INFO: [Common 17-14] Message 'Synth 8-7129' appears 100 times and further instances of the messages will be disabled. Use the Tcl command set_msg_config to change the current settings.
---------------------------------------------------------------------------------
Finished RTL Elaboration : Time (s): cpu = 00:00:23 ; elapsed = 00:00:24 . Memory (MB): peak = 1657.957 ; gain = 782.387
---------------------------------------------------------------------------------
---------------------------------------------------------------------------------
Start Handling Custom Attributes
---------------------------------------------------------------------------------
---------------------------------------------------------------------------------
Finished Handling Custom Attributes : Time (s): cpu = 00:00:23 ; elapsed = 00:00:24 . Memory (MB): peak = 1657.957 ; gain = 782.387
---------------------------------------------------------------------------------
---------------------------------------------------------------------------------
Finished RTL Optimization Phase 1 : Time (s): cpu = 00:00:23 ; elapsed = 00:00:24 . Memory (MB): peak = 1657.957 ; gain = 782.387
---------------------------------------------------------------------------------
Netlist sorting complete. Time (s): cpu = 00:00:02 ; elapsed = 00:00:02 . Memory (MB): peak = 1657.957 ; gain = 0.000
INFO: [Netlist 29-17] Analyzing 1 Unisim elements for replacement
INFO: [Netlist 29-28] Unisim Transformation completed in 0 CPU seconds
INFO: [Project 1-570] Preparing netlist for logic optimization

Processing XDC Constraints
Initializing timing engine
Parsing XDC File [c:/Users/user/Documents/AAD/space_invaders/vivado/vivado_proj_hdmi/zybo_hdmi.gen/sources_1/bd/system/ip/system_axi_mem_intercon_0/ooc.xdc] for cell 'inst'
Finished Parsing XDC File [c:/Users/user/Documents/AAD/space_invaders/vivado/vivado_proj_hdmi/zybo_hdmi.gen/sources_1/bd/system/ip/system_axi_mem_intercon_0/ooc.xdc] for cell 'inst'
Parsing XDC File [c:/Users/user/Documents/AAD/space_invaders/vivado/vivado_proj_hdmi/zybo_hdmi.gen/sources_1/bd/system/ip/system_axi_mem_intercon_0/bd_0/ip/ip_1/bd_5cbf_psr_aclk_0_board.xdc] for cell 'inst/clk_map/psr_aclk/U0'
Finished Parsing XDC File [c:/Users/user/Documents/AAD/space_invaders/vivado/vivado_proj_hdmi/zybo_hdmi.gen/sources_1/bd/system/ip/system_axi_mem_intercon_0/bd_0/ip/ip_1/bd_5cbf_psr_aclk_0_board.xdc] for cell 'inst/clk_map/psr_aclk/U0'
Parsing XDC File [c:/Users/user/Documents/AAD/space_invaders/vivado/vivado_proj_hdmi/zybo_hdmi.gen/sources_1/bd/system/ip/system_axi_mem_intercon_0/smartconnect.xdc] for cell 'inst'
Finished Parsing XDC File [c:/Users/user/Documents/AAD/space_invaders/vivado/vivado_proj_hdmi/zybo_hdmi.gen/sources_1/bd/system/ip/system_axi_mem_intercon_0/smartconnect.xdc] for cell 'inst'
Parsing XDC File [C:/Users/user/Documents/AAD/space_invaders/vivado/vivado_proj_hdmi/zybo_hdmi.runs/system_axi_mem_intercon_0_synth_1/dont_touch.xdc]
Finished Parsing XDC File [C:/Users/user/Documents/AAD/space_invaders/vivado/vivado_proj_hdmi/zybo_hdmi.runs/system_axi_mem_intercon_0_synth_1/dont_touch.xdc]
INFO: [Project 1-236] Implementation specific constraints were found while reading constraint file [C:/AMDDesignTools/2025.2/Vivado/data/ip/xpm/xpm_cdc/tcl/xpm_cdc_single.tcl]. These constraints will be ignored for synthesis but will be used in implementation. Impacted constraints are listed in the file [.Xil/system_axi_mem_intercon_0_propImpl.xdc].
Resolution: To avoid this warning, move constraints listed in [.Xil/system_axi_mem_intercon_0_propImpl.xdc] to another XDC file and exclude this new file from synthesis with the used_in_synthesis property (File Properties dialog in GUI) and re-run elaboration/synthesis.
INFO: [Project 1-236] Implementation specific constraints were found while reading constraint file [C:/AMDDesignTools/2025.2/Vivado/data/ip/xpm/xpm_memory/tcl/xpm_memory_xdc.tcl]. These constraints will be ignored for synthesis but will be used in implementation. Impacted constraints are listed in the file [.Xil/system_axi_mem_intercon_0_propImpl.xdc].
Resolution: To avoid this warning, move constraints listed in [.Xil/system_axi_mem_intercon_0_propImpl.xdc] to another XDC file and exclude this new file from synthesis with the used_in_synthesis property (File Properties dialog in GUI) and re-run elaboration/synthesis.
INFO: [Project 1-1714] 12 XPM XDC files have been applied to the design.
Completed Processing XDC Constraints

Netlist sorting complete. Time (s): cpu = 00:00:00 ; elapsed = 00:00:00.016 . Memory (MB): peak = 1794.070 ; gain = 0.000
INFO: [Project 1-111] Unisim Transformation Summary:
  A total of 1 instances were transformed.
  SRL16 => SRL16E: 1 instance 

Constraint Validation Runtime : Time (s): cpu = 00:00:00 ; elapsed = 00:00:00.409 . Memory (MB): peak = 1794.070 ; gain = 0.000
INFO: [Designutils 20-5008] Incremental synthesis strategy off
---------------------------------------------------------------------------------
Finished Constraint Validation : Time (s): cpu = 00:00:53 ; elapsed = 00:00:54 . Memory (MB): peak = 1794.070 ; gain = 918.500
---------------------------------------------------------------------------------
---------------------------------------------------------------------------------
Start Loading Part and Timing Information
---------------------------------------------------------------------------------
Loading part: xc7z020clg400-1
---------------------------------------------------------------------------------
Finished Loading Part and Timing Information : Time (s): cpu = 00:00:53 ; elapsed = 00:00:54 . Memory (MB): peak = 1794.070 ; gain = 918.500
---------------------------------------------------------------------------------
---------------------------------------------------------------------------------
Start Applying 'set_property' XDC Constraints
---------------------------------------------------------------------------------
---------------------------------------------------------------------------------
Finished applying 'set_property' XDC Constraints : Time (s): cpu = 00:00:53 ; elapsed = 00:00:55 . Memory (MB): peak = 1794.070 ; gain = 918.500
---------------------------------------------------------------------------------
INFO: [Synth 8-4490] FSM extraction disabled for register 'gen_pipelined.state_reg' through user attribute
INFO: [Synth 8-4490] FSM extraction disabled for register 'gen_pipelined.state_reg' through user attribute
INFO: [Synth 8-4490] FSM extraction disabled for register 'gen_pipelined.state_reg' through user attribute
INFO: [Synth 8-4490] FSM extraction disabled for register 'gen_pipelined.state_reg' through user attribute
INFO: [Synth 8-4490] FSM extraction disabled for register 'gen_pipelined.state_reg' through user attribute
INFO: [Synth 8-4490] FSM extraction disabled for register 'gen_pipelined.state_reg' through user attribute
INFO: [Synth 8-4490] FSM extraction disabled for register 'gen_pipelined.state_reg' through user attribute
INFO: [Synth 8-4490] FSM extraction disabled for register 'gen_pipelined.state_reg' through user attribute
INFO: [Synth 8-4490] FSM extraction disabled for register 'gen_pipelined.state_reg' through user attribute
INFO: [Synth 8-4490] FSM extraction disabled for register 'gen_pipelined.state_reg' through user attribute
INFO: [Synth 8-802] inferred FSM for state register 'gen_axi.gen_write.write_cs_reg' in module 'sc_mmu_v1_0_16_decerr_slave'
INFO: [Synth 8-802] inferred FSM for state register 'gen_endpoint.w_state_reg' in module 'sc_mmu_v1_0_16_top'
INFO: [Synth 8-4490] FSM extraction disabled for register 'gen_pipelined.state_reg' through user attribute
INFO: [Synth 8-4490] FSM extraction disabled for register 'gen_pipelined.state_reg' through user attribute
---------------------------------------------------------------------------------------------------
                   State |                     New Encoding |                Previous Encoding 
---------------------------------------------------------------------------------------------------
            P_WRITE_IDLE |                              001 |                               00
            P_WRITE_DATA |                              010 |                               01
            P_WRITE_RESP |                              100 |                               10
---------------------------------------------------------------------------------------------------
INFO: [Synth 8-3354] encoded FSM with state register 'gen_axi.gen_write.write_cs_reg' using encoding 'one-hot' in module 'sc_mmu_v1_0_16_decerr_slave'
---------------------------------------------------------------------------------------------------
                   State |                     New Encoding |                Previous Encoding 
---------------------------------------------------------------------------------------------------
                  iSTATE |                               00 | 00000000000000000000000000000000
*
                 W_STALL |                               01 | 00000000000000000000000000000001
               W_PENDING |                               10 | 00000000000000000000000000000010
                W_DECERR |                               11 | 00000000000000000000000000000011
---------------------------------------------------------------------------------------------------
INFO: [Synth 8-3354] encoded FSM with state register 'gen_endpoint.w_state_reg' using encoding 'sequential' in module 'sc_mmu_v1_0_16_top'
---------------------------------------------------------------------------------
Finished RTL Optimization Phase 2 : Time (s): cpu = 00:00:56 ; elapsed = 00:00:58 . Memory (MB): peak = 1794.070 ; gain = 918.500
---------------------------------------------------------------------------------
---------------------------------------------------------------------------------
Start RTL Component Statistics 
---------------------------------------------------------------------------------
---------------------------------------------------------------------------------
Finished RTL Component Statistics 
---------------------------------------------------------------------------------
---------------------------------------------------------------------------------
Start Part Resource Summary
---------------------------------------------------------------------------------
Part Resources:
DSPs: 220 (col length:60)
BRAMs: 280 (col length: RAMB18 60 RAMB36 30)
---------------------------------------------------------------------------------
Finished Part Resource Summary
---------------------------------------------------------------------------------
---------------------------------------------------------------------------------
Start Cross Boundary and Area Optimization
---------------------------------------------------------------------------------
WARNING: [Synth 8-3332] Sequential element (clk_map/psr_aclk/U0/FDRE_inst) is unused and will be removed from module bd_5cbf.
WARNING: [Synth 8-3332] Sequential element (clk_map/psr_aclk/U0/BSR_OUT_DFF[0].FDRE_BSR) is unused and will be removed from module bd_5cbf.
WARNING: [Synth 8-3332] Sequential element (clk_map/psr_aclk/U0/PR_OUT_DFF[0].FDRE_PER) is unused and will be removed from module bd_5cbf.
WARNING: [Synth 8-3332] Sequential element (clk_map/psr_aclk/U0/ACTIVE_LOW_PR_OUT_DFF[0].FDRE_PER_N) is unused and will be removed from module bd_5cbf.
INFO: [Synth 8-3332] Sequential element (gen_endpoint.decerr_slave_inst/FSM_onehot_gen_axi.gen_write.write_cs_reg[2]) is unused and will be removed from module sc_mmu_v1_0_16_top.
INFO: [Synth 8-3332] Sequential element (gen_endpoint.decerr_slave_inst/FSM_onehot_gen_axi.gen_write.write_cs_reg[1]) is unused and will be removed from module sc_mmu_v1_0_16_top.
INFO: [Synth 8-3332] Sequential element (gen_endpoint.decerr_slave_inst/FSM_onehot_gen_axi.gen_write.write_cs_reg[0]) is unused and will be removed from module sc_mmu_v1_0_16_top.
INFO: [Synth 8-3332] Sequential element (FSM_sequential_gen_endpoint.w_state_reg[1]) is unused and will be removed from module sc_mmu_v1_0_16_top.
INFO: [Synth 8-3332] Sequential element (FSM_sequential_gen_endpoint.w_state_reg[0]) is unused and will be removed from module sc_mmu_v1_0_16_top.
---------------------------------------------------------------------------------
Finished Cross Boundary and Area Optimization : Time (s): cpu = 00:01:15 ; elapsed = 00:01:18 . Memory (MB): peak = 1794.070 ; gain = 918.500
---------------------------------------------------------------------------------
---------------------------------------------------------------------------------
Start Applying XDC Timing Constraints
---------------------------------------------------------------------------------
---------------------------------------------------------------------------------
Finished Applying XDC Timing Constraints : Time (s): cpu = 00:01:26 ; elapsed = 00:01:30 . Memory (MB): peak = 1841.895 ; gain = 966.324
---------------------------------------------------------------------------------
---------------------------------------------------------------------------------
Start Timing Optimization
---------------------------------------------------------------------------------
---------------------------------------------------------------------------------
Finished Timing Optimization : Time (s): cpu = 00:01:27 ; elapsed = 00:01:31 . Memory (MB): peak = 1878.660 ; gain = 1003.090
---------------------------------------------------------------------------------
---------------------------------------------------------------------------------
Start Technology Mapping
---------------------------------------------------------------------------------
---------------------------------------------------------------------------------
Finished Technology Mapping : Time (s): cpu = 00:01:28 ; elapsed = 00:01:32 . Memory (MB): peak = 1879.234 ; gain = 1003.664
---------------------------------------------------------------------------------
---------------------------------------------------------------------------------
Start IO Insertion
---------------------------------------------------------------------------------
---------------------------------------------------------------------------------
Start Flattening Before IO Insertion
---------------------------------------------------------------------------------
---------------------------------------------------------------------------------
Finished Flattening Before IO Insertion
---------------------------------------------------------------------------------
---------------------------------------------------------------------------------
Start Final Netlist Cleanup
---------------------------------------------------------------------------------
---------------------------------------------------------------------------------
Finished Final Netlist Cleanup
---------------------------------------------------------------------------------
---------------------------------------------------------------------------------
Finished IO Insertion : Time (s): cpu = 00:01:35 ; elapsed = 00:01:39 . Memory (MB): peak = 2101.160 ; gain = 1225.590
---------------------------------------------------------------------------------
---------------------------------------------------------------------------------
Start Renaming Generated Instances
---------------------------------------------------------------------------------
---------------------------------------------------------------------------------
Finished Renaming Generated Instances : Time (s): cpu = 00:01:35 ; elapsed = 00:01:39 . Memory (MB): peak = 2101.160 ; gain = 1225.590
---------------------------------------------------------------------------------
---------------------------------------------------------------------------------
Start Rebuilding User Hierarchy
---------------------------------------------------------------------------------
---------------------------------------------------------------------------------
Finished Rebuilding User Hierarchy : Time (s): cpu = 00:01:35 ; elapsed = 00:01:39 . Memory (MB): peak = 2101.160 ; gain = 1225.590
---------------------------------------------------------------------------------
---------------------------------------------------------------------------------
Start Renaming Generated Ports
---------------------------------------------------------------------------------
---------------------------------------------------------------------------------
Finished Renaming Generated Ports : Time (s): cpu = 00:01:35 ; elapsed = 00:01:39 . Memory (MB): peak = 2101.160 ; gain = 1225.590
---------------------------------------------------------------------------------
---------------------------------------------------------------------------------
Start Handling Custom Attributes
---------------------------------------------------------------------------------
---------------------------------------------------------------------------------
Finished Handling Custom Attributes : Time (s): cpu = 00:01:35 ; elapsed = 00:01:39 . Memory (MB): peak = 2101.160 ; gain = 1225.590
---------------------------------------------------------------------------------
---------------------------------------------------------------------------------
Start Renaming Generated Nets
---------------------------------------------------------------------------------
---------------------------------------------------------------------------------
Finished Renaming Generated Nets : Time (s): cpu = 00:01:35 ; elapsed = 00:01:39 . Memory (MB): peak = 2101.160 ; gain = 1225.590
---------------------------------------------------------------------------------
---------------------------------------------------------------------------------
Start Writing Synthesis Report
---------------------------------------------------------------------------------

Report BlackBoxes: 
+-+--------------+----------+
| |BlackBox name |Instances |
+-+--------------+----------+
+-+--------------+----------+

Report Cell Usage: 
+------+---------+------+
|      |Cell     |Count |
+------+---------+------+
|1     |CARRY4   |    16|
|2     |LUT1     |    36|
|3     |LUT2     |    29|
|4     |LUT3     |    95|
|5     |LUT4     |    50|
|6     |LUT5     |    49|
|7     |LUT6     |   145|
|8     |RAM32M   |    23|
|9     |RAM32X1D |     2|
|10    |SRL16    |     1|
|11    |SRL16E   |     5|
|12    |FDCE     |    24|
|13    |FDRE     |   347|
|14    |FDSE     |    22|
+------+---------+------+
---------------------------------------------------------------------------------
Finished Writing Synthesis Report : Time (s): cpu = 00:01:35 ; elapsed = 00:01:39 . Memory (MB): peak = 2101.160 ; gain = 1225.590
---------------------------------------------------------------------------------
Synthesis finished with 0 errors, 0 critical warnings and 4 warnings.
Synthesis Optimization Runtime : Time (s): cpu = 00:00:53 ; elapsed = 00:01:21 . Memory (MB): peak = 2101.160 ; gain = 1089.477
Synthesis Optimization Complete : Time (s): cpu = 00:01:35 ; elapsed = 00:01:40 . Memory (MB): peak = 2101.160 ; gain = 1225.590
INFO: [Project 1-571] Translating synthesized netlist
Netlist sorting complete. Time (s): cpu = 00:00:01 ; elapsed = 00:00:00.249 . Memory (MB): peak = 2106.301 ; gain = 0.000
INFO: [Netlist 29-17] Analyzing 42 Unisim elements for replacement
INFO: [Netlist 29-28] Unisim Transformation completed in 0 CPU seconds
INFO: [Project 1-570] Preparing netlist for logic optimization
INFO: [Opt 31-138] Pushed 0 inverter(s) to 0 load pin(s).
Netlist sorting complete. Time (s): cpu = 00:00:00 ; elapsed = 00:00:00.001 . Memory (MB): peak = 2113.977 ; gain = 0.000
INFO: [Project 1-111] Unisim Transformation Summary:
  A total of 26 instances were transformed.
  RAM32M => RAM32M (RAMD32(x6), RAMS32(x2)): 23 instances
  RAM32X1D => RAM32X1D (RAMD32(x2)): 2 instances
  SRL16 => SRL16E: 1 instance 

Synth Design complete | Checksum: 107065dd
INFO: [Common 17-83] Releasing license: Synthesis
212 Infos, 13 Warnings, 0 Critical Warnings and 0 Errors encountered.
synth_design completed successfully
synth_design: Time (s): cpu = 00:01:44 ; elapsed = 00:01:50 . Memory (MB): peak = 2113.977 ; gain = 1478.992
Write ShapeDB Complete: Time (s): cpu = 00:00:00 ; elapsed = 00:00:00.006 . Memory (MB): peak = 2113.977 ; gain = 0.000
INFO: [Common 17-1381] The checkpoint 'C:/Users/user/Documents/AAD/space_invaders/vivado/vivado_proj_hdmi/zybo_hdmi.runs/system_axi_mem_intercon_0_synth_1/system_axi_mem_intercon_0.dcp' has been generated.
INFO: [Coretcl 2-1648] Added synthesis output to IP cache for IP system_axi_mem_intercon_0, cache-ID = 0d64c76eb9a5d8d5
INFO: [Coretcl 2-1174] Renamed 65 cell refs.
Write ShapeDB Complete: Time (s): cpu = 00:00:00 ; elapsed = 00:00:00.007 . Memory (MB): peak = 2113.977 ; gain = 0.000
INFO: [Common 17-1381] The checkpoint 'C:/Users/user/Documents/AAD/space_invaders/vivado/vivado_proj_hdmi/zybo_hdmi.runs/system_axi_mem_intercon_0_synth_1/system_axi_mem_intercon_0.dcp' has been generated.
INFO: [Vivado 12-24828] Executing command : report_utilization -file system_axi_mem_intercon_0_utilization_synth.rpt -pb system_axi_mem_intercon_0_utilization_synth.pb
INFO: [Common 17-206] Exiting Vivado at Mon Jun 29 11:02:03 2026...
