
*** Running vivado
    with args -log system_wrapper.vds -m64 -product Vivado -mode batch -messageDb vivado.pb -notrace -source system_wrapper.tcl



****** Vivado v2025.2 (64-bit)
  **** SW Build 6299465 on Fri Nov 14 19:35:11 GMT 2025
  **** IP Build 6300035 on Fri Nov 14 10:48:45 MST 2025
  **** SharedData Build 6298862 on Thu Nov 13 04:50:51 MST 2025
  **** Start of session at: Mon Jun 29 19:33:56 2026
    ** Copyright 1986-2022 Xilinx, Inc. All Rights Reserved.
    ** Copyright 2022-2025 Advanced Micro Devices, Inc. All Rights Reserved.

source system_wrapper.tcl -notrace
INFO: [IP_Flow 19-234] Refreshing IP repositories
WARNING: [IP_Flow 19-2248] Failed to load user IP repository 'c:/Users/holy_two/projeto_vivado/space-invaders-fpga/vivado/Zybo-Z7-20-HDMI/repo/vivado-library'; Can't find the specified path.
If this directory should no longer be in your list of user repositories, go to the IP Settings dialog and remove it.
INFO: [IP_Flow 19-2313] Loaded Vivado IP repository 'C:/AMDDesignTools/2025.2/Vivado/data/ip'.
WARNING: [IP_Flow 19-4995] The host OS only allows 260 characters in a normal path. The IP cache path is more than 80 characters. If you experience issues with IP caching, please consider changing the IP cache to a location with a shorter path. Alternately consider using the OS subst command to map part of the path to a drive letter. 
Current IP cache path is c:/Users/holy_two/projeto_vivado/space-invaders-fpga/vivado/vivado_proj_hdmi/zybo_hdmi.cache/ip 
WARNING: [IP_Flow 19-12246] XCI file 'c:/Users/holy_two/projeto_vivado/space-invaders-fpga/vivado/vivado_proj_hdmi/zybo_hdmi.srcs/sources_1/bd/system/ip/system_axis_subset_converter_0_0/system_axis_subset_converter_0_0.xci' contents have changed since it was last written.
WARNING: [BD 41-1661] One or more IPs have been locked in the design 'system.bd'. Please run report_ip_status for more details and recommendations on how to fix this issue.
List of locked IPs:
system_rgb2dvi_0_0

INFO: [Project 1-5698] Found the below utility IPs instantiated in block design C:/Users/holy_two/projeto_vivado/space-invaders-fpga/vivado/vivado_proj_hdmi/zybo_hdmi.srcs/sources_1/bd/system/system.bd which have equivalent inline hdl with improved performance and reduced diskspace.
It is recommended to migrate these utility IPs to inline hdl  using the command upgrade_project -migrate_to_inline_hdl.  The utility IPs may be deprecated in future releases.
More information on inline hdl is available in UG994.
Utility IP Component Instances:
 system_const_one_0
Command: read_checkpoint -auto_incremental -incremental C:/Users/holy_two/projeto_vivado/space-invaders-fpga/vivado/vivado_proj_hdmi/zybo_hdmi.srcs/utils_1/imports/synth_1/system_wrapper.dcp
INFO: [Vivado 12-5825] Read reference checkpoint from C:/Users/holy_two/projeto_vivado/space-invaders-fpga/vivado/vivado_proj_hdmi/zybo_hdmi.srcs/utils_1/imports/synth_1/system_wrapper.dcp for incremental synthesis
INFO: [Vivado 12-7989] Please ensure there are no constraint changes
Command: synth_design -top system_wrapper -part xc7z020clg400-1
Starting synth_design
Attempting to get a license for feature 'Synthesis' and/or device 'xc7z020'
INFO: [Common 17-349] Got license for feature 'Synthesis' and/or device 'xc7z020'
INFO: [Device 21-403] Loading part xc7z020clg400-1
INFO: [Designutils 20-5440] No compile time benefit to using incremental synthesis; A full resynthesis will be run
INFO: [Designutils 20-4379] Flow is switching to default flow due to incremental criteria not met. If you would like to alter this behaviour and have the flow terminate instead, please set the following parameter config_implementation {autoIncr.Synth.RejectBehavior Terminate}
INFO: [Synth 8-7079] Multithreading enabled for synth_design using a maximum of 2 processes.
INFO: [Synth 8-7078] Launching helper process for spawning children vivado processes
INFO: [Synth 8-7075] Helper process launched with PID 8308
---------------------------------------------------------------------------------
Starting RTL Elaboration : Time (s): cpu = 00:00:04 ; elapsed = 00:00:04 . Memory (MB): peak = 1365.699 ; gain = 541.145
---------------------------------------------------------------------------------
INFO: [Synth 8-6157] synthesizing module 'system_wrapper' [C:/Users/holy_two/projeto_vivado/space-invaders-fpga/vivado/vivado_proj_hdmi/zybo_hdmi.gen/sources_1/bd/system/hdl/system_wrapper.v:13]
INFO: [Synth 8-6157] synthesizing module 'system' [c:/Users/holy_two/projeto_vivado/space-invaders-fpga/vivado/vivado_proj_hdmi/zybo_hdmi.gen/sources_1/bd/system/synth/system.v:13]
INFO: [Synth 8-6157] synthesizing module 'system_axi_gpio_0_0' [C:/Users/holy_two/projeto_vivado/space-invaders-fpga/vivado/vivado_proj_hdmi/zybo_hdmi.runs/synth_1/.Xil/Vivado-6552-DESKTOP-GJH7SAM/realtime/system_axi_gpio_0_0_stub.v:6]
INFO: [Synth 8-6155] done synthesizing module 'system_axi_gpio_0_0' (0#1) [C:/Users/holy_two/projeto_vivado/space-invaders-fpga/vivado/vivado_proj_hdmi/zybo_hdmi.runs/synth_1/.Xil/Vivado-6552-DESKTOP-GJH7SAM/realtime/system_axi_gpio_0_0_stub.v:6]
INFO: [Synth 8-6157] synthesizing module 'system_axi_mem_intercon_0' [C:/Users/holy_two/projeto_vivado/space-invaders-fpga/vivado/vivado_proj_hdmi/zybo_hdmi.runs/synth_1/.Xil/Vivado-6552-DESKTOP-GJH7SAM/realtime/system_axi_mem_intercon_0_stub.v:6]
INFO: [Synth 8-6155] done synthesizing module 'system_axi_mem_intercon_0' (0#1) [C:/Users/holy_two/projeto_vivado/space-invaders-fpga/vivado/vivado_proj_hdmi/zybo_hdmi.runs/synth_1/.Xil/Vivado-6552-DESKTOP-GJH7SAM/realtime/system_axi_mem_intercon_0_stub.v:6]
INFO: [Synth 8-6157] synthesizing module 'system_axi_vdma_0_0' [C:/Users/holy_two/projeto_vivado/space-invaders-fpga/vivado/vivado_proj_hdmi/zybo_hdmi.runs/synth_1/.Xil/Vivado-6552-DESKTOP-GJH7SAM/realtime/system_axi_vdma_0_0_stub.v:6]
INFO: [Synth 8-6155] done synthesizing module 'system_axi_vdma_0_0' (0#1) [C:/Users/holy_two/projeto_vivado/space-invaders-fpga/vivado/vivado_proj_hdmi/zybo_hdmi.runs/synth_1/.Xil/Vivado-6552-DESKTOP-GJH7SAM/realtime/system_axi_vdma_0_0_stub.v:6]
WARNING: [Synth 8-7071] port 'mm2s_frame_ptr_out' of module 'system_axi_vdma_0_0' is unconnected for instance 'axi_vdma_0' [c:/Users/holy_two/projeto_vivado/space-invaders-fpga/vivado/vivado_proj_hdmi/zybo_hdmi.gen/sources_1/bd/system/synth/system.v:277]
WARNING: [Synth 8-7071] port 'mm2s_introut' of module 'system_axi_vdma_0_0' is unconnected for instance 'axi_vdma_0' [c:/Users/holy_two/projeto_vivado/space-invaders-fpga/vivado/vivado_proj_hdmi/zybo_hdmi.gen/sources_1/bd/system/synth/system.v:277]
WARNING: [Synth 8-7023] instance 'axi_vdma_0' of module 'system_axi_vdma_0_0' has 42 connections declared, but only 40 given [c:/Users/holy_two/projeto_vivado/space-invaders-fpga/vivado/vivado_proj_hdmi/zybo_hdmi.gen/sources_1/bd/system/synth/system.v:277]
INFO: [Synth 8-6157] synthesizing module 'system_axis_subset_converter_0_0' [C:/Users/holy_two/projeto_vivado/space-invaders-fpga/vivado/vivado_proj_hdmi/zybo_hdmi.runs/synth_1/.Xil/Vivado-6552-DESKTOP-GJH7SAM/realtime/system_axis_subset_converter_0_0_stub.v:6]
INFO: [Synth 8-6155] done synthesizing module 'system_axis_subset_converter_0_0' (0#1) [C:/Users/holy_two/projeto_vivado/space-invaders-fpga/vivado/vivado_proj_hdmi/zybo_hdmi.runs/synth_1/.Xil/Vivado-6552-DESKTOP-GJH7SAM/realtime/system_axis_subset_converter_0_0_stub.v:6]
WARNING: [Synth 8-7071] port 'm_axis_tkeep' of module 'system_axis_subset_converter_0_0' is unconnected for instance 'axis_subset_converter_0' [c:/Users/holy_two/projeto_vivado/space-invaders-fpga/vivado/vivado_proj_hdmi/zybo_hdmi.gen/sources_1/bd/system/synth/system.v:318]
WARNING: [Synth 8-7023] instance 'axis_subset_converter_0' of module 'system_axis_subset_converter_0_0' has 14 connections declared, but only 13 given [c:/Users/holy_two/projeto_vivado/space-invaders-fpga/vivado/vivado_proj_hdmi/zybo_hdmi.gen/sources_1/bd/system/synth/system.v:318]
INFO: [Synth 8-6157] synthesizing module 'system_clk_wiz_0_0' [C:/Users/holy_two/projeto_vivado/space-invaders-fpga/vivado/vivado_proj_hdmi/zybo_hdmi.runs/synth_1/.Xil/Vivado-6552-DESKTOP-GJH7SAM/realtime/system_clk_wiz_0_0_stub.v:6]
INFO: [Synth 8-6155] done synthesizing module 'system_clk_wiz_0_0' (0#1) [C:/Users/holy_two/projeto_vivado/space-invaders-fpga/vivado/vivado_proj_hdmi/zybo_hdmi.runs/synth_1/.Xil/Vivado-6552-DESKTOP-GJH7SAM/realtime/system_clk_wiz_0_0_stub.v:6]
INFO: [Synth 8-6157] synthesizing module 'system_const_one_0' [c:/Users/holy_two/projeto_vivado/space-invaders-fpga/vivado/vivado_proj_hdmi/zybo_hdmi.gen/sources_1/bd/system/ip/system_const_one_0/synth/system_const_one_0.v:53]
INFO: [Synth 8-6157] synthesizing module 'xlconstant_v1_1_10_xlconstant' [c:/Users/holy_two/projeto_vivado/space-invaders-fpga/vivado/vivado_proj_hdmi/zybo_hdmi.gen/sources_1/bd/system/ipshared/a165/hdl/xlconstant_v1_1_vl_rfs.v:68]
INFO: [Synth 8-6155] done synthesizing module 'xlconstant_v1_1_10_xlconstant' (0#1) [c:/Users/holy_two/projeto_vivado/space-invaders-fpga/vivado/vivado_proj_hdmi/zybo_hdmi.gen/sources_1/bd/system/ipshared/a165/hdl/xlconstant_v1_1_vl_rfs.v:68]
INFO: [Synth 8-6155] done synthesizing module 'system_const_one_0' (0#1) [c:/Users/holy_two/projeto_vivado/space-invaders-fpga/vivado/vivado_proj_hdmi/zybo_hdmi.gen/sources_1/bd/system/ip/system_const_one_0/synth/system_const_one_0.v:53]
INFO: [Synth 8-6157] synthesizing module 'system_processing_system7_0_0' [C:/Users/holy_two/projeto_vivado/space-invaders-fpga/vivado/vivado_proj_hdmi/zybo_hdmi.runs/synth_1/.Xil/Vivado-6552-DESKTOP-GJH7SAM/realtime/system_processing_system7_0_0_stub.v:6]
INFO: [Synth 8-6155] done synthesizing module 'system_processing_system7_0_0' (0#1) [C:/Users/holy_two/projeto_vivado/space-invaders-fpga/vivado/vivado_proj_hdmi/zybo_hdmi.runs/synth_1/.Xil/Vivado-6552-DESKTOP-GJH7SAM/realtime/system_processing_system7_0_0_stub.v:6]
WARNING: [Synth 8-7071] port 'USB0_PORT_INDCTL' of module 'system_processing_system7_0_0' is unconnected for instance 'processing_system7_0' [c:/Users/holy_two/projeto_vivado/space-invaders-fpga/vivado/vivado_proj_hdmi/zybo_hdmi.gen/sources_1/bd/system/synth/system.v:340]
WARNING: [Synth 8-7071] port 'USB0_VBUS_PWRSELECT' of module 'system_processing_system7_0_0' is unconnected for instance 'processing_system7_0' [c:/Users/holy_two/projeto_vivado/space-invaders-fpga/vivado/vivado_proj_hdmi/zybo_hdmi.gen/sources_1/bd/system/synth/system.v:340]
WARNING: [Synth 8-7071] port 'S_AXI_HP0_AWREADY' of module 'system_processing_system7_0_0' is unconnected for instance 'processing_system7_0' [c:/Users/holy_two/projeto_vivado/space-invaders-fpga/vivado/vivado_proj_hdmi/zybo_hdmi.gen/sources_1/bd/system/synth/system.v:340]
WARNING: [Synth 8-7071] port 'S_AXI_HP0_BVALID' of module 'system_processing_system7_0_0' is unconnected for instance 'processing_system7_0' [c:/Users/holy_two/projeto_vivado/space-invaders-fpga/vivado/vivado_proj_hdmi/zybo_hdmi.gen/sources_1/bd/system/synth/system.v:340]
WARNING: [Synth 8-7071] port 'S_AXI_HP0_WREADY' of module 'system_processing_system7_0_0' is unconnected for instance 'processing_system7_0' [c:/Users/holy_two/projeto_vivado/space-invaders-fpga/vivado/vivado_proj_hdmi/zybo_hdmi.gen/sources_1/bd/system/synth/system.v:340]
WARNING: [Synth 8-7071] port 'S_AXI_HP0_BRESP' of module 'system_processing_system7_0_0' is unconnected for instance 'processing_system7_0' [c:/Users/holy_two/projeto_vivado/space-invaders-fpga/vivado/vivado_proj_hdmi/zybo_hdmi.gen/sources_1/bd/system/synth/system.v:340]
WARNING: [Synth 8-7071] port 'S_AXI_HP0_BID' of module 'system_processing_system7_0_0' is unconnected for instance 'processing_system7_0' [c:/Users/holy_two/projeto_vivado/space-invaders-fpga/vivado/vivado_proj_hdmi/zybo_hdmi.gen/sources_1/bd/system/synth/system.v:340]
WARNING: [Synth 8-7071] port 'S_AXI_HP0_RID' of module 'system_processing_system7_0_0' is unconnected for instance 'processing_system7_0' [c:/Users/holy_two/projeto_vivado/space-invaders-fpga/vivado/vivado_proj_hdmi/zybo_hdmi.gen/sources_1/bd/system/synth/system.v:340]
WARNING: [Synth 8-7071] port 'S_AXI_HP0_RCOUNT' of module 'system_processing_system7_0_0' is unconnected for instance 'processing_system7_0' [c:/Users/holy_two/projeto_vivado/space-invaders-fpga/vivado/vivado_proj_hdmi/zybo_hdmi.gen/sources_1/bd/system/synth/system.v:340]
WARNING: [Synth 8-7071] port 'S_AXI_HP0_WCOUNT' of module 'system_processing_system7_0_0' is unconnected for instance 'processing_system7_0' [c:/Users/holy_two/projeto_vivado/space-invaders-fpga/vivado/vivado_proj_hdmi/zybo_hdmi.gen/sources_1/bd/system/synth/system.v:340]
WARNING: [Synth 8-7071] port 'S_AXI_HP0_RACOUNT' of module 'system_processing_system7_0_0' is unconnected for instance 'processing_system7_0' [c:/Users/holy_two/projeto_vivado/space-invaders-fpga/vivado/vivado_proj_hdmi/zybo_hdmi.gen/sources_1/bd/system/synth/system.v:340]
WARNING: [Synth 8-7071] port 'S_AXI_HP0_WACOUNT' of module 'system_processing_system7_0_0' is unconnected for instance 'processing_system7_0' [c:/Users/holy_two/projeto_vivado/space-invaders-fpga/vivado/vivado_proj_hdmi/zybo_hdmi.gen/sources_1/bd/system/synth/system.v:340]
WARNING: [Synth 8-7023] instance 'processing_system7_0' of module 'system_processing_system7_0_0' has 110 connections declared, but only 98 given [c:/Users/holy_two/projeto_vivado/space-invaders-fpga/vivado/vivado_proj_hdmi/zybo_hdmi.gen/sources_1/bd/system/synth/system.v:340]
INFO: [Synth 8-6157] synthesizing module 'system_ps7_0_axi_periph_0' [C:/Users/holy_two/projeto_vivado/space-invaders-fpga/vivado/vivado_proj_hdmi/zybo_hdmi.runs/synth_1/.Xil/Vivado-6552-DESKTOP-GJH7SAM/realtime/system_ps7_0_axi_periph_0_stub.v:6]
INFO: [Synth 8-6155] done synthesizing module 'system_ps7_0_axi_periph_0' (0#1) [C:/Users/holy_two/projeto_vivado/space-invaders-fpga/vivado/vivado_proj_hdmi/zybo_hdmi.runs/synth_1/.Xil/Vivado-6552-DESKTOP-GJH7SAM/realtime/system_ps7_0_axi_periph_0_stub.v:6]
WARNING: [Synth 8-7071] port 'M00_AXI_awprot' of module 'system_ps7_0_axi_periph_0' is unconnected for instance 'ps7_0_axi_periph' [c:/Users/holy_two/projeto_vivado/space-invaders-fpga/vivado/vivado_proj_hdmi/zybo_hdmi.gen/sources_1/bd/system/synth/system.v:439]
WARNING: [Synth 8-7071] port 'M00_AXI_wstrb' of module 'system_ps7_0_axi_periph_0' is unconnected for instance 'ps7_0_axi_periph' [c:/Users/holy_two/projeto_vivado/space-invaders-fpga/vivado/vivado_proj_hdmi/zybo_hdmi.gen/sources_1/bd/system/synth/system.v:439]
WARNING: [Synth 8-7071] port 'M00_AXI_arprot' of module 'system_ps7_0_axi_periph_0' is unconnected for instance 'ps7_0_axi_periph' [c:/Users/holy_two/projeto_vivado/space-invaders-fpga/vivado/vivado_proj_hdmi/zybo_hdmi.gen/sources_1/bd/system/synth/system.v:439]
WARNING: [Synth 8-7071] port 'M01_AXI_awprot' of module 'system_ps7_0_axi_periph_0' is unconnected for instance 'ps7_0_axi_periph' [c:/Users/holy_two/projeto_vivado/space-invaders-fpga/vivado/vivado_proj_hdmi/zybo_hdmi.gen/sources_1/bd/system/synth/system.v:439]
WARNING: [Synth 8-7071] port 'M01_AXI_arprot' of module 'system_ps7_0_axi_periph_0' is unconnected for instance 'ps7_0_axi_periph' [c:/Users/holy_two/projeto_vivado/space-invaders-fpga/vivado/vivado_proj_hdmi/zybo_hdmi.gen/sources_1/bd/system/synth/system.v:439]
WARNING: [Synth 8-7023] instance 'ps7_0_axi_periph' of module 'system_ps7_0_axi_periph_0' has 78 connections declared, but only 73 given [c:/Users/holy_two/projeto_vivado/space-invaders-fpga/vivado/vivado_proj_hdmi/zybo_hdmi.gen/sources_1/bd/system/synth/system.v:439]
INFO: [Synth 8-6157] synthesizing module 'system_rgb2dvi_0_0' [C:/Users/holy_two/projeto_vivado/space-invaders-fpga/vivado/vivado_proj_hdmi/zybo_hdmi.runs/synth_1/.Xil/Vivado-6552-DESKTOP-GJH7SAM/realtime/system_rgb2dvi_0_0_stub.v:6]
INFO: [Synth 8-6155] done synthesizing module 'system_rgb2dvi_0_0' (0#1) [C:/Users/holy_two/projeto_vivado/space-invaders-fpga/vivado/vivado_proj_hdmi/zybo_hdmi.runs/synth_1/.Xil/Vivado-6552-DESKTOP-GJH7SAM/realtime/system_rgb2dvi_0_0_stub.v:6]
INFO: [Synth 8-6157] synthesizing module 'system_rst_100M_0' [C:/Users/holy_two/projeto_vivado/space-invaders-fpga/vivado/vivado_proj_hdmi/zybo_hdmi.runs/synth_1/.Xil/Vivado-6552-DESKTOP-GJH7SAM/realtime/system_rst_100M_0_stub.v:6]
INFO: [Synth 8-6155] done synthesizing module 'system_rst_100M_0' (0#1) [C:/Users/holy_two/projeto_vivado/space-invaders-fpga/vivado/vivado_proj_hdmi/zybo_hdmi.runs/synth_1/.Xil/Vivado-6552-DESKTOP-GJH7SAM/realtime/system_rst_100M_0_stub.v:6]
WARNING: [Synth 8-7071] port 'mb_reset' of module 'system_rst_100M_0' is unconnected for instance 'rst_100M' [c:/Users/holy_two/projeto_vivado/space-invaders-fpga/vivado/vivado_proj_hdmi/zybo_hdmi.gen/sources_1/bd/system/synth/system.v:525]
WARNING: [Synth 8-7071] port 'bus_struct_reset' of module 'system_rst_100M_0' is unconnected for instance 'rst_100M' [c:/Users/holy_two/projeto_vivado/space-invaders-fpga/vivado/vivado_proj_hdmi/zybo_hdmi.gen/sources_1/bd/system/synth/system.v:525]
WARNING: [Synth 8-7071] port 'peripheral_reset' of module 'system_rst_100M_0' is unconnected for instance 'rst_100M' [c:/Users/holy_two/projeto_vivado/space-invaders-fpga/vivado/vivado_proj_hdmi/zybo_hdmi.gen/sources_1/bd/system/synth/system.v:525]
WARNING: [Synth 8-7071] port 'interconnect_aresetn' of module 'system_rst_100M_0' is unconnected for instance 'rst_100M' [c:/Users/holy_two/projeto_vivado/space-invaders-fpga/vivado/vivado_proj_hdmi/zybo_hdmi.gen/sources_1/bd/system/synth/system.v:525]
WARNING: [Synth 8-7023] instance 'rst_100M' of module 'system_rst_100M_0' has 10 connections declared, but only 6 given [c:/Users/holy_two/projeto_vivado/space-invaders-fpga/vivado/vivado_proj_hdmi/zybo_hdmi.gen/sources_1/bd/system/synth/system.v:525]
INFO: [Synth 8-6157] synthesizing module 'system_rst_pix_0' [C:/Users/holy_two/projeto_vivado/space-invaders-fpga/vivado/vivado_proj_hdmi/zybo_hdmi.runs/synth_1/.Xil/Vivado-6552-DESKTOP-GJH7SAM/realtime/system_rst_pix_0_stub.v:6]
INFO: [Synth 8-6155] done synthesizing module 'system_rst_pix_0' (0#1) [C:/Users/holy_two/projeto_vivado/space-invaders-fpga/vivado/vivado_proj_hdmi/zybo_hdmi.runs/synth_1/.Xil/Vivado-6552-DESKTOP-GJH7SAM/realtime/system_rst_pix_0_stub.v:6]
WARNING: [Synth 8-7071] port 'mb_reset' of module 'system_rst_pix_0' is unconnected for instance 'rst_pix' [c:/Users/holy_two/projeto_vivado/space-invaders-fpga/vivado/vivado_proj_hdmi/zybo_hdmi.gen/sources_1/bd/system/synth/system.v:532]
WARNING: [Synth 8-7071] port 'bus_struct_reset' of module 'system_rst_pix_0' is unconnected for instance 'rst_pix' [c:/Users/holy_two/projeto_vivado/space-invaders-fpga/vivado/vivado_proj_hdmi/zybo_hdmi.gen/sources_1/bd/system/synth/system.v:532]
WARNING: [Synth 8-7071] port 'peripheral_reset' of module 'system_rst_pix_0' is unconnected for instance 'rst_pix' [c:/Users/holy_two/projeto_vivado/space-invaders-fpga/vivado/vivado_proj_hdmi/zybo_hdmi.gen/sources_1/bd/system/synth/system.v:532]
WARNING: [Synth 8-7071] port 'interconnect_aresetn' of module 'system_rst_pix_0' is unconnected for instance 'rst_pix' [c:/Users/holy_two/projeto_vivado/space-invaders-fpga/vivado/vivado_proj_hdmi/zybo_hdmi.gen/sources_1/bd/system/synth/system.v:532]
WARNING: [Synth 8-7023] instance 'rst_pix' of module 'system_rst_pix_0' has 10 connections declared, but only 6 given [c:/Users/holy_two/projeto_vivado/space-invaders-fpga/vivado/vivado_proj_hdmi/zybo_hdmi.gen/sources_1/bd/system/synth/system.v:532]
INFO: [Synth 8-6157] synthesizing module 'system_v_axi4s_vid_out_0_0' [C:/Users/holy_two/projeto_vivado/space-invaders-fpga/vivado/vivado_proj_hdmi/zybo_hdmi.runs/synth_1/.Xil/Vivado-6552-DESKTOP-GJH7SAM/realtime/system_v_axi4s_vid_out_0_0_stub.v:6]
INFO: [Synth 8-6155] done synthesizing module 'system_v_axi4s_vid_out_0_0' (0#1) [C:/Users/holy_two/projeto_vivado/space-invaders-fpga/vivado/vivado_proj_hdmi/zybo_hdmi.runs/synth_1/.Xil/Vivado-6552-DESKTOP-GJH7SAM/realtime/system_v_axi4s_vid_out_0_0_stub.v:6]
WARNING: [Synth 8-7071] port 'vid_vblank' of module 'system_v_axi4s_vid_out_0_0' is unconnected for instance 'v_axi4s_vid_out_0' [c:/Users/holy_two/projeto_vivado/space-invaders-fpga/vivado/vivado_proj_hdmi/zybo_hdmi.gen/sources_1/bd/system/synth/system.v:539]
WARNING: [Synth 8-7071] port 'vid_hblank' of module 'system_v_axi4s_vid_out_0_0' is unconnected for instance 'v_axi4s_vid_out_0' [c:/Users/holy_two/projeto_vivado/space-invaders-fpga/vivado/vivado_proj_hdmi/zybo_hdmi.gen/sources_1/bd/system/synth/system.v:539]
WARNING: [Synth 8-7071] port 'vid_field_id' of module 'system_v_axi4s_vid_out_0_0' is unconnected for instance 'v_axi4s_vid_out_0' [c:/Users/holy_two/projeto_vivado/space-invaders-fpga/vivado/vivado_proj_hdmi/zybo_hdmi.gen/sources_1/bd/system/synth/system.v:539]
WARNING: [Synth 8-7071] port 'locked' of module 'system_v_axi4s_vid_out_0_0' is unconnected for instance 'v_axi4s_vid_out_0' [c:/Users/holy_two/projeto_vivado/space-invaders-fpga/vivado/vivado_proj_hdmi/zybo_hdmi.gen/sources_1/bd/system/synth/system.v:539]
WARNING: [Synth 8-7071] port 'overflow' of module 'system_v_axi4s_vid_out_0_0' is unconnected for instance 'v_axi4s_vid_out_0' [c:/Users/holy_two/projeto_vivado/space-invaders-fpga/vivado/vivado_proj_hdmi/zybo_hdmi.gen/sources_1/bd/system/synth/system.v:539]
WARNING: [Synth 8-7071] port 'underflow' of module 'system_v_axi4s_vid_out_0_0' is unconnected for instance 'v_axi4s_vid_out_0' [c:/Users/holy_two/projeto_vivado/space-invaders-fpga/vivado/vivado_proj_hdmi/zybo_hdmi.gen/sources_1/bd/system/synth/system.v:539]
WARNING: [Synth 8-7071] port 'fifo_read_level' of module 'system_v_axi4s_vid_out_0_0' is unconnected for instance 'v_axi4s_vid_out_0' [c:/Users/holy_two/projeto_vivado/space-invaders-fpga/vivado/vivado_proj_hdmi/zybo_hdmi.gen/sources_1/bd/system/synth/system.v:539]
WARNING: [Synth 8-7071] port 'status' of module 'system_v_axi4s_vid_out_0_0' is unconnected for instance 'v_axi4s_vid_out_0' [c:/Users/holy_two/projeto_vivado/space-invaders-fpga/vivado/vivado_proj_hdmi/zybo_hdmi.gen/sources_1/bd/system/synth/system.v:539]
WARNING: [Synth 8-7071] port 'sof_state_out' of module 'system_v_axi4s_vid_out_0_0' is unconnected for instance 'v_axi4s_vid_out_0' [c:/Users/holy_two/projeto_vivado/space-invaders-fpga/vivado/vivado_proj_hdmi/zybo_hdmi.gen/sources_1/bd/system/synth/system.v:539]
WARNING: [Synth 8-7023] instance 'v_axi4s_vid_out_0' of module 'system_v_axi4s_vid_out_0_0' has 32 connections declared, but only 23 given [c:/Users/holy_two/projeto_vivado/space-invaders-fpga/vivado/vivado_proj_hdmi/zybo_hdmi.gen/sources_1/bd/system/synth/system.v:539]
INFO: [Synth 8-6157] synthesizing module 'system_v_tc_0_0' [C:/Users/holy_two/projeto_vivado/space-invaders-fpga/vivado/vivado_proj_hdmi/zybo_hdmi.runs/synth_1/.Xil/Vivado-6552-DESKTOP-GJH7SAM/realtime/system_v_tc_0_0_stub.v:6]
INFO: [Synth 8-6155] done synthesizing module 'system_v_tc_0_0' (0#1) [C:/Users/holy_two/projeto_vivado/space-invaders-fpga/vivado/vivado_proj_hdmi/zybo_hdmi.runs/synth_1/.Xil/Vivado-6552-DESKTOP-GJH7SAM/realtime/system_v_tc_0_0_stub.v:6]
WARNING: [Synth 8-7071] port 'fsync_out' of module 'system_v_tc_0_0' is unconnected for instance 'v_tc_0' [c:/Users/holy_two/projeto_vivado/space-invaders-fpga/vivado/vivado_proj_hdmi/zybo_hdmi.gen/sources_1/bd/system/synth/system.v:563]
WARNING: [Synth 8-7023] instance 'v_tc_0' of module 'system_v_tc_0_0' has 11 connections declared, but only 10 given [c:/Users/holy_two/projeto_vivado/space-invaders-fpga/vivado/vivado_proj_hdmi/zybo_hdmi.gen/sources_1/bd/system/synth/system.v:563]
INFO: [Synth 8-6155] done synthesizing module 'system' (0#1) [c:/Users/holy_two/projeto_vivado/space-invaders-fpga/vivado/vivado_proj_hdmi/zybo_hdmi.gen/sources_1/bd/system/synth/system.v:13]
INFO: [Synth 8-6155] done synthesizing module 'system_wrapper' (0#1) [C:/Users/holy_two/projeto_vivado/space-invaders-fpga/vivado/vivado_proj_hdmi/zybo_hdmi.gen/sources_1/bd/system/hdl/system_wrapper.v:13]
---------------------------------------------------------------------------------
Finished RTL Elaboration : Time (s): cpu = 00:00:05 ; elapsed = 00:00:05 . Memory (MB): peak = 1492.895 ; gain = 668.340
---------------------------------------------------------------------------------
---------------------------------------------------------------------------------
Start Handling Custom Attributes
---------------------------------------------------------------------------------
---------------------------------------------------------------------------------
Finished Handling Custom Attributes : Time (s): cpu = 00:00:05 ; elapsed = 00:00:05 . Memory (MB): peak = 1492.895 ; gain = 668.340
---------------------------------------------------------------------------------
---------------------------------------------------------------------------------
Finished RTL Optimization Phase 1 : Time (s): cpu = 00:00:05 ; elapsed = 00:00:05 . Memory (MB): peak = 1492.895 ; gain = 668.340
---------------------------------------------------------------------------------
Netlist sorting complete. Time (s): cpu = 00:00:00 ; elapsed = 00:00:00.008 . Memory (MB): peak = 1492.895 ; gain = 0.000
INFO: [Project 1-570] Preparing netlist for logic optimization

Processing XDC Constraints
Initializing timing engine
Parsing XDC File [c:/Users/holy_two/projeto_vivado/space-invaders-fpga/vivado/vivado_proj_hdmi/zybo_hdmi.gen/sources_1/bd/system/ip/system_processing_system7_0_0/system_processing_system7_0_0/system_processing_system7_0_0_in_context.xdc] for cell 'system_i/processing_system7_0'
Finished Parsing XDC File [c:/Users/holy_two/projeto_vivado/space-invaders-fpga/vivado/vivado_proj_hdmi/zybo_hdmi.gen/sources_1/bd/system/ip/system_processing_system7_0_0/system_processing_system7_0_0/system_processing_system7_0_0_in_context.xdc] for cell 'system_i/processing_system7_0'
Parsing XDC File [c:/Users/holy_two/projeto_vivado/space-invaders-fpga/vivado/vivado_proj_hdmi/zybo_hdmi.gen/sources_1/bd/system/ip/system_clk_wiz_0_0/system_clk_wiz_0_0/system_clk_wiz_0_0_in_context.xdc] for cell 'system_i/clk_wiz_0'
Finished Parsing XDC File [c:/Users/holy_two/projeto_vivado/space-invaders-fpga/vivado/vivado_proj_hdmi/zybo_hdmi.gen/sources_1/bd/system/ip/system_clk_wiz_0_0/system_clk_wiz_0_0/system_clk_wiz_0_0_in_context.xdc] for cell 'system_i/clk_wiz_0'
Parsing XDC File [c:/Users/holy_two/projeto_vivado/space-invaders-fpga/vivado/vivado_proj_hdmi/zybo_hdmi.gen/sources_1/bd/system/ip/system_rst_100M_0/system_rst_100M_0/system_rst_100M_0_in_context.xdc] for cell 'system_i/rst_100M'
Finished Parsing XDC File [c:/Users/holy_two/projeto_vivado/space-invaders-fpga/vivado/vivado_proj_hdmi/zybo_hdmi.gen/sources_1/bd/system/ip/system_rst_100M_0/system_rst_100M_0/system_rst_100M_0_in_context.xdc] for cell 'system_i/rst_100M'
Parsing XDC File [c:/Users/holy_two/projeto_vivado/space-invaders-fpga/vivado/vivado_proj_hdmi/zybo_hdmi.gen/sources_1/bd/system/ip/system_rst_pix_0/system_rst_pix_0/system_rst_pix_0_in_context.xdc] for cell 'system_i/rst_pix'
Finished Parsing XDC File [c:/Users/holy_two/projeto_vivado/space-invaders-fpga/vivado/vivado_proj_hdmi/zybo_hdmi.gen/sources_1/bd/system/ip/system_rst_pix_0/system_rst_pix_0/system_rst_pix_0_in_context.xdc] for cell 'system_i/rst_pix'
Parsing XDC File [c:/Users/holy_two/projeto_vivado/space-invaders-fpga/vivado/vivado_proj_hdmi/zybo_hdmi.gen/sources_1/bd/system/ip/system_axi_vdma_0_0/system_axi_vdma_0_0/system_axi_vdma_0_0_in_context.xdc] for cell 'system_i/axi_vdma_0'
Finished Parsing XDC File [c:/Users/holy_two/projeto_vivado/space-invaders-fpga/vivado/vivado_proj_hdmi/zybo_hdmi.gen/sources_1/bd/system/ip/system_axi_vdma_0_0/system_axi_vdma_0_0/system_axi_vdma_0_0_in_context.xdc] for cell 'system_i/axi_vdma_0'
Parsing XDC File [c:/Users/holy_two/projeto_vivado/space-invaders-fpga/vivado/vivado_proj_hdmi/zybo_hdmi.gen/sources_1/bd/system/ip/system_axis_subset_converter_0_0/system_axis_subset_converter_0_0/system_axis_subset_converter_0_0_in_context.xdc] for cell 'system_i/axis_subset_converter_0'
Finished Parsing XDC File [c:/Users/holy_two/projeto_vivado/space-invaders-fpga/vivado/vivado_proj_hdmi/zybo_hdmi.gen/sources_1/bd/system/ip/system_axis_subset_converter_0_0/system_axis_subset_converter_0_0/system_axis_subset_converter_0_0_in_context.xdc] for cell 'system_i/axis_subset_converter_0'
Parsing XDC File [c:/Users/holy_two/projeto_vivado/space-invaders-fpga/vivado/vivado_proj_hdmi/zybo_hdmi.gen/sources_1/bd/system/ip/system_v_tc_0_0/system_v_tc_0_0/system_v_tc_0_0_in_context.xdc] for cell 'system_i/v_tc_0'
Finished Parsing XDC File [c:/Users/holy_two/projeto_vivado/space-invaders-fpga/vivado/vivado_proj_hdmi/zybo_hdmi.gen/sources_1/bd/system/ip/system_v_tc_0_0/system_v_tc_0_0/system_v_tc_0_0_in_context.xdc] for cell 'system_i/v_tc_0'
Parsing XDC File [c:/Users/holy_two/projeto_vivado/space-invaders-fpga/vivado/vivado_proj_hdmi/zybo_hdmi.gen/sources_1/bd/system/ip/system_v_axi4s_vid_out_0_0/system_v_axi4s_vid_out_0_0/system_v_axi4s_vid_out_0_0_in_context.xdc] for cell 'system_i/v_axi4s_vid_out_0'
Finished Parsing XDC File [c:/Users/holy_two/projeto_vivado/space-invaders-fpga/vivado/vivado_proj_hdmi/zybo_hdmi.gen/sources_1/bd/system/ip/system_v_axi4s_vid_out_0_0/system_v_axi4s_vid_out_0_0/system_v_axi4s_vid_out_0_0_in_context.xdc] for cell 'system_i/v_axi4s_vid_out_0'
Parsing XDC File [c:/Users/holy_two/projeto_vivado/space-invaders-fpga/vivado/vivado_proj_hdmi/zybo_hdmi.gen/sources_1/bd/system/ip/system_rgb2dvi_0_0/system_rgb2dvi_0_0/system_rgb2dvi_0_0_in_context.xdc] for cell 'system_i/rgb2dvi_0'
Finished Parsing XDC File [c:/Users/holy_two/projeto_vivado/space-invaders-fpga/vivado/vivado_proj_hdmi/zybo_hdmi.gen/sources_1/bd/system/ip/system_rgb2dvi_0_0/system_rgb2dvi_0_0/system_rgb2dvi_0_0_in_context.xdc] for cell 'system_i/rgb2dvi_0'
Parsing XDC File [c:/Users/holy_two/projeto_vivado/space-invaders-fpga/vivado/vivado_proj_hdmi/zybo_hdmi.gen/sources_1/bd/system/ip/system_axi_gpio_0_0/system_axi_gpio_0_0/system_axi_gpio_0_0_in_context.xdc] for cell 'system_i/axi_gpio_0'
Finished Parsing XDC File [c:/Users/holy_two/projeto_vivado/space-invaders-fpga/vivado/vivado_proj_hdmi/zybo_hdmi.gen/sources_1/bd/system/ip/system_axi_gpio_0_0/system_axi_gpio_0_0/system_axi_gpio_0_0_in_context.xdc] for cell 'system_i/axi_gpio_0'
Parsing XDC File [c:/Users/holy_two/projeto_vivado/space-invaders-fpga/vivado/vivado_proj_hdmi/zybo_hdmi.gen/sources_1/bd/system/ip/system_ps7_0_axi_periph_0/system_ps7_0_axi_periph_0/system_ps7_0_axi_periph_0_in_context.xdc] for cell 'system_i/ps7_0_axi_periph'
Finished Parsing XDC File [c:/Users/holy_two/projeto_vivado/space-invaders-fpga/vivado/vivado_proj_hdmi/zybo_hdmi.gen/sources_1/bd/system/ip/system_ps7_0_axi_periph_0/system_ps7_0_axi_periph_0/system_ps7_0_axi_periph_0_in_context.xdc] for cell 'system_i/ps7_0_axi_periph'
Parsing XDC File [c:/Users/holy_two/projeto_vivado/space-invaders-fpga/vivado/vivado_proj_hdmi/zybo_hdmi.gen/sources_1/bd/system/ip/system_axi_mem_intercon_0/system_axi_mem_intercon_0/system_axi_mem_intercon_0_in_context.xdc] for cell 'system_i/axi_mem_intercon'
Finished Parsing XDC File [c:/Users/holy_two/projeto_vivado/space-invaders-fpga/vivado/vivado_proj_hdmi/zybo_hdmi.gen/sources_1/bd/system/ip/system_axi_mem_intercon_0/system_axi_mem_intercon_0/system_axi_mem_intercon_0_in_context.xdc] for cell 'system_i/axi_mem_intercon'
Parsing XDC File [C:/Users/holy_two/projeto_vivado/space-invaders-fpga/vivado/hdmi.xdc]
Finished Parsing XDC File [C:/Users/holy_two/projeto_vivado/space-invaders-fpga/vivado/hdmi.xdc]
INFO: [Project 1-236] Implementation specific constraints were found while reading constraint file [C:/Users/holy_two/projeto_vivado/space-invaders-fpga/vivado/hdmi.xdc]. These constraints will be ignored for synthesis but will be used in implementation. Impacted constraints are listed in the file [.Xil/system_wrapper_propImpl.xdc].
Resolution: To avoid this warning, move constraints listed in [.Xil/system_wrapper_propImpl.xdc] to another XDC file and exclude this new file from synthesis with the used_in_synthesis property (File Properties dialog in GUI) and re-run elaboration/synthesis.
Parsing XDC File [C:/Users/holy_two/projeto_vivado/space-invaders-fpga/vivado/vivado_proj_hdmi/zybo_hdmi.runs/synth_1/dont_touch.xdc]
Finished Parsing XDC File [C:/Users/holy_two/projeto_vivado/space-invaders-fpga/vivado/vivado_proj_hdmi/zybo_hdmi.runs/synth_1/dont_touch.xdc]
Completed Processing XDC Constraints

Netlist sorting complete. Time (s): cpu = 00:00:00 ; elapsed = 00:00:00 . Memory (MB): peak = 1492.895 ; gain = 0.000
INFO: [Project 1-111] Unisim Transformation Summary:
No Unisim elements were transformed.

Constraint Validation Runtime : Time (s): cpu = 00:00:00 ; elapsed = 00:00:00.012 . Memory (MB): peak = 1492.895 ; gain = 0.000
INFO: [Designutils 20-5440] No compile time benefit to using incremental synthesis; A full resynthesis will be run
INFO: [Designutils 20-4379] Flow is switching to default flow due to incremental criteria not met. If you would like to alter this behaviour and have the flow terminate instead, please set the following parameter config_implementation {autoIncr.Synth.RejectBehavior Terminate}
---------------------------------------------------------------------------------
Finished Constraint Validation : Time (s): cpu = 00:00:11 ; elapsed = 00:00:11 . Memory (MB): peak = 1492.895 ; gain = 668.340
---------------------------------------------------------------------------------
---------------------------------------------------------------------------------
Start Loading Part and Timing Information
---------------------------------------------------------------------------------
Loading part: xc7z020clg400-1
---------------------------------------------------------------------------------
Finished Loading Part and Timing Information : Time (s): cpu = 00:00:11 ; elapsed = 00:00:11 . Memory (MB): peak = 1492.895 ; gain = 668.340
---------------------------------------------------------------------------------
---------------------------------------------------------------------------------
Start Applying 'set_property' XDC Constraints
---------------------------------------------------------------------------------
---------------------------------------------------------------------------------
Finished applying 'set_property' XDC Constraints : Time (s): cpu = 00:00:11 ; elapsed = 00:00:12 . Memory (MB): peak = 1492.895 ; gain = 668.340
---------------------------------------------------------------------------------
---------------------------------------------------------------------------------
Finished RTL Optimization Phase 2 : Time (s): cpu = 00:00:11 ; elapsed = 00:00:12 . Memory (MB): peak = 1492.895 ; gain = 668.340
---------------------------------------------------------------------------------
---------------------------------------------------------------------------------
Start RTL Component Statistics 
---------------------------------------------------------------------------------
Detailed RTL Component Info : 
---------------------------------------------------------------------------------
Finished RTL Component Statistics 
---------------------------------------------------------------------------------
---------------------------------------------------------------------------------
Start Part Resource Summary
---------------------------------------------------------------------------------
Part Resources:
DSPs: 220 (col length:60)
BRAMs: 280 (col length: RAMB18 60 RAMB36 30)
---------------------------------------------------------------------------------
Finished Part Resource Summary
---------------------------------------------------------------------------------
---------------------------------------------------------------------------------
Start Cross Boundary and Area Optimization
---------------------------------------------------------------------------------
---------------------------------------------------------------------------------
Finished Cross Boundary and Area Optimization : Time (s): cpu = 00:00:13 ; elapsed = 00:00:13 . Memory (MB): peak = 1494.078 ; gain = 669.523
---------------------------------------------------------------------------------
---------------------------------------------------------------------------------
Start Applying XDC Timing Constraints
---------------------------------------------------------------------------------
---------------------------------------------------------------------------------
Finished Applying XDC Timing Constraints : Time (s): cpu = 00:00:17 ; elapsed = 00:00:18 . Memory (MB): peak = 1661.164 ; gain = 836.609
---------------------------------------------------------------------------------
---------------------------------------------------------------------------------
Start Timing Optimization
---------------------------------------------------------------------------------
---------------------------------------------------------------------------------
Finished Timing Optimization : Time (s): cpu = 00:00:17 ; elapsed = 00:00:18 . Memory (MB): peak = 1661.727 ; gain = 837.172
---------------------------------------------------------------------------------
---------------------------------------------------------------------------------
Start Technology Mapping
---------------------------------------------------------------------------------
---------------------------------------------------------------------------------
Finished Technology Mapping : Time (s): cpu = 00:00:17 ; elapsed = 00:00:18 . Memory (MB): peak = 1671.949 ; gain = 847.395
---------------------------------------------------------------------------------
---------------------------------------------------------------------------------
Start IO Insertion
---------------------------------------------------------------------------------
---------------------------------------------------------------------------------
Start Flattening Before IO Insertion
---------------------------------------------------------------------------------
---------------------------------------------------------------------------------
Finished Flattening Before IO Insertion
---------------------------------------------------------------------------------
---------------------------------------------------------------------------------
Start Final Netlist Cleanup
---------------------------------------------------------------------------------
---------------------------------------------------------------------------------
Finished Final Netlist Cleanup
---------------------------------------------------------------------------------
---------------------------------------------------------------------------------
Finished IO Insertion : Time (s): cpu = 00:00:20 ; elapsed = 00:00:21 . Memory (MB): peak = 1921.129 ; gain = 1096.574
---------------------------------------------------------------------------------
---------------------------------------------------------------------------------
Start Renaming Generated Instances
---------------------------------------------------------------------------------
---------------------------------------------------------------------------------
Finished Renaming Generated Instances : Time (s): cpu = 00:00:20 ; elapsed = 00:00:21 . Memory (MB): peak = 1921.129 ; gain = 1096.574
---------------------------------------------------------------------------------
---------------------------------------------------------------------------------
Start Rebuilding User Hierarchy
---------------------------------------------------------------------------------
---------------------------------------------------------------------------------
Finished Rebuilding User Hierarchy : Time (s): cpu = 00:00:20 ; elapsed = 00:00:21 . Memory (MB): peak = 1921.129 ; gain = 1096.574
---------------------------------------------------------------------------------
---------------------------------------------------------------------------------
Start Renaming Generated Ports
---------------------------------------------------------------------------------
---------------------------------------------------------------------------------
Finished Renaming Generated Ports : Time (s): cpu = 00:00:20 ; elapsed = 00:00:21 . Memory (MB): peak = 1921.129 ; gain = 1096.574
---------------------------------------------------------------------------------
---------------------------------------------------------------------------------
Start Handling Custom Attributes
---------------------------------------------------------------------------------
---------------------------------------------------------------------------------
Finished Handling Custom Attributes : Time (s): cpu = 00:00:20 ; elapsed = 00:00:21 . Memory (MB): peak = 1921.129 ; gain = 1096.574
---------------------------------------------------------------------------------
---------------------------------------------------------------------------------
Start Renaming Generated Nets
---------------------------------------------------------------------------------
---------------------------------------------------------------------------------
Finished Renaming Generated Nets : Time (s): cpu = 00:00:20 ; elapsed = 00:00:21 . Memory (MB): peak = 1921.129 ; gain = 1096.574
---------------------------------------------------------------------------------
---------------------------------------------------------------------------------
Start Writing Synthesis Report
---------------------------------------------------------------------------------

Report BlackBoxes: 
+------+---------------------------------+----------+
|      |BlackBox name                    |Instances |
+------+---------------------------------+----------+
|1     |system_axi_gpio_0_0              |         1|
|2     |system_axi_mem_intercon_0        |         1|
|3     |system_axi_vdma_0_0              |         1|
|4     |system_axis_subset_converter_0_0 |         1|
|5     |system_clk_wiz_0_0               |         1|
|6     |system_processing_system7_0_0    |         1|
|7     |system_ps7_0_axi_periph_0        |         1|
|8     |system_rgb2dvi_0_0               |         1|
|9     |system_rst_100M_0                |         1|
|10    |system_rst_pix_0                 |         1|
|11    |system_v_axi4s_vid_out_0_0       |         1|
|12    |system_v_tc_0_0                  |         1|
+------+---------------------------------+----------+

Report Cell Usage: 
+------+-------------------------------+------+
|      |Cell                           |Count |
+------+-------------------------------+------+
|1     |system_axi_gpio_0              |     1|
|2     |system_axi_mem_intercon        |     1|
|3     |system_axi_vdma_0              |     1|
|4     |system_axis_subset_converter_0 |     1|
|5     |system_clk_wiz_0               |     1|
|6     |system_processing_system7_0    |     1|
|7     |system_ps7_0_axi_periph        |     1|
|8     |system_rgb2dvi_0               |     1|
|9     |system_rst_100M                |     1|
|10    |system_rst_pix                 |     1|
|11    |system_v_axi4s_vid_out_0       |     1|
|12    |system_v_tc_0                  |     1|
|13    |IBUF                           |     4|
+------+-------------------------------+------+
---------------------------------------------------------------------------------
Finished Writing Synthesis Report : Time (s): cpu = 00:00:20 ; elapsed = 00:00:21 . Memory (MB): peak = 1921.129 ; gain = 1096.574
---------------------------------------------------------------------------------
Synthesis finished with 0 errors, 0 critical warnings and 0 warnings.
Synthesis Optimization Runtime : Time (s): cpu = 00:00:13 ; elapsed = 00:00:19 . Memory (MB): peak = 1921.129 ; gain = 1096.574
Synthesis Optimization Complete : Time (s): cpu = 00:00:20 ; elapsed = 00:00:21 . Memory (MB): peak = 1921.129 ; gain = 1096.574
INFO: [Project 1-571] Translating synthesized netlist
Netlist sorting complete. Time (s): cpu = 00:00:00 ; elapsed = 00:00:00.010 . Memory (MB): peak = 1930.203 ; gain = 0.000
INFO: [Project 1-570] Preparing netlist for logic optimization
INFO: [Opt 31-138] Pushed 0 inverter(s) to 0 load pin(s).
Netlist sorting complete. Time (s): cpu = 00:00:00 ; elapsed = 00:00:00 . Memory (MB): peak = 1933.879 ; gain = 0.000
INFO: [Project 1-111] Unisim Transformation Summary:
No Unisim elements were transformed.

Synth Design complete | Checksum: abdba52e
INFO: [Common 17-83] Releasing license: Synthesis
54 Infos, 50 Warnings, 0 Critical Warnings and 0 Errors encountered.
synth_design completed successfully
synth_design: Time (s): cpu = 00:00:23 ; elapsed = 00:00:26 . Memory (MB): peak = 1933.879 ; gain = 1342.531
Write ShapeDB Complete: Time (s): cpu = 00:00:00 ; elapsed = 00:00:00.001 . Memory (MB): peak = 1933.879 ; gain = 0.000
INFO: [Common 17-1381] The checkpoint 'C:/Users/holy_two/projeto_vivado/space-invaders-fpga/vivado/vivado_proj_hdmi/zybo_hdmi.runs/synth_1/system_wrapper.dcp' has been generated.
INFO: [Vivado 12-24828] Executing command : report_utilization -file system_wrapper_utilization_synth.rpt -pb system_wrapper_utilization_synth.pb
INFO: [Common 17-206] Exiting Vivado at Mon Jun 29 19:34:32 2026...
